Archive member included to satisfy reference by file (symbol)

d:/mounriver/mounriver_studio/toolchain/arm-none-eabi-gcc/bin/../lib/gcc/arm-none-eabi/9.3.1/../../../../arm-none-eabi/lib/thumb/v7-m/nofp\libprintfloat.a(printfloat.o)
                              ./Board_Sample/adc_sample.o (printf)
d:/mounriver/mounriver_studio/toolchain/arm-none-eabi-gcc/bin/../lib/gcc/arm-none-eabi/9.3.1/thumb/v7-m/nofp\libgcc.a(_arm_muldf3.o)
                              ./Board_Component/MPU6050/MPU6050_SOFT/mpu6050_filter.o (__aeabi_dmul)
d:/mounriver/mounriver_studio/toolchain/arm-none-eabi-gcc/bin/../lib/gcc/arm-none-eabi/9.3.1/thumb/v7-m/nofp\libgcc.a(_arm_mulsf3.o)
                              ./Board_Component/MPU6050/MPU6050_SOFT/MahonyAHRS.o (__aeabi_fmul)
d:/mounriver/mounriver_studio/toolchain/arm-none-eabi-gcc/bin/../lib/gcc/arm-none-eabi/9.3.1/thumb/v7-m/nofp\libgcc.a(_arm_addsubdf3.o)
                              ./Board_Component/LADRC/ladrc.o (__aeabi_dsub)
d:/mounriver/mounriver_studio/toolchain/arm-none-eabi-gcc/bin/../lib/gcc/arm-none-eabi/9.3.1/thumb/v7-m/nofp\libgcc.a(_arm_muldivdf3.o)
                              ./Board_Component/VOFA+/vofa.o (__aeabi_ddiv)
d:/mounriver/mounriver_studio/toolchain/arm-none-eabi-gcc/bin/../lib/gcc/arm-none-eabi/9.3.1/thumb/v7-m/nofp\libgcc.a(_arm_cmpdf2.o)
                              ./Board_Component/LADRC/ladrc.o (__aeabi_dcmplt)
d:/mounriver/mounriver_studio/toolchain/arm-none-eabi-gcc/bin/../lib/gcc/arm-none-eabi/9.3.1/thumb/v7-m/nofp\libgcc.a(_arm_truncdfsf2.o)
                              ./Board_Component/MPU6050/MPU6050_SOFT/MahonyAHRS.o (__aeabi_d2f)
d:/mounriver/mounriver_studio/toolchain/arm-none-eabi-gcc/bin/../lib/gcc/arm-none-eabi/9.3.1/thumb/v7-m/nofp\libgcc.a(_arm_addsubsf3.o)
                              ./Board_Component/MPU6050/MPU6050_SOFT/MahonyAHRS.o (__aeabi_fsub)
d:/mounriver/mounriver_studio/toolchain/arm-none-eabi-gcc/bin/../lib/gcc/arm-none-eabi/9.3.1/thumb/v7-m/nofp\libgcc.a(_arm_muldivsf3.o)
                              ./Board_Component/MPU6050/MPU6050_SOFT/mpu6050_filter.o (__aeabi_fdiv)
d:/mounriver/mounriver_studio/toolchain/arm-none-eabi-gcc/bin/../lib/gcc/arm-none-eabi/9.3.1/thumb/v7-m/nofp\libgcc.a(_arm_cmpsf2.o)
                              ./Board_Component/MPU6050/MPU6050_SOFT/MahonyAHRS.o (__aeabi_fcmpeq)
d:/mounriver/mounriver_studio/toolchain/arm-none-eabi-gcc/bin/../lib/gcc/arm-none-eabi/9.3.1/thumb/v7-m/nofp\libgcc.a(_arm_fixsfsi.o)
                              ./Board_Sample/i2c2_mpu6050_sample.o (__aeabi_f2iz)
d:/mounriver/mounriver_studio/toolchain/arm-none-eabi-gcc/bin/../lib/gcc/arm-none-eabi/9.3.1/thumb/v7-m/nofp\libgcc.a(_arm_fixunssfsi.o)
                              ./Board_Component/MPU6050/MPU6050_DMP/eMPL/inv_mpu_dmp_motion_driver.o (__aeabi_f2uiz)
d:/mounriver/mounriver_studio/toolchain/arm-none-eabi-gcc/bin/../lib/gcc/arm-none-eabi/9.3.1/thumb/v7-m/nofp\libgcc.a(_aeabi_ldivmod.o)
                              ./Board_Component/MPU6050/MPU6050_DMP/eMPL/inv_mpu.o (__aeabi_ldivmod)
d:/mounriver/mounriver_studio/toolchain/arm-none-eabi-gcc/bin/../lib/gcc/arm-none-eabi/9.3.1/thumb/v7-m/nofp\libgcc.a(_aeabi_uldivmod.o)
                              ./Board_Component/LVGL/lvgl-8.3.5/src/misc/lv_printf.o (__aeabi_uldivmod)
d:/mounriver/mounriver_studio/toolchain/arm-none-eabi-gcc/bin/../lib/gcc/arm-none-eabi/9.3.1/thumb/v7-m/nofp\libgcc.a(_fixdfdi.o)
                              d:/mounriver/mounriver_studio/toolchain/arm-none-eabi-gcc/bin/../lib/gcc/arm-none-eabi/9.3.1/../../../../arm-none-eabi/lib/thumb/v7-m/nofp\libprintfloat.a(printfloat.o) (__aeabi_d2lz)
d:/mounriver/mounriver_studio/toolchain/arm-none-eabi-gcc/bin/../lib/gcc/arm-none-eabi/9.3.1/thumb/v7-m/nofp\libgcc.a(_fixunsdfdi.o)
                              d:/mounriver/mounriver_studio/toolchain/arm-none-eabi-gcc/bin/../lib/gcc/arm-none-eabi/9.3.1/thumb/v7-m/nofp\libgcc.a(_fixdfdi.o) (__aeabi_d2ulz)
d:/mounriver/mounriver_studio/toolchain/arm-none-eabi-gcc/bin/../lib/gcc/arm-none-eabi/9.3.1/thumb/v7-m/nofp\libgcc.a(_udivmoddi4.o)
                              d:/mounriver/mounriver_studio/toolchain/arm-none-eabi-gcc/bin/../lib/gcc/arm-none-eabi/9.3.1/thumb/v7-m/nofp\libgcc.a(_aeabi_ldivmod.o) (__udivmoddi4)
d:/mounriver/mounriver_studio/toolchain/arm-none-eabi-gcc/bin/../lib/gcc/arm-none-eabi/9.3.1/thumb/v7-m/nofp\libgcc.a(_dvmd_tls.o)
                              d:/mounriver/mounriver_studio/toolchain/arm-none-eabi-gcc/bin/../lib/gcc/arm-none-eabi/9.3.1/thumb/v7-m/nofp\libgcc.a(_aeabi_ldivmod.o) (__aeabi_ldiv0)
d:/mounriver/mounriver_studio/toolchain/arm-none-eabi-gcc/bin/../lib/gcc/arm-none-eabi/9.3.1/thumb/v7-m/nofp\libgcc.a(_arm_fixunsdfsi.o)
                              d:/mounriver/mounriver_studio/toolchain/arm-none-eabi-gcc/bin/../lib/gcc/arm-none-eabi/9.3.1/thumb/v7-m/nofp\libgcc.a(_fixunsdfdi.o) (__aeabi_d2uiz)
[...]
Memory Configuration

Name             Origin             Length             Attributes
FLASH            0x08000000         0x00040000         xr
RAM              0x20000000         0x00010000         xrw
*default*        0x00000000         0xffffffff

Linker script and memory map

LOAD ./User/ch32f20x_it.o
LOAD ./User/info.o
LOAD ./User/main.o
LOAD ./User/system_ch32f20x.o
LOAD ./Startup/startup_ch32f20x_D8.o
LOAD ./Peripheral/src/ch32f20x_adc.o
LOAD ./Peripheral/src/ch32f20x_bkp.o
LOAD ./Peripheral/src/ch32f20x_can.o
LOAD ./Peripheral/src/ch32f20x_crc.o
LOAD ./Peripheral/src/ch32f20x_dac.o
LOAD ./Peripheral/src/ch32f20x_dbgmcu.o
LOAD ./Peripheral/src/ch32f20x_dma.o
LOAD ./Peripheral/src/ch32f20x_dvp.o
LOAD ./Peripheral/src/ch32f20x_exti.o
LOAD ./Peripheral/src/ch32f20x_flash.o
LOAD ./Peripheral/src/ch32f20x_fsmc.o
LOAD ./Peripheral/src/ch32f20x_gpio.o
LOAD ./Peripheral/src/ch32f20x_i2c.o
LOAD ./Peripheral/src/ch32f20x_iwdg.o
LOAD ./Peripheral/src/ch32f20x_misc.o
LOAD ./Peripheral/src/ch32f20x_opa.o
LOAD ./Peripheral/src/ch32f20x_pwr.o
LOAD ./Peripheral/src/ch32f20x_rcc.o
LOAD ./Peripheral/src/ch32f20x_rng.o
LOAD ./Peripheral/src/ch32f20x_rtc.o
LOAD ./Peripheral/src/ch32f20x_sdio.o
LOAD ./Peripheral/src/ch32f20x_spi.o
LOAD ./Peripheral/src/ch32f20x_tim.o
LOAD ./Peripheral/src/ch32f20x_usart.o
LOAD ./Peripheral/src/ch32f20x_wwdg.o
LOAD ./Debug/debug.o
LOAD ./Core/core_cm3.o
LOAD ./Board_Sample/adc_sample.o
LOAD ./Board_Sample/flash_sample.o
LOAD ./Board_Sample/gpio_sample.o
LOAD ./Board_Sample/i2c2_mpu6050_sample.o
LOAD ./Board_Sample/motor_encoder_sample.o
LOAD ./Board_Sample/spi3_lcd_st7735s_sample.o
LOAD ./Board_Sample/uart2_ble_sample.o
LOAD ./Board_Sample/uart6_rs485_sample.o
LOAD ./Board_Drivers/adc.o
LOAD ./Board_Drivers/drv_def.o
LOAD ./Board_Drivers/i2c2.o
LOAD ./Board_Drivers/key.o
LOAD ./Board_Drivers/led.o
LOAD ./Board_Drivers/spi2.o
LOAD ./Board_Drivers/spi3.o
LOAD ./Board_Drivers/timer2.o
LOAD ./Board_Drivers/timer3.o
LOAD ./Board_Drivers/timer4.o
LOAD ./Board_Drivers/timer5.o
LOAD ./Board_Drivers/timer6.o
LOAD ./Board_Drivers/timer7.o
LOAD ./Board_Drivers/timer8.o
LOAD ./Board_Drivers/timer9.o
LOAD ./Board_Drivers/uart2.o
LOAD ./Board_Drivers/uart4.o
LOAD ./Board_Drivers/uart6.o
LOAD ./Board_Drivers/uart7.o
LOAD ./Board_Drivers/uart8.o
LOAD ./Board_Component/VOFA+/vofa.o
LOAD ./Board_Component/USR_printf/usr_printf.o
LOAD ./Board_Component/TFT_ST7735S/tft_st7735s.o
LOAD ./Board_Component/Simulation/simulation.o
LOAD ./Board_Component/SFUD/src/sfud.o
LOAD ./Board_Component/SFUD/src/sfud_sfdp.o
LOAD ./Board_Component/SFUD/port/sfud_port.o
LOAD ./Board_Component/MultiTimer/MultiTimer.o
LOAD ./Board_Component/MPU6050/MPU6050_SOFT/MahonyAHRS.o
LOAD ./Board_Component/MPU6050/MPU6050_SOFT/mpu6050_filter.o
LOAD ./Board_Component/MPU6050/MPU6050_SOFT/mpu6050_soft.o
LOAD ./Board_Component/MPU6050/MPU6050_DMP/eMPL/inv_mpu.o
LOAD ./Board_Component/MPU6050/MPU6050_DMP/eMPL/inv_mpu_dmp_motion_driver.o
LOAD ./Board_Component/MPU6050/MPU6050_DMP/Driver/mpu6050_dmp.o
LOAD ./Board_Component/Letter_Shell/log.o
LOAD ./Board_Component/Letter_Shell/lshell_port.o
LOAD ./Board_Component/Letter_Shell/shell.o
LOAD ./Board_Component/Letter_Shell/shell_cmd_list.o
LOAD ./Board_Component/Letter_Shell/shell_companion.o
LOAD ./Board_Component/Letter_Shell/shell_ext.o
LOAD ./Board_Component/LVGL/lvgl-8.3.5/src/widgets/lv_arc.o
LOAD ./Board_Component/LVGL/lvgl-8.3.5/src/widgets/lv_bar.o
LOAD ./Board_Component/LVGL/lvgl-8.3.5/src/widgets/lv_btn.o
LOAD ./Board_Component/LVGL/lvgl-8.3.5/src/widgets/lv_btnmatrix.o
LOAD ./Board_Component/LVGL/lvgl-8.3.5/src/widgets/lv_canvas.o
LOAD ./Board_Component/LVGL/lvgl-8.3.5/src/widgets/lv_checkbox.o
LOAD ./Board_Component/LVGL/lvgl-8.3.5/src/widgets/lv_dropdown.o
LOAD ./Board_Component/LVGL/lvgl-8.3.5/src/widgets/lv_img.o
LOAD ./Board_Component/LVGL/lvgl-8.3.5/src/widgets/lv_label.o
LOAD ./Board_Component/LVGL/lvgl-8.3.5/src/widgets/lv_line.o
LOAD ./Board_Component/LVGL/lvgl-8.3.5/src/widgets/lv_objx_templ.o
LOAD ./Board_Component/LVGL/lvgl-8.3.5/src/widgets/lv_roller.o
LOAD ./Board_Component/LVGL/lvgl-8.3.5/src/widgets/lv_slider.o
LOAD ./Board_Component/LVGL/lvgl-8.3.5/src/widgets/lv_switch.o
LOAD ./Board_Component/LVGL/lvgl-8.3.5/src/widgets/lv_table.o
LOAD ./Board_Component/LVGL/lvgl-8.3.5/src/widgets/lv_textarea.o
LOAD ./Board_Component/LVGL/lvgl-8.3.5/src/misc/lv_anim.o
LOAD ./Board_Component/LVGL/lvgl-8.3.5/src/misc/lv_anim_timeline.o
LOAD ./Board_Component/LVGL/lvgl-8.3.5/src/misc/lv_area.o
LOAD ./Board_Component/LVGL/lvgl-8.3.5/src/misc/lv_async.o
LOAD ./Board_Component/LVGL/lvgl-8.3.5/src/misc/lv_bidi.o
LOAD ./Board_Component/LVGL/lvgl-8.3.5/src/misc/lv_color.o
LOAD ./Board_Component/LVGL/lvgl-8.3.5/src/misc/lv_fs.o
LOAD ./Board_Component/LVGL/lvgl-8.3.5/src/misc/lv_gc.o
LOAD ./Board_Component/LVGL/lvgl-8.3.5/src/misc/lv_ll.o
LOAD ./Board_Component/LVGL/lvgl-8.3.5/src/misc/lv_log.o
LOAD ./Board_Component/LVGL/lvgl-8.3.5/src/misc/lv_lru.o
LOAD ./Board_Component/LVGL/lvgl-8.3.5/src/misc/lv_math.o
LOAD ./Board_Component/LVGL/lvgl-8.3.5/src/misc/lv_mem.o
LOAD ./Board_Component/LVGL/lvgl-8.3.5/src/misc/lv_printf.o
LOAD ./Board_Component/LVGL/lvgl-8.3.5/src/misc/lv_style.o
LOAD ./Board_Component/LVGL/lvgl-8.3.5/src/misc/lv_style_gen.o
LOAD ./Board_Component/LVGL/lvgl-8.3.5/src/misc/lv_templ.o
LOAD ./Board_Component/LVGL/lvgl-8.3.5/src/misc/lv_timer.o
LOAD ./Board_Component/LVGL/lvgl-8.3.5/src/misc/lv_tlsf.o
LOAD ./Board_Component/LVGL/lvgl-8.3.5/src/misc/lv_txt.o
LOAD ./Board_Component/LVGL/lvgl-8.3.5/src/misc/lv_txt_ap.o
LOAD ./Board_Component/LVGL/lvgl-8.3.5/src/misc/lv_utils.o
LOAD ./Board_Component/LVGL/lvgl-8.3.5/src/hal/lv_hal_disp.o
LOAD ./Board_Component/LVGL/lvgl-8.3.5/src/hal/lv_hal_indev.o
LOAD ./Board_Component/LVGL/lvgl-8.3.5/src/hal/lv_hal_tick.o
LOAD ./Board_Component/LVGL/lvgl-8.3.5/src/font/lv_font.o
LOAD ./Board_Component/LVGL/lvgl-8.3.5/src/font/lv_font_dejavu_16_persian_hebrew.o
LOAD ./Board_Component/LVGL/lvgl-8.3.5/src/font/lv_font_fmt_txt.o
LOAD ./Board_Component/LVGL/lvgl-8.3.5/src/font/lv_font_loader.o
LOAD ./Board_Component/LVGL/lvgl-8.3.5/src/font/lv_font_montserrat_10.o
LOAD ./Board_Component/LVGL/lvgl-8.3.5/src/font/lv_font_montserrat_12.o
LOAD ./Board_Component/LVGL/lvgl-8.3.5/src/font/lv_font_montserrat_12_subpx.o
LOAD ./Board_Component/LVGL/lvgl-8.3.5/src/font/lv_font_montserrat_14.o
LOAD ./Board_Component/LVGL/lvgl-8.3.5/src/font/lv_font_montserrat_16.o
LOAD ./Board_Component/LVGL/lvgl-8.3.5/src/font/lv_font_montserrat_18.o
LOAD ./Board_Component/LVGL/lvgl-8.3.5/src/font/lv_font_montserrat_20.o
LOAD ./Board_Component/LVGL/lvgl-8.3.5/src/font/lv_font_montserrat_22.o
LOAD ./Board_Component/LVGL/lvgl-8.3.5/src/font/lv_font_montserrat_24.o
LOAD ./Board_Component/LVGL/lvgl-8.3.5/src/font/lv_font_montserrat_26.o
LOAD ./Board_Component/LVGL/lvgl-8.3.5/src/font/lv_font_montserrat_28.o
LOAD ./Board_Component/LVGL/lvgl-8.3.5/src/font/lv_font_montserrat_28_compressed.o
LOAD ./Board_Component/LVGL/lvgl-8.3.5/src/font/lv_font_montserrat_30.o
LOAD ./Board_Component/LVGL/lvgl-8.3.5/src/font/lv_font_montserrat_32.o
LOAD ./Board_Component/LVGL/lvgl-8.3.5/src/font/lv_font_montserrat_34.o
LOAD ./Board_Component/LVGL/lvgl-8.3.5/src/font/lv_font_montserrat_36.o
LOAD ./Board_Component/LVGL/lvgl-8.3.5/src/font/lv_font_montserrat_38.o
LOAD ./Board_Component/LVGL/lvgl-8.3.5/src/font/lv_font_montserrat_40.o
LOAD ./Board_Component/LVGL/lvgl-8.3.5/src/font/lv_font_montserrat_42.o
LOAD ./Board_Component/LVGL/lvgl-8.3.5/src/font/lv_font_montserrat_44.o
LOAD ./Board_Component/LVGL/lvgl-8.3.5/src/font/lv_font_montserrat_46.o
LOAD ./Board_Component/LVGL/lvgl-8.3.5/src/font/lv_font_montserrat_48.o
LOAD ./Board_Component/LVGL/lvgl-8.3.5/src/font/lv_font_montserrat_8.o
LOAD ./Board_Component/LVGL/lvgl-8.3.5/src/font/lv_font_simsun_16_cjk.o
LOAD ./Board_Component/LVGL/lvgl-8.3.5/src/font/lv_font_unscii_16.o
LOAD ./Board_Component/LVGL/lvgl-8.3.5/src/font/lv_font_unscii_8.o
LOAD ./Board_Component/LVGL/lvgl-8.3.5/src/extra/widgets/win/lv_win.o
LOAD ./Board_Component/LVGL/lvgl-8.3.5/src/extra/widgets/tileview/lv_tileview.o
LOAD ./Board_Component/LVGL/lvgl-8.3.5/src/extra/widgets/tabview/lv_tabview.o
LOAD ./Board_Component/LVGL/lvgl-8.3.5/src/extra/widgets/spinner/lv_spinner.o
LOAD ./Board_Component/LVGL/lvgl-8.3.5/src/extra/widgets/spinbox/lv_spinbox.o
LOAD ./Board_Component/LVGL/lvgl-8.3.5/src/extra/widgets/span/lv_span.o
LOAD ./Board_Component/LVGL/lvgl-8.3.5/src/extra/widgets/msgbox/lv_msgbox.o
LOAD ./Board_Component/LVGL/lvgl-8.3.5/src/extra/widgets/meter/lv_meter.o
LOAD ./Board_Component/LVGL/lvgl-8.3.5/src/extra/widgets/menu/lv_menu.o
LOAD ./Board_Component/LVGL/lvgl-8.3.5/src/extra/widgets/list/lv_list.o
LOAD ./Board_Component/LVGL/lvgl-8.3.5/src/extra/widgets/led/lv_led.o
LOAD ./Board_Component/LVGL/lvgl-8.3.5/src/extra/widgets/keyboard/lv_keyboard.o
LOAD ./Board_Component/LVGL/lvgl-8.3.5/src/extra/widgets/imgbtn/lv_imgbtn.o
LOAD ./Board_Component/LVGL/lvgl-8.3.5/src/extra/widgets/colorwheel/lv_colorwheel.o
LOAD ./Board_Component/LVGL/lvgl-8.3.5/src/extra/widgets/chart/lv_chart.o
LOAD ./Board_Component/LVGL/lvgl-8.3.5/src/extra/widgets/calendar/lv_calendar.o
LOAD ./Board_Component/LVGL/lvgl-8.3.5/src/extra/widgets/calendar/lv_calendar_header_arrow.o
LOAD ./Board_Component/LVGL/lvgl-8.3.5/src/extra/widgets/calendar/lv_calendar_header_dropdown.o
LOAD ./Board_Component/LVGL/lvgl-8.3.5/src/extra/widgets/animimg/lv_animimg.o
LOAD ./Board_Component/LVGL/lvgl-8.3.5/src/extra/themes/mono/lv_theme_mono.o
LOAD ./Board_Component/LVGL/lvgl-8.3.5/src/extra/themes/default/lv_theme_default.o
LOAD ./Board_Component/LVGL/lvgl-8.3.5/src/extra/themes/basic/lv_theme_basic.o
LOAD ./Board_Component/LVGL/lvgl-8.3.5/src/extra/others/snapshot/lv_snapshot.o
LOAD ./Board_Component/LVGL/lvgl-8.3.5/src/extra/others/msg/lv_msg.o
LOAD ./Board_Component/LVGL/lvgl-8.3.5/src/extra/others/monkey/lv_monkey.o
LOAD ./Board_Component/LVGL/lvgl-8.3.5/src/extra/others/imgfont/lv_imgfont.o
LOAD ./Board_Component/LVGL/lvgl-8.3.5/src/extra/others/ime/lv_ime_pinyin.o
LOAD ./Board_Component/LVGL/lvgl-8.3.5/src/extra/others/gridnav/lv_gridnav.o
LOAD ./Board_Component/LVGL/lvgl-8.3.5/src/extra/others/fragment/lv_fragment.o
LOAD ./Board_Component/LVGL/lvgl-8.3.5/src/extra/others/fragment/lv_fragment_manager.o
LOAD ./Board_Component/LVGL/lvgl-8.3.5/src/extra/libs/sjpg/lv_sjpg.o
LOAD ./Board_Component/LVGL/lvgl-8.3.5/src/extra/libs/sjpg/tjpgd.o
LOAD ./Board_Component/LVGL/lvgl-8.3.5/src/extra/libs/rlottie/lv_rlottie.o
LOAD ./Board_Component/LVGL/lvgl-8.3.5/src/extra/libs/qrcode/lv_qrcode.o
LOAD ./Board_Component/LVGL/lvgl-8.3.5/src/extra/libs/qrcode/qrcodegen.o
LOAD ./Board_Component/LVGL/lvgl-8.3.5/src/extra/libs/png/lodepng.o
LOAD ./Board_Component/LVGL/lvgl-8.3.5/src/extra/libs/png/lv_png.o
LOAD ./Board_Component/LVGL/lvgl-8.3.5/src/extra/libs/gif/gifdec.o
LOAD ./Board_Component/LVGL/lvgl-8.3.5/src/extra/libs/gif/lv_gif.o
LOAD ./Board_Component/LVGL/lvgl-8.3.5/src/extra/libs/fsdrv/lv_fs_fatfs.o
LOAD ./Board_Component/LVGL/lvgl-8.3.5/src/extra/libs/fsdrv/lv_fs_posix.o
LOAD ./Board_Component/LVGL/lvgl-8.3.5/src/extra/libs/fsdrv/lv_fs_stdio.o
LOAD ./Board_Component/LVGL/lvgl-8.3.5/src/extra/libs/fsdrv/lv_fs_win32.o
LOAD ./Board_Component/LVGL/lvgl-8.3.5/src/extra/libs/freetype/lv_freetype.o
LOAD ./Board_Component/LVGL/lvgl-8.3.5/src/extra/libs/ffmpeg/lv_ffmpeg.o
LOAD ./Board_Component/LVGL/lvgl-8.3.5/src/extra/libs/bmp/lv_bmp.o
LOAD ./Board_Component/LVGL/lvgl-8.3.5/src/extra/layouts/grid/lv_grid.o
LOAD ./Board_Component/LVGL/lvgl-8.3.5/src/extra/layouts/flex/lv_flex.o
LOAD ./Board_Component/LVGL/lvgl-8.3.5/src/extra/lv_extra.o
LOAD ./Board_Component/LVGL/lvgl-8.3.5/src/draw/swm341_dma2d/lv_gpu_swm341_dma2d.o
LOAD ./Board_Component/LVGL/lvgl-8.3.5/src/draw/sw/lv_draw_sw.o
LOAD ./Board_Component/LVGL/lvgl-8.3.5/src/draw/sw/lv_draw_sw_arc.o
LOAD ./Board_Component/LVGL/lvgl-8.3.5/src/draw/sw/lv_draw_sw_blend.o
LOAD ./Board_Component/LVGL/lvgl-8.3.5/src/draw/sw/lv_draw_sw_dither.o
LOAD ./Board_Component/LVGL/lvgl-8.3.5/src/draw/sw/lv_draw_sw_gradient.o
LOAD ./Board_Component/LVGL/lvgl-8.3.5/src/draw/sw/lv_draw_sw_img.o
LOAD ./Board_Component/LVGL/lvgl-8.3.5/src/draw/sw/lv_draw_sw_layer.o
LOAD ./Board_Component/LVGL/lvgl-8.3.5/src/draw/sw/lv_draw_sw_letter.o
LOAD ./Board_Component/LVGL/lvgl-8.3.5/src/draw/sw/lv_draw_sw_line.o
LOAD ./Board_Component/LVGL/lvgl-8.3.5/src/draw/sw/lv_draw_sw_polygon.o
LOAD ./Board_Component/LVGL/lvgl-8.3.5/src/draw/sw/lv_draw_sw_rect.o
LOAD ./Board_Component/LVGL/lvgl-8.3.5/src/draw/sw/lv_draw_sw_transform.o
LOAD ./Board_Component/LVGL/lvgl-8.3.5/src/draw/stm32_dma2d/lv_gpu_stm32_dma2d.o
LOAD ./Board_Component/LVGL/lvgl-8.3.5/src/draw/sdl/lv_draw_sdl.o
LOAD ./Board_Component/LVGL/lvgl-8.3.5/src/draw/sdl/lv_draw_sdl_arc.o
LOAD ./Board_Component/LVGL/lvgl-8.3.5/src/draw/sdl/lv_draw_sdl_bg.o
LOAD ./Board_Component/LVGL/lvgl-8.3.5/src/draw/sdl/lv_draw_sdl_composite.o
LOAD ./Board_Component/LVGL/lvgl-8.3.5/src/draw/sdl/lv_draw_sdl_img.o
LOAD ./Board_Component/LVGL/lvgl-8.3.5/src/draw/sdl/lv_draw_sdl_label.o
LOAD ./Board_Component/LVGL/lvgl-8.3.5/src/draw/sdl/lv_draw_sdl_layer.o
LOAD ./Board_Component/LVGL/lvgl-8.3.5/src/draw/sdl/lv_draw_sdl_line.o
LOAD ./Board_Component/LVGL/lvgl-8.3.5/src/draw/sdl/lv_draw_sdl_mask.o
LOAD ./Board_Component/LVGL/lvgl-8.3.5/src/draw/sdl/lv_draw_sdl_polygon.o
LOAD ./Board_Component/LVGL/lvgl-8.3.5/src/draw/sdl/lv_draw_sdl_rect.o
LOAD ./Board_Component/LVGL/lvgl-8.3.5/src/draw/sdl/lv_draw_sdl_stack_blur.o
LOAD ./Board_Component/LVGL/lvgl-8.3.5/src/draw/sdl/lv_draw_sdl_texture_cache.o
LOAD ./Board_Component/LVGL/lvgl-8.3.5/src/draw/sdl/lv_draw_sdl_utils.o
LOAD ./Board_Component/LVGL/lvgl-8.3.5/src/draw/nxp/vglite/lv_draw_vglite.o
LOAD ./Board_Component/LVGL/lvgl-8.3.5/src/draw/nxp/vglite/lv_draw_vglite_arc.o
LOAD ./Board_Component/LVGL/lvgl-8.3.5/src/draw/nxp/vglite/lv_draw_vglite_blend.o
LOAD ./Board_Component/LVGL/lvgl-8.3.5/src/draw/nxp/vglite/lv_draw_vglite_line.o
LOAD ./Board_Component/LVGL/lvgl-8.3.5/src/draw/nxp/vglite/lv_draw_vglite_rect.o
LOAD ./Board_Component/LVGL/lvgl-8.3.5/src/draw/nxp/vglite/lv_vglite_buf.o
LOAD ./Board_Component/LVGL/lvgl-8.3.5/src/draw/nxp/vglite/lv_vglite_utils.o
LOAD ./Board_Component/LVGL/lvgl-8.3.5/src/draw/nxp/pxp/lv_draw_pxp.o
LOAD ./Board_Component/LVGL/lvgl-8.3.5/src/draw/nxp/pxp/lv_draw_pxp_blend.o
LOAD ./Board_Component/LVGL/lvgl-8.3.5/src/draw/nxp/pxp/lv_gpu_nxp_pxp.o
LOAD ./Board_Component/LVGL/lvgl-8.3.5/src/draw/nxp/pxp/lv_gpu_nxp_pxp_osa.o
LOAD ./Board_Component/LVGL/lvgl-8.3.5/src/draw/arm2d/lv_gpu_arm2d.o
LOAD ./Board_Component/LVGL/lvgl-8.3.5/src/draw/lv_draw.o
LOAD ./Board_Component/LVGL/lvgl-8.3.5/src/draw/lv_draw_arc.o
LOAD ./Board_Component/LVGL/lvgl-8.3.5/src/draw/lv_draw_img.o
LOAD ./Board_Component/LVGL/lvgl-8.3.5/src/draw/lv_draw_label.o
LOAD ./Board_Component/LVGL/lvgl-8.3.5/src/draw/lv_draw_layer.o
LOAD ./Board_Component/LVGL/lvgl-8.3.5/src/draw/lv_draw_line.o
LOAD ./Board_Component/LVGL/lvgl-8.3.5/src/draw/lv_draw_mask.o
LOAD ./Board_Component/LVGL/lvgl-8.3.5/src/draw/lv_draw_rect.o
LOAD ./Board_Component/LVGL/lvgl-8.3.5/src/draw/lv_draw_transform.o
LOAD ./Board_Component/LVGL/lvgl-8.3.5/src/draw/lv_draw_triangle.o
LOAD ./Board_Component/LVGL/lvgl-8.3.5/src/draw/lv_img_buf.o
LOAD ./Board_Component/LVGL/lvgl-8.3.5/src/draw/lv_img_cache.o
LOAD ./Board_Component/LVGL/lvgl-8.3.5/src/draw/lv_img_decoder.o
LOAD ./Board_Component/LVGL/lvgl-8.3.5/src/core/lv_disp.o
LOAD ./Board_Component/LVGL/lvgl-8.3.5/src/core/lv_event.o
LOAD ./Board_Component/LVGL/lvgl-8.3.5/src/core/lv_group.o
LOAD ./Board_Component/LVGL/lvgl-8.3.5/src/core/lv_indev.o
LOAD ./Board_Component/LVGL/lvgl-8.3.5/src/core/lv_indev_scroll.o
LOAD ./Board_Component/LVGL/lvgl-8.3.5/src/core/lv_obj.o
LOAD ./Board_Component/LVGL/lvgl-8.3.5/src/core/lv_obj_class.o
LOAD ./Board_Component/LVGL/lvgl-8.3.5/src/core/lv_obj_draw.o
LOAD ./Board_Component/LVGL/lvgl-8.3.5/src/core/lv_obj_pos.o
LOAD ./Board_Component/LVGL/lvgl-8.3.5/src/core/lv_obj_scroll.o
LOAD ./Board_Component/LVGL/lvgl-8.3.5/src/core/lv_obj_style.o
LOAD ./Board_Component/LVGL/lvgl-8.3.5/src/core/lv_obj_style_gen.o
LOAD ./Board_Component/LVGL/lvgl-8.3.5/src/core/lv_obj_tree.o
LOAD ./Board_Component/LVGL/lvgl-8.3.5/src/core/lv_refr.o
LOAD ./Board_Component/LVGL/lvgl-8.3.5/src/core/lv_theme.o
LOAD ./Board_Component/LVGL/lvgl-8.3.5/examples/porting/lv_port_disp.o
LOAD ./Board_Component/LVGL/lvgl-8.3.5/examples/porting/lv_port_fs.o
LOAD ./Board_Component/LVGL/lvgl-8.3.5/examples/porting/lv_port_indev.o
LOAD ./Board_Component/LADRC/ladrc.o
LOAD ./Board_Component/FLASH_W25Q16/flash_w25q16.o
LOAD ./Board_Component/Encoder_Speed/encoder_speed.o
LOAD ./Board_Component/CherryRB/chry_ringbuffer.o
LOAD d:/mounriver/mounriver_studio/toolchain/arm-none-eabi-gcc/bin/../lib/gcc/arm-none-eabi/9.3.1/../../../../arm-none-eabi/lib/thumb/v7-m/nofp\libprintfloat.a
START GROUP
LOAD d:/mounriver/mounriver_studio/toolchain/arm-none-eabi-gcc/bin/../lib/gcc/arm-none-eabi/9.3.1/thumb/v7-m/nofp\libgcc.a
LOAD d:/mounriver/mounriver_studio/toolchain/arm-none-eabi-gcc/bin/../lib/gcc/arm-none-eabi/9.3.1/../../../../arm-none-eabi/lib/thumb/v7-m/nofp\libg_nano.a
LOAD d:/mounriver/mounriver_studio/toolchain/arm-none-eabi-gcc/bin/../lib/gcc/arm-none-eabi/9.3.1/../../../../arm-none-eabi/lib/thumb/v7-m/nofp\libc_nano.a
END GROUP
START GROUP
LOAD d:/mounriver/mounriver_studio/toolchain/arm-none-eabi-gcc/bin/../lib/gcc/arm-none-eabi/9.3.1/thumb/v7-m/nofp\libgcc.a
LOAD d:/mounriver/mounriver_studio/toolchain/arm-none-eabi-gcc/bin/../lib/gcc/arm-none-eabi/9.3.1/../../../../arm-none-eabi/lib/thumb/v7-m/nofp\libc_nano.a
LOAD d:/mounriver/mounriver_studio/toolchain/arm-none-eabi-gcc/bin/../lib/gcc/arm-none-eabi/9.3.1/../../../../arm-none-eabi/lib/thumb/v7-m/nofp\libnosys.a
END GROUP
START GROUP
LOAD d:/mounriver/mounriver_studio/toolchain/arm-none-eabi-gcc/bin/../lib/gcc/arm-none-eabi/9.3.1/thumb/v7-m/nofp\libgcc.a
LOAD d:/mounriver/mounriver_studio/toolchain/arm-none-eabi-gcc/bin/../lib/gcc/arm-none-eabi/9.3.1/../../../../arm-none-eabi/lib/thumb/v7-m/nofp\libc_nano.a
LOAD d:/mounriver/mounriver_studio/toolchain/arm-none-eabi-gcc/bin/../lib/gcc/arm-none-eabi/9.3.1/../../../../arm-none-eabi/lib/thumb/v7-m/nofp\libnosys.a
END GROUP
                0x20008000                _estack = 0x20008000
                0x00000200                _Min_Heap_Size = 0x200
                0x00000400                _Min_Stack_Size = 0x400

.isr_vector     0x08000000      0x1a0
                0x08000000                . = ALIGN (0x4)
 *(.isr_vector)
 .isr_vector    0x08000000      0x1a0 ./Startup/startup_ch32f20x_D8.o
                0x08000000                g_pfnVectors
                0x080001a0                . = ALIGN (0x4)

.text           0x080001a0     0x9fe0
                0x080001a0                . = ALIGN (0x4)
 *(.text)
 .text          0x080001a0      0x378 d:/mounriver/mounriver_studio/toolchain/arm-none-eabi-gcc/bin/../lib/gcc/arm-none-eabi/9.3.1/thumb/v7-m/nofp\libgcc.a(_arm_addsubdf3.o)
                0x080001a0                __aeabi_drsub
                0x080001a8                __aeabi_dsub
                0x080001a8                __subdf3
                0x080001ac                __aeabi_dadd
                0x080001ac                __adddf3
                0x08000424                __floatunsidf
                0x08000424                __aeabi_ui2d
                0x08000444                __floatsidf
                0x08000444                __aeabi_i2d
                0x08000468                __aeabi_f2d
                0x08000468                __extendsfdf2
                0x080004ac                __floatundidf
                0x080004ac                __aeabi_ul2d
                0x080004bc                __floatdidf
                0x080004bc                __aeabi_l2d
 .text          0x08000518      0x424 d:/mounriver/mounriver_studio/toolchain/arm-none-eabi-gcc/bin/../lib/gcc/arm-none-eabi/9.3.1/thumb/v7-m/nofp\libgcc.a(_arm_muldivdf3.o)
                0x08000518                __aeabi_dmul
                0x08000518                __muldf3
                0x0800076c                __divdf3
                0x0800076c                __aeabi_ddiv
 .text          0x0800093c      0x110 d:/mounriver/mounriver_studio/toolchain/arm-none-eabi-gcc/bin/../lib/gcc/arm-none-eabi/9.3.1/thumb/v7-m/nofp\libgcc.a(_arm_cmpdf2.o)
                0x0800093c                __gtdf2
                0x0800093c                __gedf2
                0x08000944                __ltdf2
                0x08000944                __ledf2
                0x0800094c                __nedf2
                0x0800094c                __eqdf2
                0x0800094c                __cmpdf2
                0x080009c8                __aeabi_cdrcmple
                0x080009d8                __aeabi_cdcmpeq
                0x080009d8                __aeabi_cdcmple
                0x080009e8                __aeabi_dcmpeq
                0x080009fc                __aeabi_dcmplt
                0x08000a10                __aeabi_dcmple
                0x08000a24                __aeabi_dcmpge
                0x08000a38                __aeabi_dcmpgt
 .text          0x08000a4c       0xa0 d:/mounriver/mounriver_studio/toolchain/arm-none-eabi-gcc/bin/../lib/gcc/arm-none-eabi/9.3.1/thumb/v7-m/nofp\libgcc.a(_arm_truncdfsf2.o)
                0x08000a4c                __truncdfsf2
                0x08000a4c                __aeabi_d2f
 .text          0x08000aec      0x21c d:/mounriver/mounriver_studio/toolchain/arm-none-eabi-gcc/bin/../lib/gcc/arm-none-eabi/9.3.1/thumb/v7-m/nofp\libgcc.a(_arm_addsubsf3.o)
                0x08000aec                __aeabi_frsub
                0x08000af4                __subsf3
                0x08000af4                __aeabi_fsub
                0x08000af8                __aeabi_fadd
                0x08000af8                __addsf3
                0x08000c58                __aeabi_ui2f
                0x08000c58                __floatunsisf
                0x08000c60                __aeabi_i2f
                0x08000c60                __floatsisf
                0x08000c7c                __aeabi_ul2f
                0x08000c7c                __floatundisf
                0x08000c8c                __aeabi_l2f
                0x08000c8c                __floatdisf
 .text          0x08000d08      0x2a0 d:/mounriver/mounriver_studio/toolchain/arm-none-eabi-gcc/bin/../lib/gcc/arm-none-eabi/9.3.1/thumb/v7-m/nofp\libgcc.a(_arm_muldivsf3.o)
                0x08000d08                __mulsf3
                0x08000d08                __aeabi_fmul
                0x08000e70                __aeabi_fdiv
                0x08000e70                __divsf3
 .text          0x08000fa8       0xec d:/mounriver/mounriver_studio/toolchain/arm-none-eabi-gcc/bin/../lib/gcc/arm-none-eabi/9.3.1/thumb/v7-m/nofp\libgcc.a(_arm_cmpsf2.o)
                0x08000fa8                __gesf2
                0x08000fa8                __gtsf2
                0x08000fb0                __lesf2
                0x08000fb0                __ltsf2
                0x08000fb8                __nesf2
                0x08000fb8                __eqsf2
                0x08000fb8                __cmpsf2
                0x08001018                __aeabi_cfrcmple
                0x08001020                __aeabi_cfcmpeq
                0x08001020                __aeabi_cfcmple
                0x08001030                __aeabi_fcmpeq
                0x08001044                __aeabi_fcmplt
                0x08001058                __aeabi_fcmple
                0x0800106c                __aeabi_fcmpge
                0x08001080                __aeabi_fcmpgt
 .text          0x08001094       0x4c d:/mounriver/mounriver_studio/toolchain/arm-none-eabi-gcc/bin/../lib/gcc/arm-none-eabi/9.3.1/thumb/v7-m/nofp\libgcc.a(_arm_fixsfsi.o)
                0x08001094                __aeabi_f2iz
                0x08001094                __fixsfsi
 .text          0x080010e0       0x30 d:/mounriver/mounriver_studio/toolchain/arm-none-eabi-gcc/bin/../lib/gcc/arm-none-eabi/9.3.1/thumb/v7-m/nofp\libgcc.a(_aeabi_uldivmod.o)
                0x080010e0                __aeabi_uldivmod
 .text          0x08001110       0x34 d:/mounriver/mounriver_studio/toolchain/arm-none-eabi-gcc/bin/../lib/gcc/arm-none-eabi/9.3.1/thumb/v7-m/nofp\libgcc.a(_fixdfdi.o)
                0x08001110                __fixdfdi
                0x08001110                __aeabi_d2lz
 .text          0x08001144       0x3c d:/mounriver/mounriver_studio/toolchain/arm-none-eabi-gcc/bin/../lib/gcc/arm-none-eabi/9.3.1/thumb/v7-m/nofp\libgcc.a(_fixunsdfdi.o)
                0x08001144                __fixunsdfdi
                0x08001144                __aeabi_d2ulz
 .text          0x08001180      0x2c4 d:/mounriver/mounriver_studio/toolchain/arm-none-eabi-gcc/bin/../lib/gcc/arm-none-eabi/9.3.1/thumb/v7-m/nofp\libgcc.a(_udivmoddi4.o)
                0x08001180                __udivmoddi4
 .text          0x08001444        0x4 d:/mounriver/mounriver_studio/toolchain/arm-none-eabi-gcc/bin/../lib/gcc/arm-none-eabi/9.3.1/thumb/v7-m/nofp\libgcc.a(_dvmd_tls.o)
                0x08001444                __aeabi_idiv0
                0x08001444                __aeabi_ldiv0
 .text          0x08001448       0x40 d:/mounriver/mounriver_studio/toolchain/arm-none-eabi-gcc/bin/../lib/gcc/arm-none-eabi/9.3.1/thumb/v7-m/nofp\libgcc.a(_arm_fixunsdfsi.o)
                0x08001448                __aeabi_d2uiz
                0x08001448                __fixunsdfsi
 .text          0x08001488       0x14 d:/mounriver/mounriver_studio/toolchain/arm-none-eabi-gcc/bin/../lib/gcc/arm-none-eabi/9.3.1/../../../../arm-none-eabi/lib/thumb/v7-m/nofp\libg_nano.a(lib_a-strcmp.o)
                0x08001488                strcmp
 .text          0x0800149c       0x10 d:/mounriver/mounriver_studio/toolchain/arm-none-eabi-gcc/bin/../lib/gcc/arm-none-eabi/9.3.1/../../../../arm-none-eabi/lib/thumb/v7-m/nofp\libg_nano.a(lib_a-strlen.o)
                0x0800149c                strlen
 .text          0x080014ac       0x2c d:/mounriver/mounriver_studio/toolchain/arm-none-eabi-gcc/bin/../lib/gcc/arm-none-eabi/9.3.1/thumb/v7-m/nofp\libgcc.a(_arm_unorddf2.o)
                0x080014ac                __unorddf2
                0x080014ac                __aeabi_dcmpun
 *(.text*)
 .text.NMI_Handler
                0x080014d8       0x12 ./User/ch32f20x_it.o
                0x080014d8                NMI_Handler
 .text.HardFault_Handler
                0x080014ea        0xa ./User/ch32f20x_it.o
                0x080014ea                HardFault_Handler
 .text.TIM6_IRQHandler
                0x080014f4       0x34 ./User/ch32f20x_it.o
                0x080014f4                TIM6_IRQHandler
 .text.getPlatformTicks
                0x08001528        0xc ./User/ch32f20x_it.o
                0x08001528                getPlatformTicks
 .text.TIM7_IRQHandler
                0x08001534       0x30 ./User/ch32f20x_it.o
                0x08001534                TIM7_IRQHandler
 .text.board_info
                0x08001564       0x64 ./User/info.o
                0x08001564                board_info
 .text.startup.main
                0x080015c8       0x94 ./User/main.o
                0x080015c8                main
 .text.SystemInit
                0x0800165c       0xd0 ./User/system_ch32f20x.o
                0x0800165c                SystemInit
 .text.Reset_Handler
                0x0800172c       0x44 ./Startup/startup_ch32f20x_D8.o
                0x0800172c                Reset_Handler
 .text.Default_Handler
                0x08001770        0x2 ./Startup/startup_ch32f20x_D8.o
                0x08001770                EXTI2_IRQHandler
                0x08001770                TIM8_TRG_COM_IRQHandler
                0x08001770                TIM8_CC_IRQHandler
                0x08001770                DebugMon_Handler
                0x08001770                UART8_IRQHandler
                0x08001770                TIM1_CC_IRQHandler
                0x08001770                SysTick_Handler
                0x08001770                PVD_IRQHandler
                0x08001770                SDIO_IRQHandler
                0x08001770                TIM9_BRK_IRQHandler
                0x08001770                PendSV_Handler
                0x08001770                DMA2_Channel8_IRQHandler
                0x08001770                EXTI3_IRQHandler
                0x08001770                DMA2_Channel9_IRQHandler
                0x08001770                TIM10_CC_IRQHandler
                0x08001770                EXTI0_IRQHandler
                0x08001770                I2C2_EV_IRQHandler
                0x08001770                TIM10_TRG_COM_IRQHandler
                0x08001770                UsageFault_Handler
                0x08001770                ADC1_2_IRQHandler
                0x08001770                SPI1_IRQHandler
                0x08001770                TAMPER_IRQHandler
                0x08001770                TIM8_UP_IRQHandler
                0x08001770                DMA2_Channel2_IRQHandler
                0x08001770                DMA1_Channel4_IRQHandler
                0x08001770                TIM9_UP_IRQHandler
                0x08001770                USART3_IRQHandler
                0x08001770                RTC_IRQHandler
                0x08001770                DMA1_Channel7_IRQHandler
                0x08001770                CAN1_RX1_IRQHandler
                0x08001770                UART5_IRQHandler
                0x08001770                TIM4_IRQHandler
                0x08001770                DMA2_Channel1_IRQHandler
                0x08001770                I2C1_EV_IRQHandler
                0x08001770                DMA1_Channel6_IRQHandler
                0x08001770                UART4_IRQHandler
                0x08001770                DMA2_Channel4_IRQHandler
                0x08001770                TIM3_IRQHandler
                0x08001770                RCC_IRQHandler
                0x08001770                TIM1_TRG_COM_IRQHandler
                0x08001770                DMA1_Channel1_IRQHandler
                0x08001770                Default_Handler
                0x08001770                DMA2_Channel7_IRQHandler
                0x08001770                EXTI15_10_IRQHandler
                0x08001770                TIM5_IRQHandler
                0x08001770                EXTI9_5_IRQHandler
                0x08001770                SPI2_IRQHandler
                0x08001770                MemManage_Handler
                0x08001770                TIM10_BRK_IRQHandler
                0x08001770                TIM9_CC_IRQHandler
                0x08001770                SVC_Handler
                0x08001770                DMA2_Channel5_IRQHandler
                0x08001770                DMA1_Channel5_IRQHandler
                0x08001770                EXTI4_IRQHandler
                0x08001770                USB_LP_CAN1_RX0_IRQHandler
                0x08001770                RNG_IRQHandler
                0x08001770                USB_HP_CAN1_TX_IRQHandler
                0x08001770                DMA1_Channel3_IRQHandler
                0x08001770                FSMC_IRQHandler
                0x08001770                TIM1_UP_IRQHandler
                0x08001770                WWDG_IRQHandler
                0x08001770                DMA2_Channel11_IRQHandler
                0x08001770                DMA2_Channel6_IRQHandler
                0x08001770                TIM1_BRK_IRQHandler
                0x08001770                DMA2_Channel10_IRQHandler
                0x08001770                EXTI1_IRQHandler
                0x08001770                RTCAlarm_IRQHandler
                0x08001770                TIM10_UP_IRQHandler
                0x08001770                TIM9_TRG_COM_IRQHandler
                0x08001770                UART7_IRQHandler
                0x08001770                UART6_IRQHandler
                0x08001770                I2C2_ER_IRQHandler
                0x08001770                DMA1_Channel2_IRQHandler
                0x08001770                TIM8_BRK_IRQHandler
                0x08001770                CAN1_SCE_IRQHandler
                0x08001770                FLASH_IRQHandler
                0x08001770                BusFault_Handler
                0x08001770                SPI3_IRQHandler
                0x08001770                I2C1_ER_IRQHandler
                0x08001770                USBWakeUp_IRQHandler
                0x08001770                DMA2_Channel3_IRQHandler
 *fill*         0x08001772        0x2 
 .text.ADC_DeInit
                0x08001774       0x44 ./Peripheral/src/ch32f20x_adc.o
                0x08001774                ADC_DeInit
 .text.ADC_Init
                0x080017b8       0x50 ./Peripheral/src/ch32f20x_adc.o
                0x080017b8                ADC_Init
 .text.ADC_Cmd  0x08001808       0x12 ./Peripheral/src/ch32f20x_adc.o
                0x08001808                ADC_Cmd
 .text.ADC_ResetCalibration
                0x0800181a        0xa ./Peripheral/src/ch32f20x_adc.o
                0x0800181a                ADC_ResetCalibration
 .text.ADC_GetResetCalibrationStatus
                0x08001824        0x8 ./Peripheral/src/ch32f20x_adc.o
                0x08001824                ADC_GetResetCalibrationStatus
 .text.ADC_StartCalibration
                0x0800182c        0xa ./Peripheral/src/ch32f20x_adc.o
                0x0800182c                ADC_StartCalibration
 .text.ADC_GetCalibrationStatus
                0x08001836        0x8 ./Peripheral/src/ch32f20x_adc.o
                0x08001836                ADC_GetCalibrationStatus
 .text.ADC_SoftwareStartConvCmd
                0x0800183e       0x12 ./Peripheral/src/ch32f20x_adc.o
                0x0800183e                ADC_SoftwareStartConvCmd
 .text.ADC_RegularChannelConfig
                0x08001850       0x8e ./Peripheral/src/ch32f20x_adc.o
                0x08001850                ADC_RegularChannelConfig
 .text.ADC_GetConversionValue
                0x080018de        0x6 ./Peripheral/src/ch32f20x_adc.o
                0x080018de                ADC_GetConversionValue
 .text.ADC_GetFlagStatus
                0x080018e4        0xc ./Peripheral/src/ch32f20x_adc.o
                0x080018e4                ADC_GetFlagStatus
 .text.ADC_BufferCmd
                0x080018f0       0x12 ./Peripheral/src/ch32f20x_adc.o
                0x080018f0                ADC_BufferCmd
 .text.Get_CalibrationValue
                0x08001902      0x14a ./Peripheral/src/ch32f20x_adc.o
                0x08001902                Get_CalibrationValue
 .text.DMA_DeInit
                0x08001a4c      0x154 ./Peripheral/src/ch32f20x_dma.o
                0x08001a4c                DMA_DeInit
 .text.DMA_Init
                0x08001ba0       0x3c ./Peripheral/src/ch32f20x_dma.o
                0x08001ba0                DMA_Init
 .text.DMA_Cmd  0x08001bdc       0x16 ./Peripheral/src/ch32f20x_dma.o
                0x08001bdc                DMA_Cmd
 *fill*         0x08001bf2        0x2 
 .text.DMA_GetFlagStatus
                0x08001bf4       0x28 ./Peripheral/src/ch32f20x_dma.o
                0x08001bf4                DMA_GetFlagStatus
 .text.DMA_ClearFlag
                0x08001c1c       0x20 ./Peripheral/src/ch32f20x_dma.o
                0x08001c1c                DMA_ClearFlag
 .text.GPIO_Init
                0x08001c3c       0xa0 ./Peripheral/src/ch32f20x_gpio.o
                0x08001c3c                GPIO_Init
 .text.GPIO_SetBits
                0x08001cdc        0x4 ./Peripheral/src/ch32f20x_gpio.o
                0x08001cdc                GPIO_SetBits
 .text.GPIO_ResetBits
                0x08001ce0        0x4 ./Peripheral/src/ch32f20x_gpio.o
                0x08001ce0                GPIO_ResetBits
 .text.GPIO_WriteBit
                0x08001ce4        0xa ./Peripheral/src/ch32f20x_gpio.o
                0x08001ce4                GPIO_WriteBit
 *fill*         0x08001cee        0x2 
 .text.GPIO_PinRemapConfig
                0x08001cf0       0xa0 ./Peripheral/src/ch32f20x_gpio.o
                0x08001cf0                GPIO_PinRemapConfig
 .text.I2C_Init
                0x08001d90       0xd4 ./Peripheral/src/ch32f20x_i2c.o
                0x08001d90                I2C_Init
 .text.I2C_Cmd  0x08001e64       0x18 ./Peripheral/src/ch32f20x_i2c.o
                0x08001e64                I2C_Cmd
 .text.I2C_GenerateSTART
                0x08001e7c       0x18 ./Peripheral/src/ch32f20x_i2c.o
                0x08001e7c                I2C_GenerateSTART
 .text.I2C_GenerateSTOP
                0x08001e94       0x18 ./Peripheral/src/ch32f20x_i2c.o
                0x08001e94                I2C_GenerateSTOP
 .text.I2C_AcknowledgeConfig
                0x08001eac       0x18 ./Peripheral/src/ch32f20x_i2c.o
                0x08001eac                I2C_AcknowledgeConfig
 .text.I2C_SendData
                0x08001ec4        0x4 ./Peripheral/src/ch32f20x_i2c.o
                0x08001ec4                I2C_SendData
 .text.I2C_ReceiveData
                0x08001ec8        0x6 ./Peripheral/src/ch32f20x_i2c.o
                0x08001ec8                I2C_ReceiveData
 .text.I2C_Send7bitAddress
                0x08001ece       0x12 ./Peripheral/src/ch32f20x_i2c.o
                0x08001ece                I2C_Send7bitAddress
 .text.I2C_CheckEvent
                0x08001ee0       0x18 ./Peripheral/src/ch32f20x_i2c.o
                0x08001ee0                I2C_CheckEvent
 .text.I2C_GetFlagStatus
                0x08001ef8       0x34 ./Peripheral/src/ch32f20x_i2c.o
                0x08001ef8                I2C_GetFlagStatus
 .text.NVIC_PriorityGroupConfig
                0x08001f2c       0x14 ./Peripheral/src/ch32f20x_misc.o
                0x08001f2c                NVIC_PriorityGroupConfig
 .text.NVIC_Init
                0x08001f40       0x58 ./Peripheral/src/ch32f20x_misc.o
                0x08001f40                NVIC_Init
 .text.SysTick_CLKSourceConfig
                0x08001f98       0x18 ./Peripheral/src/ch32f20x_misc.o
                0x08001f98                SysTick_CLKSourceConfig
 .text.RCC_ADCCLKConfig
                0x08001fb0       0x14 ./Peripheral/src/ch32f20x_rcc.o
                0x08001fb0                RCC_ADCCLKConfig
 .text.RCC_GetClocksFreq
                0x08001fc4       0x94 ./Peripheral/src/ch32f20x_rcc.o
                0x08001fc4                RCC_GetClocksFreq
 .text.RCC_AHBPeriphClockCmd
                0x08002058       0x18 ./Peripheral/src/ch32f20x_rcc.o
                0x08002058                RCC_AHBPeriphClockCmd
 .text.RCC_APB2PeriphClockCmd
                0x08002070       0x18 ./Peripheral/src/ch32f20x_rcc.o
                0x08002070                RCC_APB2PeriphClockCmd
 .text.RCC_APB1PeriphClockCmd
                0x08002088       0x18 ./Peripheral/src/ch32f20x_rcc.o
                0x08002088                RCC_APB1PeriphClockCmd
 .text.RCC_APB2PeriphResetCmd
                0x080020a0       0x18 ./Peripheral/src/ch32f20x_rcc.o
                0x080020a0                RCC_APB2PeriphResetCmd
 .text.SPI_Init
                0x080020b8       0x3e ./Peripheral/src/ch32f20x_spi.o
                0x080020b8                SPI_Init
 .text.SPI_Cmd  0x080020f6       0x18 ./Peripheral/src/ch32f20x_spi.o
                0x080020f6                SPI_Cmd
 .text.SPI_I2S_DMACmd
                0x0800210e       0x12 ./Peripheral/src/ch32f20x_spi.o
                0x0800210e                SPI_I2S_DMACmd
 .text.SPI_I2S_SendData
                0x08002120        0x4 ./Peripheral/src/ch32f20x_spi.o
                0x08002120                SPI_I2S_SendData
 .text.SPI_I2S_ReceiveData
                0x08002124        0x6 ./Peripheral/src/ch32f20x_spi.o
                0x08002124                SPI_I2S_ReceiveData
 .text.SPI_I2S_GetFlagStatus
                0x0800212a        0xc ./Peripheral/src/ch32f20x_spi.o
                0x0800212a                SPI_I2S_GetFlagStatus
 .text.TI1_Config
                0x08002136       0x34 ./Peripheral/src/ch32f20x_tim.o
 .text.TI2_Config
                0x0800216a       0x3a ./Peripheral/src/ch32f20x_tim.o
 .text.TIM_TimeBaseInit
                0x080021a4       0x9c ./Peripheral/src/ch32f20x_tim.o
                0x080021a4                TIM_TimeBaseInit
 .text.TIM_OC1Init
                0x08002240       0x80 ./Peripheral/src/ch32f20x_tim.o
                0x08002240                TIM_OC1Init
 .text.TIM_OC2Init
                0x080022c0       0x90 ./Peripheral/src/ch32f20x_tim.o
                0x080022c0                TIM_OC2Init
 .text.TIM_OC3Init
                0x08002350       0x8c ./Peripheral/src/ch32f20x_tim.o
                0x08002350                TIM_OC3Init
 .text.TIM_OC4Init
                0x080023dc       0x78 ./Peripheral/src/ch32f20x_tim.o
                0x080023dc                TIM_OC4Init
 .text.TIM_TimeBaseStructInit
                0x08002454       0x12 ./Peripheral/src/ch32f20x_tim.o
                0x08002454                TIM_TimeBaseStructInit
 .text.TIM_ICStructInit
                0x08002466       0x10 ./Peripheral/src/ch32f20x_tim.o
                0x08002466                TIM_ICStructInit
 .text.TIM_Cmd  0x08002476       0x18 ./Peripheral/src/ch32f20x_tim.o
                0x08002476                TIM_Cmd
 .text.TIM_CtrlPWMOutputs
                0x0800248e       0x1c ./Peripheral/src/ch32f20x_tim.o
                0x0800248e                TIM_CtrlPWMOutputs
 .text.TIM_ITConfig
                0x080024aa       0x12 ./Peripheral/src/ch32f20x_tim.o
                0x080024aa                TIM_ITConfig
 .text.TIM_EncoderInterfaceConfig
                0x080024bc       0x3e ./Peripheral/src/ch32f20x_tim.o
                0x080024bc                TIM_EncoderInterfaceConfig
 .text.TIM_ARRPreloadConfig
                0x080024fa       0x18 ./Peripheral/src/ch32f20x_tim.o
                0x080024fa                TIM_ARRPreloadConfig
 .text.TIM_OC1PreloadConfig
                0x08002512       0x10 ./Peripheral/src/ch32f20x_tim.o
                0x08002512                TIM_OC1PreloadConfig
 .text.TIM_OC2PreloadConfig
                0x08002522       0x14 ./Peripheral/src/ch32f20x_tim.o
                0x08002522                TIM_OC2PreloadConfig
 .text.TIM_OC3PreloadConfig
                0x08002536       0x10 ./Peripheral/src/ch32f20x_tim.o
                0x08002536                TIM_OC3PreloadConfig
 .text.TIM_OC4PreloadConfig
                0x08002546       0x14 ./Peripheral/src/ch32f20x_tim.o
                0x08002546                TIM_OC4PreloadConfig
 .text.TIM_SetCounter
                0x0800255a        0x4 ./Peripheral/src/ch32f20x_tim.o
                0x0800255a                TIM_SetCounter
 .text.TIM_SetIC1Prescaler
                0x0800255e       0x16 ./Peripheral/src/ch32f20x_tim.o
                0x0800255e                TIM_SetIC1Prescaler
 .text.TIM_SetIC2Prescaler
                0x08002574       0x1a ./Peripheral/src/ch32f20x_tim.o
                0x08002574                TIM_SetIC2Prescaler
 .text.TIM_SetIC3Prescaler
                0x0800258e       0x16 ./Peripheral/src/ch32f20x_tim.o
                0x0800258e                TIM_SetIC3Prescaler
 .text.TIM_SetIC4Prescaler
                0x080025a4       0x1a ./Peripheral/src/ch32f20x_tim.o
                0x080025a4                TIM_SetIC4Prescaler
 .text.TIM_ICInit
                0x080025be       0xc0 ./Peripheral/src/ch32f20x_tim.o
                0x080025be                TIM_ICInit
 .text.TIM_GetCounter
                0x0800267e        0x6 ./Peripheral/src/ch32f20x_tim.o
                0x0800267e                TIM_GetCounter
 .text.TIM_GetITStatus
                0x08002684       0x16 ./Peripheral/src/ch32f20x_tim.o
                0x08002684                TIM_GetITStatus
 .text.TIM_ClearITPendingBit
                0x0800269a        0x8 ./Peripheral/src/ch32f20x_tim.o
                0x0800269a                TIM_ClearITPendingBit
 *fill*         0x080026a2        0x2 
 .text.USART_Init
                0x080026a4       0x88 ./Peripheral/src/ch32f20x_usart.o
                0x080026a4                USART_Init
 .text.USART_Cmd
                0x0800272c       0x18 ./Peripheral/src/ch32f20x_usart.o
                0x0800272c                USART_Cmd
 .text.USART_ITConfig
                0x08002744       0x30 ./Peripheral/src/ch32f20x_usart.o
                0x08002744                USART_ITConfig
 .text.USART_SetAddress
                0x08002774       0x16 ./Peripheral/src/ch32f20x_usart.o
                0x08002774                USART_SetAddress
 .text.USART_SendData
                0x0800278a        0x8 ./Peripheral/src/ch32f20x_usart.o
                0x0800278a                USART_SendData
 .text.USART_ReceiveData
                0x08002792        0x8 ./Peripheral/src/ch32f20x_usart.o
                0x08002792                USART_ReceiveData
 .text.USART_GetFlagStatus
                0x0800279a        0xc ./Peripheral/src/ch32f20x_usart.o
                0x0800279a                USART_GetFlagStatus
 .text.USART_GetITStatus
                0x080027a6       0x3e ./Peripheral/src/ch32f20x_usart.o
                0x080027a6                USART_GetITStatus
 .text.Delay_Init
                0x080027e4       0x3c ./Debug/debug.o
                0x080027e4                Delay_Init
 .text.Delay_Ms
                0x08002820       0x38 ./Debug/debug.o
                0x08002820                Delay_Ms
 .text.USART_Printf_Init
                0x08002858       0x78 ./Debug/debug.o
                0x08002858                USART_Printf_Init
 .text._write   0x080028d0       0x30 ./Debug/debug.o
                0x080028d0                _write
 .text._sbrk    0x08002900       0x2c ./Debug/debug.o
                0x08002900                _sbrk
 .text.adc_func
                0x0800292c       0x8c ./Board_Sample/adc_sample.o
                0x0800292c                adc_func
 .text.flash_func
                0x080029b8       0xf0 ./Board_Sample/flash_sample.o
                0x080029b8                flash_func
 .text.gpio_func
                0x08002aa8       0x1a ./Board_Sample/gpio_sample.o
                0x08002aa8                gpio_func
 *fill*         0x08002ac2        0x2 
 .text.i2c_mpu6050_soft_func
                0x08002ac4       0x78 ./Board_Sample/i2c2_mpu6050_sample.o
                0x08002ac4                i2c_mpu6050_soft_func
 .text.i2c_mpu6050_dmp_func
                0x08002b3c       0xdc ./Board_Sample/i2c2_mpu6050_sample.o
                0x08002b3c                i2c_mpu6050_dmp_func
 .text.TIMERX_MOTOR_Dir_GPIO_Init
                0x08002c18       0x28 ./Board_Sample/motor_encoder_sample.o
                0x08002c18                TIMERX_MOTOR_Dir_GPIO_Init
 .text.motor_encoder_func
                0x08002c40      0x184 ./Board_Sample/motor_encoder_sample.o
                0x08002c40                motor_encoder_func
 .text.Gui_Circle
                0x08002dc4      0x148 ./Board_Sample/spi3_lcd_st7735s_sample.o
                0x08002dc4                Gui_Circle
 .text.Gui_DrawFont_GBK16
                0x08002f0c       0xa0 ./Board_Sample/spi3_lcd_st7735s_sample.o
                0x08002f0c                Gui_DrawFont_GBK16
 .text.spi3_lcd_func
                0x08002fac      0x10e ./Board_Sample/spi3_lcd_st7735s_sample.o
                0x08002fac                spi3_lcd_func
 *fill*         0x080030ba        0x2 
 .text.uart2_ble_func
                0x080030bc       0x58 ./Board_Sample/uart2_ble_sample.o
                0x080030bc                uart2_ble_func
 .text.uart6_rs485_func
                0x08003114       0x58 ./Board_Sample/uart6_rs485_sample.o
                0x08003114                uart6_rs485_func
 .text.ADC_GPIO_Init
                0x0800316c       0xbc ./Board_Drivers/adc.o
                0x0800316c                ADC_GPIO_Init
 .text.Get_ADC_Val
                0x08003228       0x30 ./Board_Drivers/adc.o
                0x08003228                Get_ADC_Val
 .text.Get_ConversionVal
                0x08003258       0x2c ./Board_Drivers/adc.o
                0x08003258                Get_ConversionVal
 .text.Encoder_TCB_Init
                0x08003284        0xc ./Board_Drivers/drv_def.o
                0x08003284                Encoder_TCB_Init
 .text.I2C2_GPIO_Init
                0x08003290       0x80 ./Board_Drivers/i2c2.o
                0x08003290                I2C2_GPIO_Init
 .text.EXTI0_GPIO_Init
                0x08003310       0x28 ./Board_Drivers/key.o
                0x08003310                EXTI0_GPIO_Init
 .text.LED_GPIO_Init
                0x08003338       0x28 ./Board_Drivers/led.o
                0x08003338                LED_GPIO_Init
 .text.LED_GPIO_Sample
                0x08003360       0x44 ./Board_Drivers/led.o
                0x08003360                LED_GPIO_Sample
 .text.SPI2_GPIO_Init
                0x080033a4       0xb0 ./Board_Drivers/spi2.o
                0x080033a4                SPI2_GPIO_Init
 .text.SPI2_ReadWriteByte
                0x08003454       0x4c ./Board_Drivers/spi2.o
                0x08003454                SPI2_ReadWriteByte
 .text.SPI3_ReadWriteByte
                0x080034a0       0x38 ./Board_Drivers/spi3.o
                0x080034a0                SPI3_ReadWriteByte
 .text.DMA_Tx_Init
                0x080034d8       0x5c ./Board_Drivers/spi3.o
                0x080034d8                DMA_Tx_Init
 .text.SPI3_GPIO_Init
                0x08003534       0xac ./Board_Drivers/spi3.o
                0x08003534                SPI3_GPIO_Init
 .text.TIMER2_GPIO_Init
                0x080035e0       0x54 ./Board_Drivers/timer2.o
                0x080035e0                TIMER2_GPIO_Init
 .text.TIM2_IRQHandler
                0x08003634       0xc0 ./Board_Drivers/timer2.o
                0x08003634                TIM2_IRQHandler
 .text.TIMER3_ENCODER_GPIO_Init
                0x080036f4       0x90 ./Board_Drivers/timer3.o
                0x080036f4                TIMER3_ENCODER_GPIO_Init
 .text.TIMER4_ENCODER_GPIO_Init
                0x08003784       0x90 ./Board_Drivers/timer4.o
                0x08003784                TIMER4_ENCODER_GPIO_Init
 .text.TIMER5_ENCODER_GPIO_Init
                0x08003814       0x90 ./Board_Drivers/timer5.o
                0x08003814                TIMER5_ENCODER_GPIO_Init
 .text.TIMER6_GPIO_Init
                0x080038a4       0x54 ./Board_Drivers/timer6.o
                0x080038a4                TIMER6_GPIO_Init
 .text.TIMER7_GPIO_Init
                0x080038f8       0x54 ./Board_Drivers/timer7.o
                0x080038f8                TIMER7_GPIO_Init
 .text.TIMER8_ENCODER_GPIO_Init
                0x0800394c       0x84 ./Board_Drivers/timer8.o
                0x0800394c                TIMER8_ENCODER_GPIO_Init
 .text.TIMER9_PWM_GPIO_Init
                0x080039d0       0xfc ./Board_Drivers/timer9.o
                0x080039d0                TIMER9_PWM_GPIO_Init
 .text.UART2_GPIO_Init
                0x08003acc       0xe4 ./Board_Drivers/uart2.o
                0x08003acc                UART2_GPIO_Init
 .text.IsUsart1RecvFinsh
                0x08003bb0        0x8 ./Board_Drivers/uart2.o
                0x08003bb0                IsUsart1RecvFinsh
 .text.USART2_IRQHandler
                0x08003bb8       0x54 ./Board_Drivers/uart2.o
                0x08003bb8                USART2_IRQHandler
 .text.UART6_GPIO_Init
                0x08003c0c       0x7c ./Board_Drivers/uart6.o
                0x08003c0c                UART6_GPIO_Init
 .text.cmd_r_callback
                0x08003c88       0x38 ./Board_Component/VOFA+/vofa.o
                0x08003c88                cmd_r_callback
 .text.cmd_h_callback
                0x08003cc0       0x38 ./Board_Component/VOFA+/vofa.o
                0x08003cc0                cmd_h_callback
 .text.cmd_wo_callback
                0x08003cf8       0x2c ./Board_Component/VOFA+/vofa.o
                0x08003cf8                cmd_wo_callback
 .text.cmd_wc_callback
                0x08003d24       0x2c ./Board_Component/VOFA+/vofa.o
                0x08003d24                cmd_wc_callback
 .text.cmd_bo_callback
                0x08003d50       0x38 ./Board_Component/VOFA+/vofa.o
                0x08003d50                cmd_bo_callback
 .text.cmd_init_callback
                0x08003d88       0x38 ./Board_Component/VOFA+/vofa.o
                0x08003d88                cmd_init_callback
 .text.cmd_expe_callback
                0x08003dc0       0x38 ./Board_Component/VOFA+/vofa.o
                0x08003dc0                cmd_expe_callback
 .text.cmd_TD_callback
                0x08003df8       0x20 ./Board_Component/VOFA+/vofa.o
                0x08003df8                cmd_TD_callback
 .text.cmd_run_callback
                0x08003e18       0x20 ./Board_Component/VOFA+/vofa.o
                0x08003e18                cmd_run_callback
 .text.USR_Sim_Para_DInit
                0x08003e38       0x18 ./Board_Component/VOFA+/vofa.o
                0x08003e38                USR_Sim_Para_DInit
 .text.parse_command
                0x08003e50       0xfc ./Board_Component/VOFA+/vofa.o
                0x08003e50                parse_command
 .text.ladrc_printf
                0x08003f4c       0x52 ./Board_Component/USR_printf/usr_printf.o
                0x08003f4c                ladrc_printf
 *fill*         0x08003f9e        0x2 
 .text.LCD_GPIO_Init
                0x08003fa0       0x34 ./Board_Component/TFT_ST7735S/tft_st7735s.o
                0x08003fa0                LCD_GPIO_Init
 .text.Lcd_WriteIndex
                0x08003fd4       0x38 ./Board_Component/TFT_ST7735S/tft_st7735s.o
                0x08003fd4                Lcd_WriteIndex
 .text.Lcd_WriteData
                0x0800400c       0x38 ./Board_Component/TFT_ST7735S/tft_st7735s.o
                0x0800400c                Lcd_WriteData
 .text.LCD_WriteData_16Bit
                0x08004044       0x3c ./Board_Component/TFT_ST7735S/tft_st7735s.o
                0x08004044                LCD_WriteData_16Bit
 .text.Lcd_Reset
                0x08004080       0x2c ./Board_Component/TFT_ST7735S/tft_st7735s.o
                0x08004080                Lcd_Reset
 .text.Lcd_Init
                0x080040ac      0x224 ./Board_Component/TFT_ST7735S/tft_st7735s.o
                0x080040ac                Lcd_Init
 .text.Lcd_SetRegion
                0x080042d0       0x58 ./Board_Component/TFT_ST7735S/tft_st7735s.o
                0x080042d0                Lcd_SetRegion
 .text.Gui_DrawPoint
                0x08004328       0x1a ./Board_Component/TFT_ST7735S/tft_st7735s.o
                0x08004328                Gui_DrawPoint
 .text.Lcd_Clear
                0x08004342       0x2a ./Board_Component/TFT_ST7735S/tft_st7735s.o
                0x08004342                Lcd_Clear
 .text.LCD_ON   0x0800436c       0x10 ./Board_Component/TFT_ST7735S/tft_st7735s.o
                0x0800436c                LCD_ON
 .text.LCD_OFF  0x0800437c       0x10 ./Board_Component/TFT_ST7735S/tft_st7735s.o
                0x0800437c                LCD_OFF
 .text.Simulation_TD_Callback
                0x0800438c       0x54 ./Board_Component/Simulation/simulation.o
                0x0800438c                Simulation_TD_Callback
 .text.Simulation_LOOP_Callback
                0x080043e0       0x94 ./Board_Component/Simulation/simulation.o
                0x080043e0                Simulation_LOOP_Callback
 .text.Simulation_Init
                0x08004474       0x38 ./Board_Component/Simulation/simulation.o
                0x08004474                Simulation_Init
 .text.multiTimerInstall
                0x080044ac       0x14 ./Board_Component/MultiTimer/MultiTimer.o
                0x080044ac                multiTimerInstall
 .text.multiTimerStart
                0x080044c0       0x7c ./Board_Component/MultiTimer/MultiTimer.o
                0x080044c0                multiTimerStart
 .text.multiTimerYield
                0x0800453c       0x58 ./Board_Component/MultiTimer/MultiTimer.o
                0x0800453c                multiTimerYield
 .text.invSqrt  0x08004594       0x34 ./Board_Component/MPU6050/MPU6050_SOFT/MahonyAHRS.o
                0x08004594                invSqrt
 .text.MahonyAHRSupdateIMU
                0x080045c8      0x438 ./Board_Component/MPU6050/MPU6050_SOFT/MahonyAHRS.o
                0x080045c8                MahonyAHRSupdateIMU
 .text.MPU6050_Filter_Init
                0x08004a00       0x80 ./Board_Component/MPU6050/MPU6050_SOFT/mpu6050_filter.o
                0x08004a00                MPU6050_Filter_Init
 .text.First_Order_Filter_Calc
                0x08004a80       0xb0 ./Board_Component/MPU6050/MPU6050_SOFT/mpu6050_filter.o
                0x08004a80                First_Order_Filter_Calc
 .text.MPU_I2C_Mem_Read.constprop.0
                0x08004b30       0xf4 ./Board_Component/MPU6050/MPU6050_SOFT/mpu6050_soft.o
 .text.MPU_I2C_Mem_Write.constprop.0
                0x08004c24       0xa8 ./Board_Component/MPU6050/MPU6050_SOFT/mpu6050_soft.o
 *fill*         0x08004ccc        0x4 
 .text.MPU_Get_Temperature
                0x08004cd0       0x4c ./Board_Component/MPU6050/MPU6050_SOFT/mpu6050_soft.o
                0x08004cd0                MPU_Get_Temperature
 .text.MPU_Get_Gyroscope
                0x08004d1c       0x42 ./Board_Component/MPU6050/MPU6050_SOFT/mpu6050_soft.o
                0x08004d1c                MPU_Get_Gyroscope
 .text.MPU_Get_Accelerometer
                0x08004d5e       0x42 ./Board_Component/MPU6050/MPU6050_SOFT/mpu6050_soft.o
                0x08004d5e                MPU_Get_Accelerometer
 .text.MPU_Write_Byte
                0x08004da0       0x16 ./Board_Component/MPU6050/MPU6050_SOFT/mpu6050_soft.o
                0x08004da0                MPU_Write_Byte
 .text.MPU_Set_Gyro_Fsr
                0x08004db6        0xc ./Board_Component/MPU6050/MPU6050_SOFT/mpu6050_soft.o
                0x08004db6                MPU_Set_Gyro_Fsr
 .text.MPU_Set_Accel_Fsr
                0x08004dc2        0xc ./Board_Component/MPU6050/MPU6050_SOFT/mpu6050_soft.o
                0x08004dc2                MPU_Set_Accel_Fsr
 .text.MPU_Set_LPF
                0x08004dce       0x2e ./Board_Component/MPU6050/MPU6050_SOFT/mpu6050_soft.o
                0x08004dce                MPU_Set_LPF
 .text.MPU_Set_Rate
                0x08004dfc       0x30 ./Board_Component/MPU6050/MPU6050_SOFT/mpu6050_soft.o
                0x08004dfc                MPU_Set_Rate
 .text.MPU_Read_Byte
                0x08004e2c       0x16 ./Board_Component/MPU6050/MPU6050_SOFT/mpu6050_soft.o
                0x08004e2c                MPU_Read_Byte
 *fill*         0x08004e42        0x2 
 .text.MPU_Init
                0x08004e44       0x80 ./Board_Component/MPU6050/MPU6050_SOFT/mpu6050_soft.o
                0x08004e44                MPU_Init
 *fill*         0x08004ec4        0x4 
 .text.USER_GET_MPU6050_DATA
                0x08004ec8      0x280 ./Board_Component/MPU6050/MPU6050_SOFT/mpu6050_soft.o
                0x08004ec8                USER_GET_MPU6050_DATA
 .text.MPU6050_I2C_Mem_Write
                0x08005148       0xac ./Board_Component/MPU6050/MPU6050_DMP/Driver/mpu6050_dmp.o
                0x08005148                MPU6050_I2C_Mem_Write
 .text.MPU6050_WriteByte
                0x080051f4       0x1a ./Board_Component/MPU6050/MPU6050_DMP/Driver/mpu6050_dmp.o
 *fill*         0x0800520e        0x2 
 .text.MPU6050_Init
                0x08005210       0x70 ./Board_Component/MPU6050/MPU6050_DMP/Driver/mpu6050_dmp.o
                0x08005210                MPU6050_Init
 .text.logWriteBuffer.isra.0
                0x08005280       0x60 ./Board_Component/Letter_Shell/log.o
 .text.logHexDump
                0x080052e0      0x134 ./Board_Component/Letter_Shell/log.o
                0x080052e0                logHexDump
 .text.logRegister
                0x08005414       0x24 ./Board_Component/Letter_Shell/log.o
                0x08005414                logRegister
 .text.logWrite
                0x08005438       0x3c ./Board_Component/Letter_Shell/log.o
                0x08005438                logWrite
 .text.logSetLevel
                0x08005474       0x34 ./Board_Component/Letter_Shell/log.o
                0x08005474                logSetLevel
 .text.uartLogWrite
                0x080054a8       0x18 ./Board_Component/Letter_Shell/lshell_port.o
                0x080054a8                uartLogWrite
 .text.userShellWrite
                0x080054c0       0x30 ./Board_Component/Letter_Shell/lshell_port.o
                0x080054c0                userShellWrite
 .text.USART1_IRQHandler
                0x080054f0       0x34 ./Board_Component/Letter_Shell/lshell_port.o
                0x080054f0                USART1_IRQHandler
 .text.userShellInit
                0x08005524       0x30 ./Board_Component/Letter_Shell/lshell_port.o
                0x08005524                userShellInit
 .text.shellStringCopy
                0x08005554       0x1a ./Board_Component/Letter_Shell/shell.o
 .text.shellWriteByte.isra.0
                0x0800556e       0x16 ./Board_Component/Letter_Shell/shell.o
 .text.shellRight
                0x08005584       0x18 ./Board_Component/Letter_Shell/shell.o
                0x08005584                shellRight
 .text.shellLeft
                0x0800559c       0x18 ./Board_Component/Letter_Shell/shell.o
                0x0800559c                shellLeft
 .text.shellGetCurrent
                0x080055b4       0x24 ./Board_Component/Letter_Shell/shell.o
                0x080055b4                shellGetCurrent
 .text.shellWriteString
                0x080055d8       0x22 ./Board_Component/Letter_Shell/shell.o
                0x080055d8                shellWriteString
 *fill*         0x080055fa        0x2 
 .text.shellWritePrompt
                0x080055fc       0x5c ./Board_Component/Letter_Shell/shell.o
 .text.shellClear
                0x08005658       0x18 ./Board_Component/Letter_Shell/shell.o
                0x08005658                shellClear
 .text.shellCheckPermission
                0x08005670       0x36 ./Board_Component/Letter_Shell/shell.o
                0x08005670                shellCheckPermission
 .text.shellToHex
                0x080056a6       0x30 ./Board_Component/Letter_Shell/shell.o
                0x080056a6                shellToHex
 *fill*         0x080056d6        0x2 
 .text.shellGetCommandName
                0x080056d8       0x38 ./Board_Component/Letter_Shell/shell.o
 .text.shellToDec
                0x08005710       0x46 ./Board_Component/Letter_Shell/shell.o
                0x08005710                shellToDec
 *fill*         0x08005756        0x2 
 .text.shellWriteReturnValue
                0x08005758       0x7c ./Board_Component/Letter_Shell/shell.o
 .text.shellListItem
                0x080057d4       0xe8 ./Board_Component/Letter_Shell/shell.o
                0x080057d4                shellListItem
 .text.shellListCommand
                0x080058bc       0x40 ./Board_Component/Letter_Shell/shell.o
                0x080058bc                shellListCommand
 .text.shellCmds
                0x080058fc       0x12 ./Board_Component/Letter_Shell/shell.o
                0x080058fc                shellCmds
 *fill*         0x0800590e        0x2 
 .text.shellListVar
                0x08005910       0x40 ./Board_Component/Letter_Shell/shell.o
                0x08005910                shellListVar
 .text.shellVars
                0x08005950       0x12 ./Board_Component/Letter_Shell/shell.o
                0x08005950                shellVars
 *fill*         0x08005962        0x2 
 .text.shellListUser
                0x08005964       0x40 ./Board_Component/Letter_Shell/shell.o
                0x08005964                shellListUser
 .text.shellUsers
                0x080059a4       0x12 ./Board_Component/Letter_Shell/shell.o
                0x080059a4                shellUsers
 *fill*         0x080059b6        0x2 
 .text.shellListKey
                0x080059b8       0x40 ./Board_Component/Letter_Shell/shell.o
                0x080059b8                shellListKey
 .text.shellKeys
                0x080059f8       0x12 ./Board_Component/Letter_Shell/shell.o
                0x080059f8                shellKeys
 *fill*         0x08005a0a        0x2 
 .text.shellDeleteCommandLine
                0x08005a0c       0x20 ./Board_Component/Letter_Shell/shell.o
                0x08005a0c                shellDeleteCommandLine
 .text.shellClearCommandLine
                0x08005a2c       0x28 ./Board_Component/Letter_Shell/shell.o
                0x08005a2c                shellClearCommandLine
 .text.shellUp  0x08005a54       0x66 ./Board_Component/Letter_Shell/shell.o
                0x08005a54                shellUp
 *fill*         0x08005aba        0x2 
 .text.shellTab
                0x08005abc      0x134 ./Board_Component/Letter_Shell/shell.o
                0x08005abc                shellTab
 .text.shellDown
                0x08005bf0       0x5e ./Board_Component/Letter_Shell/shell.o
                0x08005bf0                shellDown
 *fill*         0x08005c4e        0x2 
 .text.shellInsertByte
                0x08005c50       0xd4 ./Board_Component/Letter_Shell/shell.o
                0x08005c50                shellInsertByte
 .text.shellDeleteByte
                0x08005d24       0xaa ./Board_Component/Letter_Shell/shell.o
                0x08005d24                shellDeleteByte
 .text.shellBackspace
                0x08005dce        0x6 ./Board_Component/Letter_Shell/shell.o
                0x08005dce                shellBackspace
 .text.shellDelete
                0x08005dd4        0x8 ./Board_Component/Letter_Shell/shell.o
                0x08005dd4                shellDelete
 .text.shellSplit
                0x08005ddc       0xd8 ./Board_Component/Letter_Shell/shell.o
                0x08005ddc                shellSplit
 .text.shellSeekCommand
                0x08005eb4       0x6c ./Board_Component/Letter_Shell/shell.o
                0x08005eb4                shellSeekCommand
 .text.shellHelp
                0x08005f20       0x70 ./Board_Component/Letter_Shell/shell.o
                0x08005f20                shellHelp
 .text.shellGetVarValue
                0x08005f90       0x3e ./Board_Component/Letter_Shell/shell.o
                0x08005f90                shellGetVarValue
 *fill*         0x08005fce        0x2 
 .text.shellShowVar
                0x08005fd0       0xb0 ./Board_Component/Letter_Shell/shell.o
 .text.shellSetVarValue
                0x08006080       0x70 ./Board_Component/Letter_Shell/shell.o
                0x08006080                shellSetVarValue
 .text.shellSetVar
                0x080060f0       0x54 ./Board_Component/Letter_Shell/shell.o
                0x080060f0                shellSetVar
 .text.shellSetUser
                0x08006144       0x5c ./Board_Component/Letter_Shell/shell.o
                0x08006144                shellSetUser
 .text.shellInit
                0x080061a0       0x90 ./Board_Component/Letter_Shell/shell.o
                0x080061a0                shellInit
 .text.shellRunCommand
                0x08006230       0xb0 ./Board_Component/Letter_Shell/shell.o
                0x08006230                shellRunCommand
 .text.shellNormalInput
                0x080062e0       0x10 ./Board_Component/Letter_Shell/shell.o
                0x080062e0                shellNormalInput
 .text.shellExec
                0x080062f0       0xfc ./Board_Component/Letter_Shell/shell.o
                0x080062f0                shellExec
 .text.shellEnter
                0x080063ec       0x14 ./Board_Component/Letter_Shell/shell.o
                0x080063ec                shellEnter
 .text.shellHandler
                0x08006400       0xd0 ./Board_Component/Letter_Shell/shell.o
                0x08006400                shellHandler
 .text.shellWriteEndLine
                0x080064d0       0x5c ./Board_Component/Letter_Shell/shell.o
                0x080064d0                shellWriteEndLine
 .text.shellExtParseChar
                0x0800652c       0x42 ./Board_Component/Letter_Shell/shell_ext.o
 *fill*         0x0800656e        0x2 
 .text.shellExtParsePara
                0x08006570      0x1ac ./Board_Component/Letter_Shell/shell_ext.o
                0x08006570                shellExtParsePara
 .text.shellExtRun
                0x0800671c       0xd6 ./Board_Component/Letter_Shell/shell_ext.o
                0x0800671c                shellExtRun
 *fill*         0x080067f2        0x2 
 .text.lv_tick_inc
                0x080067f4       0x18 ./Board_Component/LVGL/lvgl-8.3.5/src/hal/lv_hal_tick.o
                0x080067f4                lv_tick_inc
 *fill*         0x0800680c        0x4 
 .text.LADRC_Init
                0x08006810       0x4c ./Board_Component/LADRC/ladrc.o
                0x08006810                LADRC_Init
 .text.LADRC_TD
                0x0800685c       0x9c ./Board_Component/LADRC/ladrc.o
                0x0800685c                LADRC_TD
 .text.LADRC_ESO
                0x080068f8      0x100 ./Board_Component/LADRC/ladrc.o
                0x080068f8                LADRC_ESO
 .text.LADRC_LF
                0x080069f8       0xd8 ./Board_Component/LADRC/ladrc.o
                0x080069f8                LADRC_LF
 .text.LADRC_Loop
                0x08006ad0       0x24 ./Board_Component/LADRC/ladrc.o
                0x08006ad0                LADRC_Loop
 .text.SPI_Flash_Init
                0x08006af4        0x4 ./Board_Component/FLASH_W25Q16/flash_w25q16.o
                0x08006af4                SPI_Flash_Init
 .text.SPI_Flash_ReadSR
                0x08006af8       0x34 ./Board_Component/FLASH_W25Q16/flash_w25q16.o
                0x08006af8                SPI_Flash_ReadSR
 .text.SPI_Flash_Wait_Busy
                0x08006b2c        0xc ./Board_Component/FLASH_W25Q16/flash_w25q16.o
                0x08006b2c                SPI_Flash_Wait_Busy
 .text.SPI_FLASH_Write_Enable
                0x08006b38       0x2c ./Board_Component/FLASH_W25Q16/flash_w25q16.o
                0x08006b38                SPI_FLASH_Write_Enable
 .text.SPI_Flash_ReadID
                0x08006b64       0x50 ./Board_Component/FLASH_W25Q16/flash_w25q16.o
                0x08006b64                SPI_Flash_ReadID
 .text.SPI_Flash_Erase_Sector
                0x08006bb4       0x50 ./Board_Component/FLASH_W25Q16/flash_w25q16.o
                0x08006bb4                SPI_Flash_Erase_Sector
 .text.SPI_Flash_Read
                0x08006c04       0x58 ./Board_Component/FLASH_W25Q16/flash_w25q16.o
                0x08006c04                SPI_Flash_Read
 .text.SPI_Flash_Write_Page
                0x08006c5c       0x5c ./Board_Component/FLASH_W25Q16/flash_w25q16.o
                0x08006c5c                SPI_Flash_Write_Page
 .text.SPI_Flash_Write_NoCheck
                0x08006cb8       0x3c ./Board_Component/FLASH_W25Q16/flash_w25q16.o
                0x08006cb8                SPI_Flash_Write_NoCheck
 .text.SPI_Flash_Write
                0x08006cf4       0xec ./Board_Component/FLASH_W25Q16/flash_w25q16.o
                0x08006cf4                SPI_Flash_Write
 .text.TIM3_EnCoder_CNT
                0x08006de0       0x38 ./Board_Component/Encoder_Speed/encoder_speed.o
                0x08006de0                TIM3_EnCoder_CNT
 .text.TIM4_EnCoder_CNT
                0x08006e18       0x38 ./Board_Component/Encoder_Speed/encoder_speed.o
                0x08006e18                TIM4_EnCoder_CNT
 .text.TIM5_EnCoder_CNT
                0x08006e50       0x38 ./Board_Component/Encoder_Speed/encoder_speed.o
                0x08006e50                TIM5_EnCoder_CNT
 .text.TIM8_EnCoder_CNT
                0x08006e88       0x38 ./Board_Component/Encoder_Speed/encoder_speed.o
                0x08006e88                TIM8_EnCoder_CNT
 .text.chry_ringbuffer_init
                0x08006ec0       0x24 ./Board_Component/CherryRB/chry_ringbuffer.o
                0x08006ec0                chry_ringbuffer_init
 .text.chry_ringbuffer_get_used
                0x08006ee4        0x8 ./Board_Component/CherryRB/chry_ringbuffer.o
                0x08006ee4                chry_ringbuffer_get_used
 .text.chry_ringbuffer_check_full
                0x08006eec       0x12 ./Board_Component/CherryRB/chry_ringbuffer.o
                0x08006eec                chry_ringbuffer_check_full
 .text.chry_ringbuffer_write_byte
                0x08006efe       0x22 ./Board_Component/CherryRB/chry_ringbuffer.o
                0x08006efe                chry_ringbuffer_write_byte
 .text.chry_ringbuffer_peek
                0x08006f20       0x3a ./Board_Component/CherryRB/chry_ringbuffer.o
                0x08006f20                chry_ringbuffer_peek
 .text.chry_ringbuffer_read
                0x08006f5a       0x10 ./Board_Component/CherryRB/chry_ringbuffer.o
                0x08006f5a                chry_ringbuffer_read
 .text.printchar
                0x08006f6a       0x48 d:/mounriver/mounriver_studio/toolchain/arm-none-eabi-gcc/bin/../lib/gcc/arm-none-eabi/9.3.1/../../../../arm-none-eabi/lib/thumb/v7-m/nofp\libprintfloat.a(printfloat.o)
                0x08006f6a                printchar
 .text.prints   0x08006fb2       0xb4 d:/mounriver/mounriver_studio/toolchain/arm-none-eabi-gcc/bin/../lib/gcc/arm-none-eabi/9.3.1/../../../../arm-none-eabi/lib/thumb/v7-m/nofp\libprintfloat.a(printfloat.o)
                0x08006fb2                prints
 .text.printInt
                0x08007066       0xce d:/mounriver/mounriver_studio/toolchain/arm-none-eabi-gcc/bin/../lib/gcc/arm-none-eabi/9.3.1/../../../../arm-none-eabi/lib/thumb/v7-m/nofp\libprintfloat.a(printfloat.o)
                0x08007066                printInt
 .text.printLongLongInt
                0x08007134       0xee d:/mounriver/mounriver_studio/toolchain/arm-none-eabi-gcc/bin/../lib/gcc/arm-none-eabi/9.3.1/../../../../arm-none-eabi/lib/thumb/v7-m/nofp\libprintfloat.a(printfloat.o)
                0x08007134                printLongLongInt
 .text.printDouble
                0x08007222       0xda d:/mounriver/mounriver_studio/toolchain/arm-none-eabi-gcc/bin/../lib/gcc/arm-none-eabi/9.3.1/../../../../arm-none-eabi/lib/thumb/v7-m/nofp\libprintfloat.a(printfloat.o)
                0x08007222                printDouble
 .text.print    0x080072fc      0x344 d:/mounriver/mounriver_studio/toolchain/arm-none-eabi-gcc/bin/../lib/gcc/arm-none-eabi/9.3.1/../../../../arm-none-eabi/lib/thumb/v7-m/nofp\libprintfloat.a(printfloat.o)
                0x080072fc                print
 .text.printf   0x08007640       0x1c d:/mounriver/mounriver_studio/toolchain/arm-none-eabi-gcc/bin/../lib/gcc/arm-none-eabi/9.3.1/../../../../arm-none-eabi/lib/thumb/v7-m/nofp\libprintfloat.a(printfloat.o)
                0x08007640                printf
 .text.sprintf  0x0800765c       0x2a d:/mounriver/mounriver_studio/toolchain/arm-none-eabi-gcc/bin/../lib/gcc/arm-none-eabi/9.3.1/../../../../arm-none-eabi/lib/thumb/v7-m/nofp\libprintfloat.a(printfloat.o)
                0x0800765c                sprintf
 .text.snprintf
                0x08007686       0x26 d:/mounriver/mounriver_studio/toolchain/arm-none-eabi-gcc/bin/../lib/gcc/arm-none-eabi/9.3.1/../../../../arm-none-eabi/lib/thumb/v7-m/nofp\libprintfloat.a(printfloat.o)
                0x08007686                snprintf
 .text.puts     0x080076ac       0x3e d:/mounriver/mounriver_studio/toolchain/arm-none-eabi-gcc/bin/../lib/gcc/arm-none-eabi/9.3.1/../../../../arm-none-eabi/lib/thumb/v7-m/nofp\libprintfloat.a(printfloat.o)
                0x080076ac                puts
 .text.atoi     0x080076ea        0x8 d:/mounriver/mounriver_studio/toolchain/arm-none-eabi-gcc/bin/../lib/gcc/arm-none-eabi/9.3.1/../../../../arm-none-eabi/lib/thumb/v7-m/nofp\libg_nano.a(lib_a-atoi.o)
                0x080076ea                atoi
 .text.memcpy   0x080076f2       0x1c d:/mounriver/mounriver_studio/toolchain/arm-none-eabi-gcc/bin/../lib/gcc/arm-none-eabi/9.3.1/../../../../arm-none-eabi/lib/thumb/v7-m/nofp\libg_nano.a(lib_a-memcpy-stub.o)
                0x080076f2                memcpy
 .text.memmove  0x0800770e       0x34 d:/mounriver/mounriver_studio/toolchain/arm-none-eabi-gcc/bin/../lib/gcc/arm-none-eabi/9.3.1/../../../../arm-none-eabi/lib/thumb/v7-m/nofp\libg_nano.a(lib_a-memmove.o)
                0x0800770e                memmove
 .text.memset   0x08007742       0x10 d:/mounriver/mounriver_studio/toolchain/arm-none-eabi-gcc/bin/../lib/gcc/arm-none-eabi/9.3.1/../../../../arm-none-eabi/lib/thumb/v7-m/nofp\libg_nano.a(lib_a-memset.o)
                0x08007742                memset
 .text._printf_common
                0x08007752       0xde d:/mounriver/mounriver_studio/toolchain/arm-none-eabi-gcc/bin/../lib/gcc/arm-none-eabi/9.3.1/../../../../arm-none-eabi/lib/thumb/v7-m/nofp\libg_nano.a(lib_a-nano-vfprintf_i.o)
                0x08007752                _printf_common
 .text._printf_i
                0x08007830      0x24c d:/mounriver/mounriver_studio/toolchain/arm-none-eabi-gcc/bin/../lib/gcc/arm-none-eabi/9.3.1/../../../../arm-none-eabi/lib/thumb/v7-m/nofp\libg_nano.a(lib_a-nano-vfprintf_i.o)
                0x08007830                _printf_i
 .text.strncmp  0x08007a7c       0x24 d:/mounriver/mounriver_studio/toolchain/arm-none-eabi-gcc/bin/../lib/gcc/arm-none-eabi/9.3.1/../../../../arm-none-eabi/lib/thumb/v7-m/nofp\libg_nano.a(lib_a-strncmp.o)
                0x08007a7c                strncmp
 .text._strtol_l.isra.0
                0x08007aa0      0x10c d:/mounriver/mounriver_studio/toolchain/arm-none-eabi-gcc/bin/../lib/gcc/arm-none-eabi/9.3.1/../../../../arm-none-eabi/lib/thumb/v7-m/nofp\libg_nano.a(lib_a-strtol.o)
 .text.strtol   0x08007bac       0x14 d:/mounriver/mounriver_studio/toolchain/arm-none-eabi-gcc/bin/../lib/gcc/arm-none-eabi/9.3.1/../../../../arm-none-eabi/lib/thumb/v7-m/nofp\libg_nano.a(lib_a-strtol.o)
                0x08007bac                strtol
 .text._vsnprintf_r
                0x08007bc0       0x58 d:/mounriver/mounriver_studio/toolchain/arm-none-eabi-gcc/bin/../lib/gcc/arm-none-eabi/9.3.1/../../../../arm-none-eabi/lib/thumb/v7-m/nofp\libg_nano.a(lib_a-vsnprintf.o)
                0x08007bc0                _vsniprintf_r
                0x08007bc0                _vsnprintf_r
 .text.vsnprintf
                0x08007c18       0x1c d:/mounriver/mounriver_studio/toolchain/arm-none-eabi-gcc/bin/../lib/gcc/arm-none-eabi/9.3.1/../../../../arm-none-eabi/lib/thumb/v7-m/nofp\libg_nano.a(lib_a-vsnprintf.o)
                0x08007c18                vsniprintf
                0x08007c18                vsnprintf
 .text.__errno  0x08007c34        0xc d:/mounriver/mounriver_studio/toolchain/arm-none-eabi-gcc/bin/../lib/gcc/arm-none-eabi/9.3.1/../../../../arm-none-eabi/lib/thumb/v7-m/nofp\libg_nano.a(lib_a-errno.o)
                0x08007c34                __errno
 .text.__retarget_lock_acquire_recursive
                0x08007c40        0x2 d:/mounriver/mounriver_studio/toolchain/arm-none-eabi-gcc/bin/../lib/gcc/arm-none-eabi/9.3.1/../../../../arm-none-eabi/lib/thumb/v7-m/nofp\libg_nano.a(lib_a-lock.o)
                0x08007c40                __retarget_lock_acquire_recursive
 .text.__retarget_lock_release_recursive
                0x08007c42        0x2 d:/mounriver/mounriver_studio/toolchain/arm-none-eabi-gcc/bin/../lib/gcc/arm-none-eabi/9.3.1/../../../../arm-none-eabi/lib/thumb/v7-m/nofp\libg_nano.a(lib_a-lock.o)
                0x08007c42                __retarget_lock_release_recursive
 .text.memchr   0x08007c44       0x1c d:/mounriver/mounriver_studio/toolchain/arm-none-eabi-gcc/bin/../lib/gcc/arm-none-eabi/9.3.1/../../../../arm-none-eabi/lib/thumb/v7-m/nofp\libg_nano.a(lib_a-memchr-stub.o)
                0x08007c44                memchr
 .text._free_r  0x08007c60       0x98 d:/mounriver/mounriver_studio/toolchain/arm-none-eabi-gcc/bin/../lib/gcc/arm-none-eabi/9.3.1/../../../../arm-none-eabi/lib/thumb/v7-m/nofp\libg_nano.a(lib_a-nano-freer.o)
                0x08007c60                _free_r
 .text._malloc_r
                0x08007cf8       0xb4 d:/mounriver/mounriver_studio/toolchain/arm-none-eabi-gcc/bin/../lib/gcc/arm-none-eabi/9.3.1/../../../../arm-none-eabi/lib/thumb/v7-m/nofp\libg_nano.a(lib_a-nano-mallocr.o)
                0x08007cf8                _malloc_r
 .text._realloc_r
                0x08007dac       0x4c d:/mounriver/mounriver_studio/toolchain/arm-none-eabi-gcc/bin/../lib/gcc/arm-none-eabi/9.3.1/../../../../arm-none-eabi/lib/thumb/v7-m/nofp\libg_nano.a(lib_a-nano-reallocr.o)
                0x08007dac                _realloc_r
 .text.__ssputs_r
                0x08007df8       0xb6 d:/mounriver/mounriver_studio/toolchain/arm-none-eabi-gcc/bin/../lib/gcc/arm-none-eabi/9.3.1/../../../../arm-none-eabi/lib/thumb/v7-m/nofp\libg_nano.a(lib_a-nano-svfprintf.o)
                0x08007df8                __ssputs_r
 *fill*         0x08007eae        0x2 
 .text._svfprintf_r
                0x08007eb0      0x200 d:/mounriver/mounriver_studio/toolchain/arm-none-eabi-gcc/bin/../lib/gcc/arm-none-eabi/9.3.1/../../../../arm-none-eabi/lib/thumb/v7-m/nofp\libg_nano.a(lib_a-nano-svfprintf.o)
                0x08007eb0                _svfiprintf_r
                0x08007eb0                _svfprintf_r
 .text._sbrk_r  0x080080b0       0x20 d:/mounriver/mounriver_studio/toolchain/arm-none-eabi-gcc/bin/../lib/gcc/arm-none-eabi/9.3.1/../../../../arm-none-eabi/lib/thumb/v7-m/nofp\libg_nano.a(lib_a-sbrkr.o)
                0x080080b0                _sbrk_r
 .text.__malloc_lock
                0x080080d0        0xc d:/mounriver/mounriver_studio/toolchain/arm-none-eabi-gcc/bin/../lib/gcc/arm-none-eabi/9.3.1/../../../../arm-none-eabi/lib/thumb/v7-m/nofp\libg_nano.a(lib_a-mlock.o)
                0x080080d0                __malloc_lock
 .text.__malloc_unlock
                0x080080dc        0xc d:/mounriver/mounriver_studio/toolchain/arm-none-eabi-gcc/bin/../lib/gcc/arm-none-eabi/9.3.1/../../../../arm-none-eabi/lib/thumb/v7-m/nofp\libg_nano.a(lib_a-mlock.o)
                0x080080dc                __malloc_unlock
 .text._malloc_usable_size_r
                0x080080e8       0x10 d:/mounriver/mounriver_studio/toolchain/arm-none-eabi-gcc/bin/../lib/gcc/arm-none-eabi/9.3.1/../../../../arm-none-eabi/lib/thumb/v7-m/nofp\libg_nano.a(lib_a-nano-msizer.o)
                0x080080e8                _malloc_usable_size_r
 .text.asin     0x080080f8       0x60 d:/mounriver/mounriver_studio/toolchain/arm-none-eabi-gcc/bin/../lib/gcc/arm-none-eabi/9.3.1/../../../../arm-none-eabi/lib/thumb/v7-m/nofp\libm.a(lib_a-w_asin.o)
                0x080080f8                asin
 .text.atan2    0x08008158        0x4 d:/mounriver/mounriver_studio/toolchain/arm-none-eabi-gcc/bin/../lib/gcc/arm-none-eabi/9.3.1/../../../../arm-none-eabi/lib/thumb/v7-m/nofp\libm.a(lib_a-w_atan2.o)
                0x08008158                atan2
 *fill*         0x0800815c        0x4 
 .text.__ieee754_asin
                0x08008160      0x47c d:/mounriver/mounriver_studio/toolchain/arm-none-eabi-gcc/bin/../lib/gcc/arm-none-eabi/9.3.1/../../../../arm-none-eabi/lib/thumb/v7-m/nofp\libm.a(lib_a-e_asin.o)
                0x08008160                __ieee754_asin
 *fill*         0x080085dc        0x4 
 .text.__ieee754_atan2
                0x080085e0      0x194 d:/mounriver/mounriver_studio/toolchain/arm-none-eabi-gcc/bin/../lib/gcc/arm-none-eabi/9.3.1/../../../../arm-none-eabi/lib/thumb/v7-m/nofp\libm.a(lib_a-e_atan2.o)
                0x080085e0                __ieee754_atan2
 .text.__ieee754_sqrt
                0x08008774      0x188 d:/mounriver/mounriver_studio/toolchain/arm-none-eabi-gcc/bin/../lib/gcc/arm-none-eabi/9.3.1/../../../../arm-none-eabi/lib/thumb/v7-m/nofp\libm.a(lib_a-e_sqrt.o)
                0x08008774                __ieee754_sqrt
 *fill*         0x080088fc        0x4 
 .text.atan     0x08008900      0x354 d:/mounriver/mounriver_studio/toolchain/arm-none-eabi-gcc/bin/../lib/gcc/arm-none-eabi/9.3.1/../../../../arm-none-eabi/lib/thumb/v7-m/nofp\libm.a(lib_a-s_atan.o)
                0x08008900                atan
 .text.fabs     0x08008c54        0x8 d:/mounriver/mounriver_studio/toolchain/arm-none-eabi-gcc/bin/../lib/gcc/arm-none-eabi/9.3.1/../../../../arm-none-eabi/lib/thumb/v7-m/nofp\libm.a(lib_a-s_fabs.o)
                0x08008c54                fabs
 .text.nan      0x08008c5c        0xc d:/mounriver/mounriver_studio/toolchain/arm-none-eabi-gcc/bin/../lib/gcc/arm-none-eabi/9.3.1/../../../../arm-none-eabi/lib/thumb/v7-m/nofp\libm.a(lib_a-s_nan.o)
                0x08008c5c                nan
 *(.rodata)
 *(.rodata*)
 .rodata.board_info.str1.1
                0x08008c68       0x86 ./User/info.o
 .rodata.__FUNCTION__.17702
                0x08008cee        0xb ./User/info.o
 .rodata.adc_func.str1.1
                0x08008cf9       0x2d ./Board_Sample/adc_sample.o
 .rodata.shellCmdadc_func
                0x08008d26        0x9 ./Board_Sample/adc_sample.o
                0x08008d26                shellCmdadc_func
 .rodata.shellDescadc_func
                0x08008d2f        0xf ./Board_Sample/adc_sample.o
                0x08008d2f                shellDescadc_func
 .rodata.flash_func.str1.1
                0x08008d3e       0xbb ./Board_Sample/flash_sample.o
                                 0xc2 (size before relaxing)
 .rodata.TEXT_Buf
                0x08008df9       0x1d ./Board_Sample/flash_sample.o
                0x08008df9                TEXT_Buf
 .rodata.shellCmdflash_func
                0x08008e16        0xb ./Board_Sample/flash_sample.o
                0x08008e16                shellCmdflash_func
 .rodata.shellDescflash_func
                0x08008e21       0x11 ./Board_Sample/flash_sample.o
                0x08008e21                shellDescflash_func
 .rodata.shellCmdgpio_func
                0x08008e32        0xa ./Board_Sample/gpio_sample.o
                0x08008e32                shellCmdgpio_func
 .rodata.shellDescgpio_func
                0x08008e3c       0x10 ./Board_Sample/gpio_sample.o
                0x08008e3c                shellDescgpio_func
 .rodata.i2c_mpu6050_soft_func.str1.1
                0x08008e4c        0xb ./Board_Sample/i2c2_mpu6050_sample.o
 .rodata.i2c_mpu6050_dmp_func.str1.1
                0x08008e57       0x1b ./Board_Sample/i2c2_mpu6050_sample.o
 .rodata.shellCmdi2c_mpu6050_dmp_func
                0x08008e72       0x15 ./Board_Sample/i2c2_mpu6050_sample.o
                0x08008e72                shellCmdi2c_mpu6050_dmp_func
 .rodata.shellCmdi2c_mpu6050_soft_func
                0x08008e87       0x16 ./Board_Sample/i2c2_mpu6050_sample.o
                0x08008e87                shellCmdi2c_mpu6050_soft_func
 .rodata.shellDesci2c_mpu6050_dmp_func
                0x08008e9d       0x23 ./Board_Sample/i2c2_mpu6050_sample.o
                0x08008e9d                shellDesci2c_mpu6050_dmp_func
 .rodata.shellDesci2c_mpu6050_soft_func
                0x08008ec0       0x24 ./Board_Sample/i2c2_mpu6050_sample.o
                0x08008ec0                shellDesci2c_mpu6050_soft_func
 .rodata.motor_encoder_func.str1.1
                0x08008ee4        0x4 ./Board_Sample/motor_encoder_sample.o
 .rodata.shellCmdmotor_encoder_func
                0x08008ee8       0x13 ./Board_Sample/motor_encoder_sample.o
                0x08008ee8                shellCmdmotor_encoder_func
 .rodata.shellDescmotor_encoder_func
                0x08008efb       0x20 ./Board_Sample/motor_encoder_sample.o
                0x08008efb                shellDescmotor_encoder_func
 .rodata.asc16  0x08008f1b      0x5f1 ./Board_Sample/spi3_lcd_st7735s_sample.o
                0x08008f1b                asc16
 .rodata.shellCmdspi3_lcd_func
                0x0800950c        0xe ./Board_Sample/spi3_lcd_st7735s_sample.o
                0x0800950c                shellCmdspi3_lcd_func
 .rodata.shellDescspi3_lcd_func
                0x0800951a       0x18 ./Board_Sample/spi3_lcd_st7735s_sample.o
                0x0800951a                shellDescspi3_lcd_func
 .rodata.uart2_ble_func.str1.1
                0x08009532        0x3 ./Board_Sample/uart2_ble_sample.o
 .rodata.shellCmduart2_ble_func
                0x08009535        0xf ./Board_Sample/uart2_ble_sample.o
                0x08009535                shellCmduart2_ble_func
 .rodata.shellDescuart2_ble_func
                0x08009544       0x13 ./Board_Sample/uart2_ble_sample.o
                0x08009544                shellDescuart2_ble_func
 .rodata.uart6_rs485_func.str1.1
                0x08009557        0x3 ./Board_Sample/uart6_rs485_sample.o
 .rodata.shellCmduart6_rs485_func
                0x08009557       0x11 ./Board_Sample/uart6_rs485_sample.o
                0x08009557                shellCmduart6_rs485_func
 .rodata.shellDescuart6_rs485_func
                0x08009568       0x15 ./Board_Sample/uart6_rs485_sample.o
                0x08009568                shellDescuart6_rs485_func
 .rodata.UART2_GPIO_Init.str1.1
                0x0800957d       0x11 ./Board_Drivers/uart2.o
 .rodata.cmd_r_callback.str1.1
                0x0800958e       0x23 ./Board_Component/VOFA+/vofa.o
 .rodata.cmd_h_callback.str1.1
                0x080095b1       0x26 ./Board_Component/VOFA+/vofa.o
 .rodata.cmd_wo_callback.str1.1
                0x080095d7       0x25 ./Board_Component/VOFA+/vofa.o
 .rodata.cmd_wc_callback.str1.1
                0x080095fc       0x25 ./Board_Component/VOFA+/vofa.o
 .rodata.cmd_bo_callback.str1.1
                0x08009621       0x26 ./Board_Component/VOFA+/vofa.o
 .rodata.cmd_init_callback.str1.1
                0x08009647       0x2a ./Board_Component/VOFA+/vofa.o
 .rodata.cmd_expe_callback.str1.1
                0x08009671       0x2a ./Board_Component/VOFA+/vofa.o
 .rodata.cmd_TD_callback.str1.1
                0x0800969b       0x25 ./Board_Component/VOFA+/vofa.o
 .rodata.cmd_run_callback.str1.1
                0x080096c0       0x25 ./Board_Component/VOFA+/vofa.o
                                 0x22 (size before relaxing)
 .rodata.parse_command.str1.1
                0x080096c0       0x89 ./Board_Component/VOFA+/vofa.o
 .rodata.Simulation_TD_Callback.str1.1
                0x08009749       0x89 ./Board_Component/Simulation/simulation.o
                                  0xb (size before relaxing)
 .rodata.Simulation_LOOP_Callback.str1.1
                0x08009749       0x24 ./Board_Component/Simulation/simulation.o
 .rodata.logHexDump.str1.1
                0x0800976d       0x84 ./Board_Component/Letter_Shell/log.o
 .rodata.logSetLevel.str1.1
                0x080097f1       0x6a ./Board_Component/Letter_Shell/log.o
 .rodata.__FUNCTION__.5372
                0x0800985b        0xc ./Board_Component/Letter_Shell/log.o
 .rodata.shellCmdhexdump
                0x08009867        0x8 ./Board_Component/Letter_Shell/log.o
                0x08009867                shellCmdhexdump
 .rodata.shellCmdlogSetLevel
                0x0800986f        0xc ./Board_Component/Letter_Shell/log.o
                0x0800986f                shellCmdlogSetLevel
 .rodata.shellDeschexdump
                0x0800987b       0x2e ./Board_Component/Letter_Shell/log.o
                0x0800987b                shellDeschexdump
 .rodata.shellDesclogSetLevel
                0x080098a9       0x2a ./Board_Component/Letter_Shell/log.o
                0x080098a9                shellDesclogSetLevel
 .rodata.shellWritePrompt.str1.1
                0x080098d3       0x1c ./Board_Component/Letter_Shell/shell.o
                                 0x21 (size before relaxing)
 .rodata.shellClear.str1.1
                0x080098ef        0x9 ./Board_Component/Letter_Shell/shell.o
 .rodata.shellWriteReturnValue.str1.1
                0x080098f8       0x1a ./Board_Component/Letter_Shell/shell.o
 .rodata.shellListItem.str1.1
                0x08009912       0x20 ./Board_Component/Letter_Shell/shell.o
 .rodata.shellListCommand.str1.1
                0x08009932       0x12 ./Board_Component/Letter_Shell/shell.o
 .rodata.shellListVar.str1.1
                0x08009944        0xe ./Board_Component/Letter_Shell/shell.o
 .rodata.shellListUser.str1.1
                0x08009952        0xf ./Board_Component/Letter_Shell/shell.o
 .rodata.shellListKey.str1.1
                0x08009961        0xe ./Board_Component/Letter_Shell/shell.o
 .rodata.shellDeleteCommandLine.str1.1
                0x0800996f        0x4 ./Board_Component/Letter_Shell/shell.o
 .rodata.shellInsertByte.str1.1
                0x08009973       0x21 ./Board_Component/Letter_Shell/shell.o
 .rodata.shellHelp.str1.1
                0x08009994       0x25 ./Board_Component/Letter_Shell/shell.o
 .rodata.shellShowVar.str1.1
                0x080099b9        0x6 ./Board_Component/Letter_Shell/shell.o
 .rodata.shellSetVarValue.str1.1
                0x080099bf       0x2e ./Board_Component/Letter_Shell/shell.o
 .rodata.shellSetVar.str1.1
                0x080099ed       0x20 ./Board_Component/Letter_Shell/shell.o
 .rodata.shellSetUser.str1.1
                0x08009a0d      0x183 ./Board_Component/Letter_Shell/shell.o
 .rodata.shellInit.str1.1
                0x08009b90        0x6 ./Board_Component/Letter_Shell/shell.o
 .rodata.shellExec.str1.1
                0x08009b96       0x13 ./Board_Component/Letter_Shell/shell.o
 .rodata.shellWriteEndLine.str1.1
                0x08009ba9        0x6 ./Board_Component/Letter_Shell/shell.o
 .rodata.shellCmdDefaultUser
                0x08009baf        0x6 ./Board_Component/Letter_Shell/shell.o
                0x08009baf                shellCmdDefaultUser
 .rodata.shellCmdclear
                0x08009bb5        0x6 ./Board_Component/Letter_Shell/shell.o
                0x08009bb5                shellCmdclear
 .rodata.shellCmdcmds
                0x08009bbb        0x5 ./Board_Component/Letter_Shell/shell.o
                0x08009bbb                shellCmdcmds
 .rodata.shellCmdhelp
                0x08009bc0        0x5 ./Board_Component/Letter_Shell/shell.o
                0x08009bc0                shellCmdhelp
 .rodata.shellCmdkeys
                0x08009bc5        0x5 ./Board_Component/Letter_Shell/shell.o
                0x08009bc5                shellCmdkeys
 .rodata.shellCmdsetVar
                0x08009bca        0x7 ./Board_Component/Letter_Shell/shell.o
                0x08009bca                shellCmdsetVar
 .rodata.shellCmdusers
                0x08009bd1        0x6 ./Board_Component/Letter_Shell/shell.o
                0x08009bd1                shellCmdusers
 .rodata.shellCmdvars
                0x08009bd7        0x5 ./Board_Component/Letter_Shell/shell.o
                0x08009bd7                shellCmdvars
 .rodata.shellDesDefaultUser
                0x08009bdc        0xd ./Board_Component/Letter_Shell/shell.o
                0x08009bdc                shellDesDefaultUser
 .rodata.shellDesc0x08000000
                0x08009be9        0xa ./Board_Component/Letter_Shell/shell.o