Archive member included to satisfy reference by file (symbol)

d:/mounriver/mounriver_studio/toolchain/arm-none-eabi-gcc/bin/../lib/gcc/arm-none-eabi/9.3.1/../../../../arm-none-eabi/lib/thumb/v7-m/nofp\libprintfloat.a(printfloat.o)
                              ./Board_Sample/adc_sample.o (printf)
d:/mounriver/mounriver_studio/toolchain/arm-none-eabi-gcc/bin/../lib/gcc/arm-none-eabi/9.3.1/thumb/v7-m/nofp\libgcc.a(_arm_muldf3.o)
                              ./Board_Component/MPU6050/MPU6050_SOFT/mpu6050_filter.o (__aeabi_dmul)
d:/mounriver/mounriver_studio/toolchain/arm-none-eabi-gcc/bin/../lib/gcc/arm-none-eabi/9.3.1/thumb/v7-m/nofp\libgcc.a(_arm_mulsf3.o)
                              ./Board_Component/MPU6050/MPU6050_SOFT/MahonyAHRS.o (__aeabi_fmul)
d:/mounriver/mounriver_studio/toolchain/arm-none-eabi-gcc/bin/../lib/gcc/arm-none-eabi/9.3.1/thumb/v7-m/nofp\libgcc.a(_arm_addsubdf3.o)
                              ./Board_Component/LADRC/ladrc.o (__aeabi_dsub)
d:/mounriver/mounriver_studio/toolchain/arm-none-eabi-gcc/bin/../lib/gcc/arm-none-eabi/9.3.1/thumb/v7-m/nofp\libgcc.a(_arm_muldivdf3.o)
                              ./Board_Component/VOFA+/vofa.o (__aeabi_ddiv)
d:/mounriver/mounriver_studio/toolchain/arm-none-eabi-gcc/bin/../lib/gcc/arm-none-eabi/9.3.1/thumb/v7-m/nofp\libgcc.a(_arm_cmpdf2.o)
                              ./Board_Component/LADRC/ladrc.o (__aeabi_dcmplt)
d:/mounriver/mounriver_studio/toolchain/arm-none-eabi-gcc/bin/../lib/gcc/arm-none-eabi/9.3.1/thumb/v7-m/nofp\libgcc.a(_arm_truncdfsf2.o)
                              ./Board_Component/MPU6050/MPU6050_SOFT/MahonyAHRS.o (__aeabi_d2f)
d:/mounriver/mounriver_studio/toolchain/arm-none-eabi-gcc/bin/../lib/gcc/arm-none-eabi/9.3.1/thumb/v7-m/nofp\libgcc.a(_arm_addsubsf3.o)
                              ./Board_Component/MPU6050/MPU6050_SOFT/MahonyAHRS.o (__aeabi_fsub)
d:/mounriver/mounriver_studio/toolchain/arm-none-eabi-gcc/bin/../lib/gcc/arm-none-eabi/9.3.1/thumb/v7-m/nofp\libgcc.a(_arm_muldivsf3.o)
                              ./Board_Component/MPU6050/MPU6050_SOFT/mpu6050_filter.o (__aeabi_fdiv)
d:/mounriver/mounriver_studio/toolchain/arm-none-eabi-gcc/bin/../lib/gcc/arm-none-eabi/9.3.1/thumb/v7-m/nofp\libgcc.a(_arm_cmpsf2.o)
                              ./Board_Component/MPU6050/MPU6050_SOFT/MahonyAHRS.o (__aeabi_fcmpeq)
d:/mounriver/mounriver_studio/toolchain/arm-none-eabi-gcc/bin/../lib/gcc/arm-none-eabi/9.3.1/thumb/v7-m/nofp\libgcc.a(_arm_fixsfsi.o)
                              ./Board_Sample/i2c2_mpu6050_sample.o (__aeabi_f2iz)
d:/mounriver/mounriver_studio/toolchain/arm-none-eabi-gcc/bin/../lib/gcc/arm-none-eabi/9.3.1/thumb/v7-m/nofp\libgcc.a(_arm_fixunssfsi.o)
                              ./Board_Component/MPU6050/MPU6050_DMP/eMPL/inv_mpu_dmp_motion_driver.o (__aeabi_f2uiz)
d:/mounriver/mounriver_studio/toolchain/arm-none-eabi-gcc/bin/../lib/gcc/arm-none-eabi/9.3.1/thumb/v7-m/nofp\libgcc.a(_aeabi_ldivmod.o)
                              ./Board_Component/MPU6050/MPU6050_DMP/eMPL/inv_mpu.o (__aeabi_ldivmod)
d:/mounriver/mounriver_studio/toolchain/arm-none-eabi-gcc/bin/../lib/gcc/arm-none-eabi/9.3.1/thumb/v7-m/nofp\libgcc.a(_aeabi_uldivmod.o)
                              ./Board_Component/LVGL/lvgl-8.3.5/src/misc/lv_printf.o (__aeabi_uldivmod)
d:/mounriver/mounriver_studio/toolchain/arm-none-eabi-gcc/bin/../lib/gcc/arm-none-eabi/9.3.1/thumb/v7-m/nofp\libgcc.a(_fixdfdi.o)
                              d:/mounriver/mounriver_studio/toolchain/arm-none-eabi-gcc/bin/../lib/gcc/arm-none-eabi/9.3.1/../../../../arm-none-eabi/lib/thumb/v7-m/nofp\libprintfloat.a(printfloat.o) (__aeabi_d2lz)
d:/mounriver/mounriver_studio/toolchain/arm-none-eabi-gcc/bin/../lib/gcc/arm-none-eabi/9.3.1/thumb/v7-m/nofp\libgcc.a(_fixunsdfdi.o)
                              d:/mounriver/mounriver_studio/toolchain/arm-none-eabi-gcc/bin/../lib/gcc/arm-none-eabi/9.3.1/thumb/v7-m/nofp\libgcc.a(_fixdfdi.o) (__aeabi_d2ulz)
d:/mounriver/mounriver_studio/toolchain/arm-none-eabi-gcc/bin/../lib/gcc/arm-none-eabi/9.3.1/thumb/v7-m/nofp\libgcc.a(_udivmoddi4.o)
                              d:/mounriver/mounriver_studio/toolchain/arm-none-eabi-gcc/bin/../lib/gcc/arm-none-eabi/9.3.1/thumb/v7-m/nofp\libgcc.a(_aeabi_ldivmod.o) (__udivmoddi4)
d:/mounriver/mounriver_studio/toolchain/arm-none-eabi-gcc/bin/../lib/gcc/arm-none-eabi/9.3.1/thumb/v7-m/nofp\libgcc.a(_dvmd_tls.o)
                              d:/mounriver/mounriver_studio/toolchain/arm-none-eabi-gcc/bin/../lib/gcc/arm-none-eabi/9.3.1/thumb/v7-m/nofp\libgcc.a(_aeabi_ldivmod.o) (__aeabi_ldiv0)
d:/mounriver/mounriver_studio/toolchain/arm-none-eabi-gcc/bin/../lib/gcc/arm-none-eabi/9.3.1/thumb/v7-m/nofp\libgcc.a(_arm_fixunsdfsi.o)
                              d:/mounriver/mounriver_studio/toolchain/arm-none-eabi-gcc/bin/../lib/gcc/arm-none-eabi/9.3.1/thumb/v7-m/nofp\libgcc.a(_fixunsdfdi.o) (__aeabi_d2uiz)
[...]
Memory Configuration

Name             Origin             Length             Attributes
FLASH            0x08000000         0x00040000         xr
RAM              0x20000000         0x00010000         xrw
*default*        0x00000000         0xffffffff

Linker script and memory map

LOAD ./User/ch32f20x_it.o
LOAD ./User/info.o
LOAD ./User/main.o
LOAD ./User/system_ch32f20x.o
LOAD ./Startup/startup_ch32f20x_D8.o
LOAD ./Peripheral/src/ch32f20x_adc.o
LOAD ./Peripheral/src/ch32f20x_bkp.o
LOAD ./Peripheral/src/ch32f20x_can.o
LOAD ./Peripheral/src/ch32f20x_crc.o
LOAD ./Peripheral/src/ch32f20x_dac.o
LOAD ./Peripheral/src/ch32f20x_dbgmcu.o
LOAD ./Peripheral/src/ch32f20x_dma.o
LOAD ./Peripheral/src/ch32f20x_dvp.o
LOAD ./Peripheral/src/ch32f20x_exti.o
LOAD ./Peripheral/src/ch32f20x_flash.o
LOAD ./Peripheral/src/ch32f20x_fsmc.o
LOAD ./Peripheral/src/ch32f20x_gpio.o
LOAD ./Peripheral/src/ch32f20x_i2c.o
LOAD ./Peripheral/src/ch32f20x_iwdg.o
LOAD ./Peripheral/src/ch32f20x_misc.o
LOAD ./Peripheral/src/ch32f20x_opa.o
LOAD ./Peripheral/src/ch32f20x_pwr.o
LOAD ./Peripheral/src/ch32f20x_rcc.o
LOAD ./Peripheral/src/ch32f20x_rng.o
LOAD ./Peripheral/src/ch32f20x_rtc.o
LOAD ./Peripheral/src/ch32f20x_sdio.o
LOAD ./Peripheral/src/ch32f20x_spi.o
LOAD ./Peripheral/src/ch32f20x_tim.o
LOAD ./Peripheral/src/ch32f20x_usart.o
LOAD ./Peripheral/src/ch32f20x_wwdg.o
LOAD ./Debug/debug.o
LOAD ./Core/core_cm3.o
LOAD ./Board_Sample/adc_sample.o
LOAD ./Board_Sample/flash_sample.o
LOAD ./Board_Sample/gpio_sample.o
LOAD ./Board_Sample/i2c2_mpu6050_sample.o
LOAD ./Board_Sample/motor_encoder_sample.o
LOAD ./Board_Sample/spi3_lcd_st7735s_sample.o
LOAD ./Board_Sample/uart2_ble_sample.o
LOAD ./Board_Sample/uart6_rs485_sample.o
LOAD ./Board_Drivers/adc.o
LOAD ./Board_Drivers/drv_def.o
LOAD ./Board_Drivers/i2c2.o
LOAD ./Board_Drivers/key.o
LOAD ./Board_Drivers/led.o
LOAD ./Board_Drivers/spi2.o
LOAD ./Board_Drivers/spi3.o
LOAD ./Board_Drivers/timer2.o
LOAD ./Board_Drivers/timer3.o
LOAD ./Board_Drivers/timer4.o
LOAD ./Board_Drivers/timer5.o
LOAD ./Board_Drivers/timer6.o
LOAD ./Board_Drivers/timer7.o
LOAD ./Board_Drivers/timer8.o
LOAD ./Board_Drivers/timer9.o
LOAD ./Board_Drivers/uart2.o
LOAD ./Board_Drivers/uart4.o
LOAD ./Board_Drivers/uart6.o
LOAD ./Board_Drivers/uart7.o
LOAD ./Board_Drivers/uart8.o
LOAD ./Board_Component/VOFA+/vofa.o
LOAD ./Board_Component/USR_printf/usr_printf.o
LOAD ./Board_Component/TFT_ST7735S/tft_st7735s.o
LOAD ./Board_Component/Simulation/simulation.o
LOAD ./Board_Component/SFUD/src/sfud.o
LOAD ./Board_Component/SFUD/src/sfud_sfdp.o
LOAD ./Board_Component/SFUD/port/sfud_port.o
LOAD ./Board_Component/MultiTimer/MultiTimer.o
LOAD ./Board_Component/MPU6050/MPU6050_SOFT/MahonyAHRS.o
LOAD ./Board_Component/MPU6050/MPU6050_SOFT/mpu6050_filter.o
LOAD ./Board_Component/MPU6050/MPU6050_SOFT/mpu6050_soft.o
LOAD ./Board_Component/MPU6050/MPU6050_DMP/eMPL/inv_mpu.o
LOAD ./Board_Component/MPU6050/MPU6050_DMP/eMPL/inv_mpu_dmp_motion_driver.o
LOAD ./Board_Component/MPU6050/MPU6050_DMP/Driver/mpu6050_dmp.o
LOAD ./Board_Component/Letter_Shell/log.o
LOAD ./Board_Component/Letter_Shell/lshell_port.o
LOAD ./Board_Component/Letter_Shell/shell.o
LOAD ./Board_Component/Letter_Shell/shell_cmd_list.o
LOAD ./Board_Component/Letter_Shell/shell_companion.o
LOAD ./Board_Component/Letter_Shell/shell_ext.o
LOAD ./Board_Component/LVGL/lvgl-8.3.5/src/widgets/lv_arc.o
LOAD ./Board_Component/LVGL/lvgl-8.3.5/src/widgets/lv_bar.o
LOAD ./Board_Component/LVGL/lvgl-8.3.5/src/widgets/lv_btn.o
LOAD ./Board_Component/LVGL/lvgl-8.3.5/src/widgets/lv_btnmatrix.o
LOAD ./Board_Component/LVGL/lvgl-8.3.5/src/widgets/lv_canvas.o
LOAD ./Board_Component/LVGL/lvgl-8.3.5/src/widgets/lv_checkbox.o
LOAD ./Board_Component/LVGL/lvgl-8.3.5/src/widgets/lv_dropdown.o
LOAD ./Board_Component/LVGL/lvgl-8.3.5/src/widgets/lv_img.o
LOAD ./Board_Component/LVGL/lvgl-8.3.5/src/widgets/lv_label.o
LOAD ./Board_Component/LVGL/lvgl-8.3.5/src/widgets/lv_line.o
LOAD ./Board_Component/LVGL/lvgl-8.3.5/src/widgets/lv_objx_templ.o
LOAD ./Board_Component/LVGL/lvgl-8.3.5/src/widgets/lv_roller.o
LOAD ./Board_Component/LVGL/lvgl-8.3.5/src/widgets/lv_slider.o
LOAD ./Board_Component/LVGL/lvgl-8.3.5/src/widgets/lv_switch.o
LOAD ./Board_Component/LVGL/lvgl-8.3.5/src/widgets/lv_table.o
LOAD ./Board_Component/LVGL/lvgl-8.3.5/src/widgets/lv_textarea.o
LOAD ./Board_Component/LVGL/lvgl-8.3.5/src/misc/lv_anim.o
LOAD ./Board_Component/LVGL/lvgl-8.3.5/src/misc/lv_anim_timeline.o
LOAD ./Board_Component/LVGL/lvgl-8.3.5/src/misc/lv_area.o
LOAD ./Board_Component/LVGL/lvgl-8.3.5/src/misc/lv_async.o
LOAD ./Board_Component/LVGL/lvgl-8.3.5/src/misc/lv_bidi.o
LOAD ./Board_Component/LVGL/lvgl-8.3.5/src/misc/lv_color.o
LOAD ./Board_Component/LVGL/lvgl-8.3.5/src/misc/lv_fs.o
LOAD ./Board_Component/LVGL/lvgl-8.3.5/src/misc/lv_gc.o
LOAD ./Board_Component/LVGL/lvgl-8.3.5/src/misc/lv_ll.o
LOAD ./Board_Component/LVGL/lvgl-8.3.5/src/misc/lv_log.o
LOAD ./Board_Component/LVGL/lvgl-8.3.5/src/misc/lv_lru.o
LOAD ./Board_Component/LVGL/lvgl-8.3.5/src/misc/lv_math.o
LOAD ./Board_Component/LVGL/lvgl-8.3.5/src/misc/lv_mem.o
LOAD ./Board_Component/LVGL/lvgl-8.3.5/src/misc/lv_printf.o
LOAD ./Board_Component/LVGL/lvgl-8.3.5/src/misc/lv_style.o
LOAD ./Board_Component/LVGL/lvgl-8.3.5/src/misc/lv_style_gen.o
LOAD ./Board_Component/LVGL/lvgl-8.3.5/src/misc/lv_templ.o
LOAD ./Board_Component/LVGL/lvgl-8.3.5/src/misc/lv_timer.o
LOAD ./Board_Component/LVGL/lvgl-8.3.5/src/misc/lv_tlsf.o
LOAD ./Board_Component/LVGL/lvgl-8.3.5/src/misc/lv_txt.o
LOAD ./Board_Component/LVGL/lvgl-8.3.5/src/misc/lv_txt_ap.o
LOAD ./Board_Component/LVGL/lvgl-8.3.5/src/misc/lv_utils.o
LOAD ./Board_Component/LVGL/lvgl-8.3.5/src/hal/lv_hal_disp.o
LOAD ./Board_Component/LVGL/lvgl-8.3.5/src/hal/lv_hal_indev.o
LOAD ./Board_Component/LVGL/lvgl-8.3.5/src/hal/lv_hal_tick.o
LOAD ./Board_Component/LVGL/lvgl-8.3.5/src/font/lv_font.o
LOAD ./Board_Component/LVGL/lvgl-8.3.5/src/font/lv_font_dejavu_16_persian_hebrew.o
LOAD ./Board_Component/LVGL/lvgl-8.3.5/src/font/lv_font_fmt_txt.o
LOAD ./Board_Component/LVGL/lvgl-8.3.5/src/font/lv_font_loader.o
LOAD ./Board_Component/LVGL/lvgl-8.3.5/src/font/lv_font_montserrat_10.o
LOAD ./Board_Component/LVGL/lvgl-8.3.5/src/font/lv_font_montserrat_12.o
LOAD ./Board_Component/LVGL/lvgl-8.3.5/src/font/lv_font_montserrat_12_subpx.o
LOAD ./Board_Component/LVGL/lvgl-8.3.5/src/font/lv_font_montserrat_14.o
LOAD ./Board_Component/LVGL/lvgl-8.3.5/src/font/lv_font_montserrat_16.o
LOAD ./Board_Component/LVGL/lvgl-8.3.5/src/font/lv_font_montserrat_18.o
LOAD ./Board_Component/LVGL/lvgl-8.3.5/src/font/lv_font_montserrat_20.o
LOAD ./Board_Component/LVGL/lvgl-8.3.5/src/font/lv_font_montserrat_22.o
LOAD ./Board_Component/LVGL/lvgl-8.3.5/src/font/lv_font_montserrat_24.o
LOAD ./Board_Component/LVGL/lvgl-8.3.5/src/font/lv_font_montserrat_26.o
LOAD ./Board_Component/LVGL/lvgl-8.3.5/src/font/lv_font_montserrat_28.o
LOAD ./Board_Component/LVGL/lvgl-8.3.5/src/font/lv_font_montserrat_28_compressed.o
LOAD ./Board_Component/LVGL/lvgl-8.3.5/src/font/lv_font_montserrat_30.o
LOAD ./Board_Component/LVGL/lvgl-8.3.5/src/font/lv_font_montserrat_32.o
LOAD ./Board_Component/LVGL/lvgl-8.3.5/src/font/lv_font_montserrat_34.o
LOAD ./Board_Component/LVGL/lvgl-8.3.5/src/font/lv_font_montserrat_36.o
LOAD ./Board_Component/LVGL/lvgl-8.3.5/src/font/lv_font_montserrat_38.o
LOAD ./Board_Component/LVGL/lvgl-8.3.5/src/font/lv_font_montserrat_40.o
LOAD ./Board_Component/LVGL/lvgl-8.3.5/src/font/lv_font_montserrat_42.o
LOAD ./Board_Component/LVGL/lvgl-8.3.5/src/font/lv_font_montserrat_44.o
LOAD ./Board_Component/LVGL/lvgl-8.3.5/src/font/lv_font_montserrat_46.o
LOAD ./Board_Component/LVGL/lvgl-8.3.5/src/font/lv_font_montserrat_48.o
LOAD ./Board_Component/LVGL/lvgl-8.3.5/src/font/lv_font_montserrat_8.o
LOAD ./Board_Component/LVGL/lvgl-8.3.5/src/font/lv_font_simsun_16_cjk.o
LOAD ./Board_Component/LVGL/lvgl-8.3.5/src/font/lv_font_unscii_16.o
LOAD ./Board_Component/LVGL/lvgl-8.3.5/src/font/lv_font_unscii_8.o
LOAD ./Board_Component/LVGL/lvgl-8.3.5/src/extra/widgets/win/lv_win.o
LOAD ./Board_Component/LVGL/lvgl-8.3.5/src/extra/widgets/tileview/lv_tileview.o
LOAD ./Board_Component/LVGL/lvgl-8.3.5/src/extra/widgets/tabview/lv_tabview.o
LOAD ./Board_Component/LVGL/lvgl-8.3.5/src/extra/widgets/spinner/lv_spinner.o
LOAD ./Board_Component/LVGL/lvgl-8.3.5/src/extra/widgets/spinbox/lv_spinbox.o
LOAD ./Board_Component/LVGL/lvgl-8.3.5/src/extra/widgets/span/lv_span.o
LOAD ./Board_Component/LVGL/lvgl-8.3.5/src/extra/widgets/msgbox/lv_msgbox.o
LOAD ./Board_Component/LVGL/lvgl-8.3.5/src/extra/widgets/meter/lv_meter.o
LOAD ./Board_Component/LVGL/lvgl-8.3.5/src/extra/widgets/menu/lv_menu.o
LOAD ./Board_Component/LVGL/lvgl-8.3.5/src/extra/widgets/list/lv_list.o
LOAD ./Board_Component/LVGL/lvgl-8.3.5/src/extra/widgets/led/lv_led.o
LOAD ./Board_Component/LVGL/lvgl-8.3.5/src/extra/widgets/keyboard/lv_keyboard.o
LOAD ./Board_Component/LVGL/lvgl-8.3.5/src/extra/widgets/imgbtn/lv_imgbtn.o
LOAD ./Board_Component/LVGL/lvgl-8.3.5/src/extra/widgets/colorwheel/lv_colorwheel.o
LOAD ./Board_Component/LVGL/lvgl-8.3.5/src/extra/widgets/chart/lv_chart.o
LOAD ./Board_Component/LVGL/lvgl-8.3.5/src/extra/widgets/calendar/lv_calendar.o
LOAD ./Board_Component/LVGL/lvgl-8.3.5/src/extra/widgets/calendar/lv_calendar_header_arrow.o
LOAD ./Board_Component/LVGL/lvgl-8.3.5/src/extra/widgets/calendar/lv_calendar_header_dropdown.o
LOAD ./Board_Component/LVGL/lvgl-8.3.5/src/extra/widgets/animimg/lv_animimg.o
LOAD ./Board_Component/LVGL/lvgl-8.3.5/src/extra/themes/mono/lv_theme_mono.o
LOAD ./Board_Component/LVGL/lvgl-8.3.5/src/extra/themes/default/lv_theme_default.o
LOAD ./Board_Component/LVGL/lvgl-8.3.5/src/extra/themes/basic/lv_theme_basic.o
LOAD ./Board_Component/LVGL/lvgl-8.3.5/src/extra/others/snapshot/lv_snapshot.o
LOAD ./Board_Component/LVGL/lvgl-8.3.5/src/extra/others/msg/lv_msg.o
LOAD ./Board_Component/LVGL/lvgl-8.3.5/src/extra/others/monkey/lv_monkey.o
LOAD ./Board_Component/LVGL/lvgl-8.3.5/src/extra/others/imgfont/lv_imgfont.o
LOAD ./Board_Component/LVGL/lvgl-8.3.5/src/extra/others/ime/lv_ime_pinyin.o
LOAD ./Board_Component/LVGL/lvgl-8.3.5/src/extra/others/gridnav/lv_gridnav.o
LOAD ./Board_Component/LVGL/lvgl-8.3.5/src/extra/others/fragment/lv_fragment.o
LOAD ./Board_Component/LVGL/lvgl-8.3.5/src/extra/others/fragment/lv_fragment_manager.o
LOAD ./Board_Component/LVGL/lvgl-8.3.5/src/extra/libs/sjpg/lv_sjpg.o
LOAD ./Board_Component/LVGL/lvgl-8.3.5/src/extra/libs/sjpg/tjpgd.o
LOAD ./Board_Component/LVGL/lvgl-8.3.5/src/extra/libs/rlottie/lv_rlottie.o
LOAD ./Board_Component/LVGL/lvgl-8.3.5/src/extra/libs/qrcode/lv_qrcode.o
LOAD ./Board_Component/LVGL/lvgl-8.3.5/src/extra/libs/qrcode/qrcodegen.o
LOAD ./Board_Component/LVGL/lvgl-8.3.5/src/extra/libs/png/lodepng.o
LOAD ./Board_Component/LVGL/lvgl-8.3.5/src/extra/libs/png/lv_png.o
LOAD ./Board_Component/LVGL/lvgl-8.3.5/src/extra/libs/gif/gifdec.o
LOAD ./Board_Component/LVGL/lvgl-8.3.5/src/extra/libs/gif/lv_gif.o
LOAD ./Board_Component/LVGL/lvgl-8.3.5/src/extra/libs/fsdrv/lv_fs_fatfs.o
LOAD ./Board_Component/LVGL/lvgl-8.3.5/src/extra/libs/fsdrv/lv_fs_posix.o
LOAD ./Board_Component/LVGL/lvgl-8.3.5/src/extra/libs/fsdrv/lv_fs_stdio.o
LOAD ./Board_Component/LVGL/lvgl-8.3.5/src/extra/libs/fsdrv/lv_fs_win32.o
LOAD ./Board_Component/LVGL/lvgl-8.3.5/src/extra/libs/freetype/lv_freetype.o
LOAD ./Board_Component/LVGL/lvgl-8.3.5/src/extra/libs/ffmpeg/lv_ffmpeg.o
LOAD ./Board_Component/LVGL/lvgl-8.3.5/src/extra/libs/bmp/lv_bmp.o
LOAD ./Board_Component/LVGL/lvgl-8.3.5/src/extra/layouts/grid/lv_grid.o
LOAD ./Board_Component/LVGL/lvgl-8.3.5/src/extra/layouts/flex/lv_flex.o
LOAD ./Board_Component/LVGL/lvgl-8.3.5/src/extra/lv_extra.o
LOAD ./Board_Component/LVGL/lvgl-8.3.5/src/draw/swm341_dma2d/lv_gpu_swm341_dma2d.o
LOAD ./Board_Component/LVGL/lvgl-8.3.5/src/draw/sw/lv_draw_sw.o
LOAD ./Board_Component/LVGL/lvgl-8.3.5/src/draw/sw/lv_draw_sw_arc.o
LOAD ./Board_Component/LVGL/lvgl-8.3.5/src/draw/sw/lv_draw_sw_blend.o
LOAD ./Board_Component/LVGL/lvgl-8.3.5/src/draw/sw/lv_draw_sw_dither.o
LOAD ./Board_Component/LVGL/lvgl-8.3.5/src/draw/sw/lv_draw_sw_gradient.o
LOAD ./Board_Component/LVGL/lvgl-8.3.5/src/draw/sw/lv_draw_sw_img.o
LOAD ./Board_Component/LVGL/lvgl-8.3.5/src/draw/sw/lv_draw_sw_layer.o
LOAD ./Board_Component/LVGL/lvgl-8.3.5/src/draw/sw/lv_draw_sw_letter.o
LOAD ./Board_Component/LVGL/lvgl-8.3.5/src/draw/sw/lv_draw_sw_line.o
LOAD ./Board_Component/LVGL/lvgl-8.3.5/src/draw/sw/lv_draw_sw_polygon.o
LOAD ./Board_Component/LVGL/lvgl-8.3.5/src/draw/sw/lv_draw_sw_rect.o
LOAD ./Board_Component/LVGL/lvgl-8.3.5/src/draw/sw/lv_draw_sw_transform.o
LOAD ./Board_Component/LVGL/lvgl-8.3.5/src/draw/stm32_dma2d/lv_gpu_stm32_dma2d.o
LOAD ./Board_Component/LVGL/lvgl-8.3.5/src/draw/sdl/lv_draw_sdl.o
LOAD ./Board_Component/LVGL/lvgl-8.3.5/src/draw/sdl/lv_draw_sdl_arc.o
LOAD ./Board_Component/LVGL/lvgl-8.3.5/src/draw/sdl/lv_draw_sdl_bg.o
LOAD ./Board_Component/LVGL/lvgl-8.3.5/src/draw/sdl/lv_draw_sdl_composite.o
LOAD ./Board_Component/LVGL/lvgl-8.3.5/src/draw/sdl/lv_draw_sdl_img.o
LOAD ./Board_Component/LVGL/lvgl-8.3.5/src/draw/sdl/lv_draw_sdl_label.o
LOAD ./Board_Component/LVGL/lvgl-8.3.5/src/draw/sdl/lv_draw_sdl_layer.o
LOAD ./Board_Component/LVGL/lvgl-8.3.5/src/draw/sdl/lv_draw_sdl_line.o
LOAD ./Board_Component/LVGL/lvgl-8.3.5/src/draw/sdl/lv_draw_sdl_mask.o
LOAD ./Board_Component/LVGL/lvgl-8.3.5/src/draw/sdl/lv_draw_sdl_polygon.o
LOAD ./Board_Component/LVGL/lvgl-8.3.5/src/draw/sdl/lv_draw_sdl_rect.o
LOAD ./Board_Component/LVGL/lvgl-8.3.5/src/draw/sdl/lv_draw_sdl_stack_blur.o
LOAD ./Board_Component/LVGL/lvgl-8.3.5/src/draw/sdl/lv_draw_sdl_texture_cache.o
LOAD ./Board_Component/LVGL/lvgl-8.3.5/src/draw/sdl/lv_draw_sdl_utils.o
LOAD ./Board_Component/LVGL/lvgl-8.3.5/src/draw/nxp/vglite/lv_draw_vglite.o
LOAD ./Board_Component/LVGL/lvgl-8.3.5/src/draw/nxp/vglite/lv_draw_vglite_arc.o
LOAD ./Board_Component/LVGL/lvgl-8.3.5/src/draw/nxp/vglite/lv_draw_vglite_blend.o
LOAD ./Board_Component/LVGL/lvgl-8.3.5/src/draw/nxp/vglite/lv_draw_vglite_line.o
LOAD ./Board_Component/LVGL/lvgl-8.3.5/src/draw/nxp/vglite/lv_draw_vglite_rect.o
LOAD ./Board_Component/LVGL/lvgl-8.3.5/src/draw/nxp/vglite/lv_vglite_buf.o
LOAD ./Board_Component/LVGL/lvgl-8.3.5/src/draw/nxp/vglite/lv_vglite_utils.o
LOAD ./Board_Component/LVGL/lvgl-8.3.5/src/draw/nxp/pxp/lv_draw_pxp.o
LOAD ./Board_Component/LVGL/lvgl-8.3.5/src/draw/nxp/pxp/lv_draw_pxp_blend.o
LOAD ./Board_Component/LVGL/lvgl-8.3.5/src/draw/nxp/pxp/lv_gpu_nxp_pxp.o
LOAD ./Board_Component/LVGL/lvgl-8.3.5/src/draw/nxp/pxp/lv_gpu_nxp_pxp_osa.o
LOAD ./Board_Component/LVGL/lvgl-8.3.5/src/draw/arm2d/lv_gpu_arm2d.o
LOAD ./Board_Component/LVGL/lvgl-8.3.5/src/draw/lv_draw.o
LOAD ./Board_Component/LVGL/lvgl-8.3.5/src/draw/lv_draw_arc.o
LOAD ./Board_Component/LVGL/lvgl-8.3.5/src/draw/lv_draw_img.o
LOAD ./Board_Component/LVGL/lvgl-8.3.5/src/draw/lv_draw_label.o
LOAD ./Board_Component/LVGL/lvgl-8.3.5/src/draw/lv_draw_layer.o
LOAD ./Board_Component/LVGL/lvgl-8.3.5/src/draw/lv_draw_line.o
LOAD ./Board_Component/LVGL/lvgl-8.3.5/src/draw/lv_draw_mask.o
LOAD ./Board_Component/LVGL/lvgl-8.3.5/src/draw/lv_draw_rect.o
LOAD ./Board_Component/LVGL/lvgl-8.3.5/src/draw/lv_draw_transform.o
LOAD ./Board_Component/LVGL/lvgl-8.3.5/src/draw/lv_draw_triangle.o
LOAD ./Board_Component/LVGL/lvgl-8.3.5/src/draw/lv_img_buf.o
LOAD ./Board_Component/LVGL/lvgl-8.3.5/src/draw/lv_img_cache.o
LOAD ./Board_Component/LVGL/lvgl-8.3.5/src/draw/lv_img_decoder.o
LOAD ./Board_Component/LVGL/lvgl-8.3.5/src/core/lv_disp.o
LOAD ./Board_Component/LVGL/lvgl-8.3.5/src/core/lv_event.o
LOAD ./Board_Component/LVGL/lvgl-8.3.5/src/core/lv_group.o
LOAD ./Board_Component/LVGL/lvgl-8.3.5/src/core/lv_indev.o
LOAD ./Board_Component/LVGL/lvgl-8.3.5/src/core/lv_indev_scroll.o
LOAD ./Board_Component/LVGL/lvgl-8.3.5/src/core/lv_obj.o
LOAD ./Board_Component/LVGL/lvgl-8.3.5/src/core/lv_obj_class.o
LOAD ./Board_Component/LVGL/lvgl-8.3.5/src/core/lv_obj_draw.o
LOAD ./Board_Component/LVGL/lvgl-8.3.5/src/core/lv_obj_pos.o
LOAD ./Board_Component/LVGL/lvgl-8.3.5/src/core/lv_obj_scroll.o
LOAD ./Board_Component/LVGL/lvgl-8.3.5/src/core/lv_obj_style.o
LOAD ./Board_Component/LVGL/lvgl-8.3.5/src/core/lv_obj_style_gen.o
LOAD ./Board_Component/LVGL/lvgl-8.3.5/src/core/lv_obj_tree.o
LOAD ./Board_Component/LVGL/lvgl-8.3.5/src/core/lv_refr.o
LOAD ./Board_Component/LVGL/lvgl-8.3.5/src/core/lv_theme.o
LOAD ./Board_Component/LVGL/lvgl-8.3.5/examples/porting/lv_port_disp.o
LOAD ./Board_Component/LVGL/lvgl-8.3.5/examples/porting/lv_port_fs.o
LOAD ./Board_Component/LVGL/lvgl-8.3.5/examples/porting/lv_port_indev.o
LOAD ./Board_Component/LADRC/ladrc.o
LOAD ./Board_Component/FLASH_W25Q16/flash_w25q16.o
LOAD ./Board_Component/Encoder_Speed/encoder_speed.o
LOAD ./Board_Component/CherryRB/chry_ringbuffer.o
LOAD d:/mounriver/mounriver_studio/toolchain/arm-none-eabi-gcc/bin/../lib/gcc/arm-none-eabi/9.3.1/../../../../arm-none-eabi/lib/thumb/v7-m/nofp\libprintfloat.a
START GROUP
LOAD d:/mounriver/mounriver_studio/toolchain/arm-none-eabi-gcc/bin/../lib/gcc/arm-none-eabi/9.3.1/thumb/v7-m/nofp\libgcc.a
LOAD d:/mounriver/mounriver_studio/toolchain/arm-none-eabi-gcc/bin/../lib/gcc/arm-none-eabi/9.3.1/../../../../arm-none-eabi/lib/thumb/v7-m/nofp\libg_nano.a
LOAD d:/mounriver/mounriver_studio/toolchain/arm-none-eabi-gcc/bin/../lib/gcc/arm-none-eabi/9.3.1/../../../../arm-none-eabi/lib/thumb/v7-m/nofp\libc_nano.a
END GROUP
START GROUP
LOAD d:/mounriver/mounriver_studio/toolchain/arm-none-eabi-gcc/bin/../lib/gcc/arm-none-eabi/9.3.1/thumb/v7-m/nofp\libgcc.a
LOAD d:/mounriver/mounriver_studio/toolchain/arm-none-eabi-gcc/bin/../lib/gcc/arm-none-eabi/9.3.1/../../../../arm-none-eabi/lib/thumb/v7-m/nofp\libc_nano.a
LOAD d:/mounriver/mounriver_studio/toolchain/arm-none-eabi-gcc/bin/../lib/gcc/arm-none-eabi/9.3.1/../../../../arm-none-eabi/lib/thumb/v7-m/nofp\libnosys.a
END GROUP
START GROUP
LOAD d:/mounriver/mounriver_studio/toolchain/arm-none-eabi-gcc/bin/../lib/gcc/arm-none-eabi/9.3.1/thumb/v7-m/nofp\libgcc.a
LOAD d:/mounriver/mounriver_studio/toolchain/arm-none-eabi-gcc/bin/../lib/gcc/arm-none-eabi/9.3.1/../../../../arm-none-eabi/lib/thumb/v7-m/nofp\libc_nano.a
LOAD d:/mounriver/mounriver_studio/toolchain/arm-none-eabi-gcc/bin/../lib/gcc/arm-none-eabi/9.3.1/../../../../arm-none-eabi/lib/thumb/v7-m/nofp\libnosys.a
END GROUP
                0x20008000                _estack = 0x20008000
                0x00000200                _Min_Heap_Size = 0x200
                0x00000400                _Min_Stack_Size = 0x400

.isr_vector     0x08000000      0x1a0
                0x08000000                . = ALIGN (0x4)
 *(.isr_vector)
 .isr_vector    0x08000000      0x1a0 ./Startup/startup_ch32f20x_D8.o
                0x08000000                g_pfnVectors
                0x080001a0                . = ALIGN (0x4)

.text           0x080001a0     0x9fd8
                0x080001a0                . = ALIGN (0x4)
 *(.text)
 .text          0x080001a0      0x378 d:/mounriver/mounriver_studio/toolchain/arm-none-eabi-gcc/bin/../lib/gcc/arm-none-eabi/9.3.1/thumb/v7-m/nofp\libgcc.a(_arm_addsubdf3.o)
                0x080001a0                __aeabi_drsub
                0x080001a8                __aeabi_dsub
                0x080001a8                __subdf3
                0x080001ac                __aeabi_dadd
                0x080001ac                __adddf3
                0x08000424                __floatunsidf
                0x08000424                __aeabi_ui2d
                0x08000444                __floatsidf
                0x08000444                __aeabi_i2d
                0x08000468                __aeabi_f2d
                0x08000468                __extendsfdf2
                0x080004ac                __floatundidf
                0x080004ac                __aeabi_ul2d
                0x080004bc                __floatdidf
                0x080004bc                __aeabi_l2d
 .text          0x08000518      0x424 d:/mounriver/mounriver_studio/toolchain/arm-none-eabi-gcc/bin/../lib/gcc/arm-none-eabi/9.3.1/thumb/v7-m/nofp\libgcc.a(_arm_muldivdf3.o)
                0x08000518                __aeabi_dmul
                0x08000518                __muldf3
                0x0800076c                __divdf3
                0x0800076c                __aeabi_ddiv
 .text          0x0800093c      0x110 d:/mounriver/mounriver_studio/toolchain/arm-none-eabi-gcc/bin/../lib/gcc/arm-none-eabi/9.3.1/thumb/v7-m/nofp\libgcc.a(_arm_cmpdf2.o)
                0x0800093c                __gtdf2
                0x0800093c                __gedf2
                0x08000944                __ltdf2
                0x08000944                __ledf2
                0x0800094c                __nedf2
                0x0800094c                __eqdf2
                0x0800094c                __cmpdf2
                0x080009c8                __aeabi_cdrcmple
                0x080009d8                __aeabi_cdcmpeq
                0x080009d8                __aeabi_cdcmple
                0x080009e8                __aeabi_dcmpeq
                0x080009fc                __aeabi_dcmplt
                0x08000a10                __aeabi_dcmple
                0x08000a24                __aeabi_dcmpge
                0x08000a38                __aeabi_dcmpgt
 .text          0x08000a4c       0xa0 d:/mounriver/mounriver_studio/toolchain/arm-none-eabi-gcc/bin/../lib/gcc/arm-none-eabi/9.3.1/thumb/v7-m/nofp\libgcc.a(_arm_truncdfsf2.o)
                0x08000a4c                __truncdfsf2
                0x08000a4c                __aeabi_d2f
 .text          0x08000aec      0x21c d:/mounriver/mounriver_studio/toolchain/arm-none-eabi-gcc/bin/../lib/gcc/arm-none-eabi/9.3.1/thumb/v7-m/nofp\libgcc.a(_arm_addsubsf3.o)
                0x08000aec                __aeabi_frsub
                0x08000af4                __subsf3
                0x08000af4                __aeabi_fsub
                0x08000af8                __aeabi_fadd
                0x08000af8                __addsf3
                0x08000c58                __aeabi_ui2f
                0x08000c58                __floatunsisf
                0x08000c60                __aeabi_i2f
                0x08000c60                __floatsisf
                0x08000c7c                __aeabi_ul2f
                0x08000c7c                __floatundisf
                0x08000c8c                __aeabi_l2f
                0x08000c8c                __floatdisf
 .text          0x08000d08      0x2a0 d:/mounriver/mounriver_studio/toolchain/arm-none-eabi-gcc/bin/../lib/gcc/arm-none-eabi/9.3.1/thumb/v7-m/nofp\libgcc.a(_arm_muldivsf3.o)
                0x08000d08                __mulsf3
                0x08000d08                __aeabi_fmul
                0x08000e70                __aeabi_fdiv
                0x08000e70                __divsf3
 .text          0x08000fa8       0xec d:/mounriver/mounriver_studio/toolchain/arm-none-eabi-gcc/bin/../lib/gcc/arm-none-eabi/9.3.1/thumb/v7-m/nofp\libgcc.a(_arm_cmpsf2.o)
                0x08000fa8                __gesf2
                0x08000fa8                __gtsf2
                0x08000fb0                __lesf2
                0x08000fb0                __ltsf2
                0x08000fb8                __nesf2
                0x08000fb8                __eqsf2
                0x08000fb8                __cmpsf2
                0x08001018                __aeabi_cfrcmple
                0x08001020                __aeabi_cfcmpeq
                0x08001020                __aeabi_cfcmple
                0x08001030                __aeabi_fcmpeq
                0x08001044                __aeabi_fcmplt
                0x08001058                __aeabi_fcmple
                0x0800106c                __aeabi_fcmpge
                0x08001080                __aeabi_fcmpgt
 .text          0x08001094       0x4c d:/mounriver/mounriver_studio/toolchain/arm-none-eabi-gcc/bin/../lib/gcc/arm-none-eabi/9.3.1/thumb/v7-m/nofp\libgcc.a(_arm_fixsfsi.o)
                0x08001094                __aeabi_f2iz
                0x08001094                __fixsfsi
 .text          0x080010e0       0x30 d:/mounriver/mounriver_studio/toolchain/arm-none-eabi-gcc/bin/../lib/gcc/arm-none-eabi/9.3.1/thumb/v7-m/nofp\libgcc.a(_aeabi_uldivmod.o)
                0x080010e0                __aeabi_uldivmod
 .text          0x08001110       0x34 d:/mounriver/mounriver_studio/toolchain/arm-none-eabi-gcc/bin/../lib/gcc/arm-none-eabi/9.3.1/thumb/v7-m/nofp\libgcc.a(_fixdfdi.o)
                0x08001110                __fixdfdi
                0x08001110                __aeabi_d2lz
 .text          0x08001144       0x3c d:/mounriver/mounriver_studio/toolchain/arm-none-eabi-gcc/bin/../lib/gcc/arm-none-eabi/9.3.1/thumb/v7-m/nofp\libgcc.a(_fixunsdfdi.o)
                0x08001144                __fixunsdfdi
                0x08001144                __aeabi_d2ulz
 .text          0x08001180      0x2c4 d:/mounriver/mounriver_studio/toolchain/arm-none-eabi-gcc/bin/../lib/gcc/arm-none-eabi/9.3.1/thumb/v7-m/nofp\libgcc.a(_udivmoddi4.o)
                0x08001180                __udivmoddi4
 .text          0x08001444        0x4 d:/mounriver/mounriver_studio/toolchain/arm-none-eabi-gcc/bin/../lib/gcc/arm-none-eabi/9.3.1/thumb/v7-m/nofp\libgcc.a(_dvmd_tls.o)
                0x08001444                __aeabi_idiv0
                0x08001444                __aeabi_ldiv0
 .text          0x08001448       0x40 d:/mounriver/mounriver_studio/toolchain/arm-none-eabi-gcc/bin/../lib/gcc/arm-none-eabi/9.3.1/thumb/v7-m/nofp\libgcc.a(_arm_fixunsdfsi.o)
                0x08001448                __aeabi_d2uiz
                0x08001448                __fixunsdfsi
 .text          0x08001488       0x14 d:/mounriver/mounriver_studio/toolchain/arm-none-eabi-gcc/bin/../lib/gcc/arm-none-eabi/9.3.1/../../../../arm-none-eabi/lib/thumb/v7-m/nofp\libg_nano.a(lib_a-strcmp.o)
                0x08001488                strcmp
 .text          0x0800149c       0x10 d:/mounriver/mounriver_studio/toolchain/arm-none-eabi-gcc/bin/../lib/gcc/arm-none-eabi/9.3.1/../../../../arm-none-eabi/lib/thumb/v7-m/nofp\libg_nano.a(lib_a-strlen.o)
                0x0800149c                strlen
 .text          0x080014ac       0x2c d:/mounriver/mounriver_studio/toolchain/arm-none-eabi-gcc/bin/../lib/gcc/arm-none-eabi/9.3.1/thumb/v7-m/nofp\libgcc.a(_arm_unorddf2.o)
                0x080014ac                __unorddf2
                0x080014ac                __aeabi_dcmpun
 *(.text*)
 .text.NMI_Handler
                0x080014d8       0x12 ./User/ch32f20x_it.o
                0x080014d8                NMI_Handler
 .text.HardFault_Handler
                0x080014ea        0xa ./User/ch32f20x_it.o
                0x080014ea                HardFault_Handler
 .text.TIM6_IRQHandler
                0x080014f4       0x34 ./User/ch32f20x_it.o
                0x080014f4                TIM6_IRQHandler
 .text.getPlatformTicks
                0x08001528        0xc ./User/ch32f20x_it.o
                0x08001528                getPlatformTicks
 .text.TIM7_IRQHandler
                0x08001534       0x30 ./User/ch32f20x_it.o
                0x08001534                TIM7_IRQHandler
 .text.board_info
                0x08001564       0x64 ./User/info.o
                0x08001564                board_info
 .text.startup.main
                0x080015c8       0x88 ./User/main.o
                0x080015c8                main
 .text.SystemInit
                0x08001650       0xd0 ./User/system_ch32f20x.o
                0x08001650                SystemInit
 .text.Reset_Handler
                0x08001720       0x44 ./Startup/startup_ch32f20x_D8.o
                0x08001720                Reset_Handler
 .text.Default_Handler
                0x08001764        0x2 ./Startup/startup_ch32f20x_D8.o
                0x08001764                EXTI2_IRQHandler
                0x08001764                TIM8_TRG_COM_IRQHandler
                0x08001764                TIM8_CC_IRQHandler
                0x08001764                DebugMon_Handler
                0x08001764                UART8_IRQHandler
                0x08001764                TIM1_CC_IRQHandler
                0x08001764                SysTick_Handler
                0x08001764                PVD_IRQHandler
                0x08001764                SDIO_IRQHandler
                0x08001764                TIM9_BRK_IRQHandler
                0x08001764                PendSV_Handler
                0x08001764                DMA2_Channel8_IRQHandler
                0x08001764                EXTI3_IRQHandler
                0x08001764                DMA2_Channel9_IRQHandler
                0x08001764                TIM10_CC_IRQHandler
                0x08001764                EXTI0_IRQHandler
                0x08001764                I2C2_EV_IRQHandler
                0x08001764                TIM10_TRG_COM_IRQHandler
                0x08001764                UsageFault_Handler
                0x08001764                ADC1_2_IRQHandler
                0x08001764                SPI1_IRQHandler
                0x08001764                TAMPER_IRQHandler
                0x08001764                TIM8_UP_IRQHandler
                0x08001764                DMA2_Channel2_IRQHandler
                0x08001764                DMA1_Channel4_IRQHandler
                0x08001764                TIM9_UP_IRQHandler
                0x08001764                USART3_IRQHandler
                0x08001764                RTC_IRQHandler
                0x08001764                DMA1_Channel7_IRQHandler
                0x08001764                CAN1_RX1_IRQHandler
                0x08001764                UART5_IRQHandler
                0x08001764                TIM4_IRQHandler
                0x08001764                DMA2_Channel1_IRQHandler
                0x08001764                I2C1_EV_IRQHandler
                0x08001764                DMA1_Channel6_IRQHandler
                0x08001764                UART4_IRQHandler
                0x08001764                DMA2_Channel4_IRQHandler
                0x08001764                TIM3_IRQHandler
                0x08001764                RCC_IRQHandler
                0x08001764                TIM1_TRG_COM_IRQHandler
                0x08001764                DMA1_Channel1_IRQHandler
                0x08001764                Default_Handler
                0x08001764                DMA2_Channel7_IRQHandler
                0x08001764                EXTI15_10_IRQHandler
                0x08001764                TIM5_IRQHandler
                0x08001764                EXTI9_5_IRQHandler
                0x08001764                SPI2_IRQHandler
                0x08001764                MemManage_Handler
                0x08001764                TIM10_BRK_IRQHandler
                0x08001764                TIM9_CC_IRQHandler
                0x08001764                SVC_Handler
                0x08001764                DMA2_Channel5_IRQHandler
                0x08001764                DMA1_Channel5_IRQHandler
                0x08001764                EXTI4_IRQHandler
                0x08001764                USB_LP_CAN1_RX0_IRQHandler
                0x08001764                RNG_IRQHandler
                0x08001764                USB_HP_CAN1_TX_IRQHandler
                0x08001764                DMA1_Channel3_IRQHandler
                0x08001764                FSMC_IRQHandler
                0x08001764                TIM1_UP_IRQHandler
                0x08001764                WWDG_IRQHandler
                0x08001764                DMA2_Channel11_IRQHandler
                0x08001764                DMA2_Channel6_IRQHandler
                0x08001764                TIM1_BRK_IRQHandler
                0x08001764                DMA2_Channel10_IRQHandler
                0x08001764                EXTI1_IRQHandler
                0x08001764                RTCAlarm_IRQHandler
                0x08001764                TIM10_UP_IRQHandler
                0x08001764                TIM9_TRG_COM_IRQHandler
                0x08001764                UART7_IRQHandler
                0x08001764                UART6_IRQHandler
                0x08001764                I2C2_ER_IRQHandler
                0x08001764                DMA1_Channel2_IRQHandler
                0x08001764                TIM8_BRK_IRQHandler
                0x08001764                CAN1_SCE_IRQHandler
                0x08001764                FLASH_IRQHandler
                0x08001764                BusFault_Handler
                0x08001764                SPI3_IRQHandler
                0x08001764                I2C1_ER_IRQHandler
                0x08001764                USBWakeUp_IRQHandler
                0x08001764                DMA2_Channel3_IRQHandler
 *fill*         0x08001766        0x2 
 .text.ADC_DeInit
                0x08001768       0x44 ./Peripheral/src/ch32f20x_adc.o
                0x08001768                ADC_DeInit
 .text.ADC_Init
                0x080017ac       0x50 ./Peripheral/src/ch32f20x_adc.o
                0x080017ac                ADC_Init
 .text.ADC_Cmd  0x080017fc       0x12 ./Peripheral/src/ch32f20x_adc.o
                0x080017fc                ADC_Cmd
 .text.ADC_ResetCalibration
                0x0800180e        0xa ./Peripheral/src/ch32f20x_adc.o
                0x0800180e                ADC_ResetCalibration
 .text.ADC_GetResetCalibrationStatus
                0x08001818        0x8 ./Peripheral/src/ch32f20x_adc.o
                0x08001818                ADC_GetResetCalibrationStatus
 .text.ADC_StartCalibration
                0x08001820        0xa ./Peripheral/src/ch32f20x_adc.o
                0x08001820                ADC_StartCalibration
 .text.ADC_GetCalibrationStatus
                0x0800182a        0x8 ./Peripheral/src/ch32f20x_adc.o
                0x0800182a                ADC_GetCalibrationStatus
 .text.ADC_SoftwareStartConvCmd
                0x08001832       0x12 ./Peripheral/src/ch32f20x_adc.o
                0x08001832                ADC_SoftwareStartConvCmd
 .text.ADC_RegularChannelConfig
                0x08001844       0x8e ./Peripheral/src/ch32f20x_adc.o
                0x08001844                ADC_RegularChannelConfig
 .text.ADC_GetConversionValue
                0x080018d2        0x6 ./Peripheral/src/ch32f20x_adc.o
                0x080018d2                ADC_GetConversionValue
 .text.ADC_GetFlagStatus
                0x080018d8        0xc ./Peripheral/src/ch32f20x_adc.o
                0x080018d8                ADC_GetFlagStatus
 .text.ADC_BufferCmd
                0x080018e4       0x12 ./Peripheral/src/ch32f20x_adc.o
                0x080018e4                ADC_BufferCmd
 .text.Get_CalibrationValue
                0x080018f6      0x14a ./Peripheral/src/ch32f20x_adc.o
                0x080018f6                Get_CalibrationValue
 .text.DMA_DeInit
                0x08001a40      0x154 ./Peripheral/src/ch32f20x_dma.o
                0x08001a40                DMA_DeInit
 .text.DMA_Init
                0x08001b94       0x3c ./Peripheral/src/ch32f20x_dma.o
                0x08001b94                DMA_Init
 .text.DMA_Cmd  0x08001bd0       0x16 ./Peripheral/src/ch32f20x_dma.o
                0x08001bd0                DMA_Cmd
 *fill*         0x08001be6        0x2 
 .text.DMA_GetFlagStatus
                0x08001be8       0x28 ./Peripheral/src/ch32f20x_dma.o
                0x08001be8                DMA_GetFlagStatus
 .text.DMA_ClearFlag
                0x08001c10       0x20 ./Peripheral/src/ch32f20x_dma.o
                0x08001c10                DMA_ClearFlag
 .text.GPIO_Init
                0x08001c30       0xa0 ./Peripheral/src/ch32f20x_gpio.o
                0x08001c30                GPIO_Init
 .text.GPIO_SetBits
                0x08001cd0        0x4 ./Peripheral/src/ch32f20x_gpio.o
                0x08001cd0                GPIO_SetBits
 .text.GPIO_ResetBits
                0x08001cd4        0x4 ./Peripheral/src/ch32f20x_gpio.o
                0x08001cd4                GPIO_ResetBits
 .text.GPIO_WriteBit
                0x08001cd8        0xa ./Peripheral/src/ch32f20x_gpio.o
                0x08001cd8                GPIO_WriteBit
 *fill*         0x08001ce2        0x2 
 .text.GPIO_PinRemapConfig
                0x08001ce4       0xa0 ./Peripheral/src/ch32f20x_gpio.o
                0x08001ce4                GPIO_PinRemapConfig
 .text.I2C_Init
                0x08001d84       0xd4 ./Peripheral/src/ch32f20x_i2c.o
                0x08001d84                I2C_Init
 .text.I2C_Cmd  0x08001e58       0x18 ./Peripheral/src/ch32f20x_i2c.o
                0x08001e58                I2C_Cmd
 .text.I2C_GenerateSTART
                0x08001e70       0x18 ./Peripheral/src/ch32f20x_i2c.o
                0x08001e70                I2C_GenerateSTART
 .text.I2C_GenerateSTOP
                0x08001e88       0x18 ./Peripheral/src/ch32f20x_i2c.o
                0x08001e88                I2C_GenerateSTOP
 .text.I2C_AcknowledgeConfig
                0x08001ea0       0x18 ./Peripheral/src/ch32f20x_i2c.o
                0x08001ea0                I2C_AcknowledgeConfig
 .text.I2C_SendData
                0x08001eb8        0x4 ./Peripheral/src/ch32f20x_i2c.o
                0x08001eb8                I2C_SendData
 .text.I2C_ReceiveData
                0x08001ebc        0x6 ./Peripheral/src/ch32f20x_i2c.o
                0x08001ebc                I2C_ReceiveData
 .text.I2C_Send7bitAddress
                0x08001ec2       0x12 ./Peripheral/src/ch32f20x_i2c.o
                0x08001ec2                I2C_Send7bitAddress
 .text.I2C_CheckEvent
                0x08001ed4       0x18 ./Peripheral/src/ch32f20x_i2c.o
                0x08001ed4                I2C_CheckEvent
 .text.I2C_GetFlagStatus
                0x08001eec       0x34 ./Peripheral/src/ch32f20x_i2c.o
                0x08001eec                I2C_GetFlagStatus
 .text.NVIC_PriorityGroupConfig
                0x08001f20       0x14 ./Peripheral/src/ch32f20x_misc.o
                0x08001f20                NVIC_PriorityGroupConfig
 .text.NVIC_Init
                0x08001f34       0x58 ./Peripheral/src/ch32f20x_misc.o
                0x08001f34                NVIC_Init
 .text.SysTick_CLKSourceConfig
                0x08001f8c       0x18 ./Peripheral/src/ch32f20x_misc.o
                0x08001f8c                SysTick_CLKSourceConfig
 .text.RCC_ADCCLKConfig
                0x08001fa4       0x14 ./Peripheral/src/ch32f20x_rcc.o
                0x08001fa4                RCC_ADCCLKConfig
 .text.RCC_GetClocksFreq
                0x08001fb8       0x94 ./Peripheral/src/ch32f20x_rcc.o
                0x08001fb8                RCC_GetClocksFreq
 .text.RCC_AHBPeriphClockCmd
                0x0800204c       0x18 ./Peripheral/src/ch32f20x_rcc.o
                0x0800204c                RCC_AHBPeriphClockCmd
 .text.RCC_APB2PeriphClockCmd
                0x08002064       0x18 ./Peripheral/src/ch32f20x_rcc.o
                0x08002064                RCC_APB2PeriphClockCmd
 .text.RCC_APB1PeriphClockCmd
                0x0800207c       0x18 ./Peripheral/src/ch32f20x_rcc.o
                0x0800207c                RCC_APB1PeriphClockCmd
 .text.RCC_APB2PeriphResetCmd
                0x08002094       0x18 ./Peripheral/src/ch32f20x_rcc.o
                0x08002094                RCC_APB2PeriphResetCmd
 .text.SPI_Init
                0x080020ac       0x3e ./Peripheral/src/ch32f20x_spi.o
                0x080020ac                SPI_Init
 .text.SPI_Cmd  0x080020ea       0x18 ./Peripheral/src/ch32f20x_spi.o
                0x080020ea                SPI_Cmd
 .text.SPI_I2S_DMACmd
                0x08002102       0x12 ./Peripheral/src/ch32f20x_spi.o
                0x08002102                SPI_I2S_DMACmd
 .text.SPI_I2S_SendData
                0x08002114        0x4 ./Peripheral/src/ch32f20x_spi.o
                0x08002114                SPI_I2S_SendData
 .text.SPI_I2S_ReceiveData
                0x08002118        0x6 ./Peripheral/src/ch32f20x_spi.o
                0x08002118                SPI_I2S_ReceiveData
 .text.SPI_I2S_GetFlagStatus
                0x0800211e        0xc ./Peripheral/src/ch32f20x_spi.o
                0x0800211e                SPI_I2S_GetFlagStatus
 .text.TI1_Config
                0x0800212a       0x34 ./Peripheral/src/ch32f20x_tim.o
 .text.TI2_Config
                0x0800215e       0x3a ./Peripheral/src/ch32f20x_tim.o
 .text.TIM_TimeBaseInit
                0x08002198       0x9c ./Peripheral/src/ch32f20x_tim.o
                0x08002198                TIM_TimeBaseInit
 .text.TIM_OC1Init
                0x08002234       0x80 ./Peripheral/src/ch32f20x_tim.o
                0x08002234                TIM_OC1Init
 .text.TIM_OC2Init
                0x080022b4       0x90 ./Peripheral/src/ch32f20x_tim.o
                0x080022b4                TIM_OC2Init
 .text.TIM_OC3Init
                0x08002344       0x8c ./Peripheral/src/ch32f20x_tim.o
                0x08002344                TIM_OC3Init
 .text.TIM_OC4Init
                0x080023d0       0x78 ./Peripheral/src/ch32f20x_tim.o
                0x080023d0                TIM_OC4Init
 .text.TIM_TimeBaseStructInit
                0x08002448       0x12 ./Peripheral/src/ch32f20x_tim.o
                0x08002448                TIM_TimeBaseStructInit
 .text.TIM_ICStructInit
                0x0800245a       0x10 ./Peripheral/src/ch32f20x_tim.o
                0x0800245a                TIM_ICStructInit
 .text.TIM_Cmd  0x0800246a       0x18 ./Peripheral/src/ch32f20x_tim.o
                0x0800246a                TIM_Cmd
 .text.TIM_CtrlPWMOutputs
                0x08002482       0x1c ./Peripheral/src/ch32f20x_tim.o
                0x08002482                TIM_CtrlPWMOutputs
 .text.TIM_ITConfig
                0x0800249e       0x12 ./Peripheral/src/ch32f20x_tim.o
                0x0800249e                TIM_ITConfig
 .text.TIM_EncoderInterfaceConfig
                0x080024b0       0x3e ./Peripheral/src/ch32f20x_tim.o
                0x080024b0                TIM_EncoderInterfaceConfig
 .text.TIM_ARRPreloadConfig
                0x080024ee       0x18 ./Peripheral/src/ch32f20x_tim.o
                0x080024ee                TIM_ARRPreloadConfig
 .text.TIM_OC1PreloadConfig
                0x08002506       0x10 ./Peripheral/src/ch32f20x_tim.o
                0x08002506                TIM_OC1PreloadConfig
 .text.TIM_OC2PreloadConfig
                0x08002516       0x14 ./Peripheral/src/ch32f20x_tim.o
                0x08002516                TIM_OC2PreloadConfig
 .text.TIM_OC3PreloadConfig
                0x0800252a       0x10 ./Peripheral/src/ch32f20x_tim.o
                0x0800252a                TIM_OC3PreloadConfig
 .text.TIM_OC4PreloadConfig
                0x0800253a       0x14 ./Peripheral/src/ch32f20x_tim.o
                0x0800253a                TIM_OC4PreloadConfig
 .text.TIM_SetCounter
                0x0800254e        0x4 ./Peripheral/src/ch32f20x_tim.o
                0x0800254e                TIM_SetCounter
 .text.TIM_SetIC1Prescaler
                0x08002552       0x16 ./Peripheral/src/ch32f20x_tim.o
                0x08002552                TIM_SetIC1Prescaler
 .text.TIM_SetIC2Prescaler
                0x08002568       0x1a ./Peripheral/src/ch32f20x_tim.o
                0x08002568                TIM_SetIC2Prescaler
 .text.TIM_SetIC3Prescaler
                0x08002582       0x16 ./Peripheral/src/ch32f20x_tim.o
                0x08002582                TIM_SetIC3Prescaler
 .text.TIM_SetIC4Prescaler
                0x08002598       0x1a ./Peripheral/src/ch32f20x_tim.o
                0x08002598                TIM_SetIC4Prescaler
 .text.TIM_ICInit
                0x080025b2       0xc0 ./Peripheral/src/ch32f20x_tim.o
                0x080025b2                TIM_ICInit
 .text.TIM_GetCounter
                0x08002672        0x6 ./Peripheral/src/ch32f20x_tim.o
                0x08002672                TIM_GetCounter
 .text.TIM_GetITStatus
                0x08002678       0x16 ./Peripheral/src/ch32f20x_tim.o
                0x08002678                TIM_GetITStatus
 .text.TIM_ClearITPendingBit
                0x0800268e        0x8 ./Peripheral/src/ch32f20x_tim.o
                0x0800268e                TIM_ClearITPendingBit
 *fill*         0x08002696        0x2 
 .text.USART_Init
                0x08002698       0x88 ./Peripheral/src/ch32f20x_usart.o
                0x08002698                USART_Init
 .text.USART_Cmd
                0x08002720       0x18 ./Peripheral/src/ch32f20x_usart.o
                0x08002720                USART_Cmd
 .text.USART_ITConfig
                0x08002738       0x30 ./Peripheral/src/ch32f20x_usart.o
                0x08002738                USART_ITConfig
 .text.USART_SetAddress
                0x08002768       0x16 ./Peripheral/src/ch32f20x_usart.o
                0x08002768                USART_SetAddress
 .text.USART_SendData
                0x0800277e        0x8 ./Peripheral/src/ch32f20x_usart.o
                0x0800277e                USART_SendData
 .text.USART_ReceiveData
                0x08002786        0x8 ./Peripheral/src/ch32f20x_usart.o
                0x08002786                USART_ReceiveData
 .text.USART_GetFlagStatus
                0x0800278e        0xc ./Peripheral/src/ch32f20x_usart.o
                0x0800278e                USART_GetFlagStatus
 .text.USART_GetITStatus
                0x0800279a       0x3e ./Peripheral/src/ch32f20x_usart.o
                0x0800279a                USART_GetITStatus
 .text.Delay_Init
                0x080027d8       0x3c ./Debug/debug.o
                0x080027d8                Delay_Init
 .text.Delay_Ms
                0x08002814       0x38 ./Debug/debug.o
                0x08002814                Delay_Ms
 .text.USART_Printf_Init
                0x0800284c       0x78 ./Debug/debug.o
                0x0800284c                USART_Printf_Init
 .text._write   0x080028c4       0x30 ./Debug/debug.o
                0x080028c4                _write
 .text._sbrk    0x080028f4       0x2c ./Debug/debug.o
                0x080028f4                _sbrk
 .text.adc_func
                0x08002920       0x8c ./Board_Sample/adc_sample.o
                0x08002920                adc_func
 .text.flash_func
                0x080029ac       0xf0 ./Board_Sample/flash_sample.o
                0x080029ac                flash_func
 .text.gpio_func
                0x08002a9c       0x1a ./Board_Sample/gpio_sample.o
                0x08002a9c                gpio_func
 *fill*         0x08002ab6        0x2 
 .text.i2c_mpu6050_soft_func
                0x08002ab8       0x78 ./Board_Sample/i2c2_mpu6050_sample.o
                0x08002ab8                i2c_mpu6050_soft_func
 .text.i2c_mpu6050_dmp_func
                0x08002b30       0xdc ./Board_Sample/i2c2_mpu6050_sample.o
                0x08002b30                i2c_mpu6050_dmp_func
 .text.TIMERX_MOTOR_Dir_GPIO_Init
                0x08002c0c       0x28 ./Board_Sample/motor_encoder_sample.o
                0x08002c0c                TIMERX_MOTOR_Dir_GPIO_Init
 .text.motor_encoder_func
                0x08002c34      0x184 ./Board_Sample/motor_encoder_sample.o
                0x08002c34                motor_encoder_func
 .text.Gui_Circle
                0x08002db8      0x148 ./Board_Sample/spi3_lcd_st7735s_sample.o
                0x08002db8                Gui_Circle
 .text.Gui_DrawFont_GBK16
                0x08002f00       0xa0 ./Board_Sample/spi3_lcd_st7735s_sample.o
                0x08002f00                Gui_DrawFont_GBK16
 .text.spi3_lcd_func
                0x08002fa0      0x10e ./Board_Sample/spi3_lcd_st7735s_sample.o
                0x08002fa0                spi3_lcd_func
 *fill*         0x080030ae        0x2 
 .text.uart2_ble_func
                0x080030b0       0x58 ./Board_Sample/uart2_ble_sample.o
                0x080030b0                uart2_ble_func
 .text.uart6_rs485_func
                0x08003108       0x58 ./Board_Sample/uart6_rs485_sample.o
                0x08003108                uart6_rs485_func
 .text.ADC_GPIO_Init
                0x08003160       0xbc ./Board_Drivers/adc.o
                0x08003160                ADC_GPIO_Init
 .text.Get_ADC_Val
                0x0800321c       0x30 ./Board_Drivers/adc.o
                0x0800321c                Get_ADC_Val
 .text.Get_ConversionVal
                0x0800324c       0x2c ./Board_Drivers/adc.o
                0x0800324c                Get_ConversionVal
 .text.Encoder_TCB_Init
                0x08003278        0xc ./Board_Drivers/drv_def.o
                0x08003278                Encoder_TCB_Init
 .text.I2C2_GPIO_Init
                0x08003284       0x80 ./Board_Drivers/i2c2.o
                0x08003284                I2C2_GPIO_Init
 .text.EXTI0_GPIO_Init
                0x08003304       0x28 ./Board_Drivers/key.o
                0x08003304                EXTI0_GPIO_Init
 .text.LED_GPIO_Init
                0x0800332c       0x28 ./Board_Drivers/led.o
                0x0800332c                LED_GPIO_Init
 .text.LED_GPIO_Sample
                0x08003354       0x44 ./Board_Drivers/led.o
                0x08003354                LED_GPIO_Sample
 .text.SPI2_GPIO_Init
                0x08003398       0xb0 ./Board_Drivers/spi2.o
                0x08003398                SPI2_GPIO_Init
 .text.SPI2_ReadWriteByte
                0x08003448       0x4c ./Board_Drivers/spi2.o
                0x08003448                SPI2_ReadWriteByte
 .text.SPI3_ReadWriteByte
                0x08003494       0x38 ./Board_Drivers/spi3.o
                0x08003494                SPI3_ReadWriteByte
 .text.DMA_Tx_Init
                0x080034cc       0x5c ./Board_Drivers/spi3.o
                0x080034cc                DMA_Tx_Init
 .text.SPI3_GPIO_Init
                0x08003528       0xac ./Board_Drivers/spi3.o
                0x08003528                SPI3_GPIO_Init
 .text.TIMER2_GPIO_Init
                0x080035d4       0x54 ./Board_Drivers/timer2.o
                0x080035d4                TIMER2_GPIO_Init
 .text.TIM2_IRQHandler
                0x08003628       0xc0 ./Board_Drivers/timer2.o
                0x08003628                TIM2_IRQHandler
 .text.TIMER3_ENCODER_GPIO_Init
                0x080036e8       0x90 ./Board_Drivers/timer3.o
                0x080036e8                TIMER3_ENCODER_GPIO_Init
 .text.TIMER4_ENCODER_GPIO_Init
                0x08003778       0x90 ./Board_Drivers/timer4.o
                0x08003778                TIMER4_ENCODER_GPIO_Init
 .text.TIMER5_ENCODER_GPIO_Init
                0x08003808       0x90 ./Board_Drivers/timer5.o
                0x08003808                TIMER5_ENCODER_GPIO_Init
 .text.TIMER6_GPIO_Init
                0x08003898       0x54 ./Board_Drivers/timer6.o
                0x08003898                TIMER6_GPIO_Init
 .text.TIMER7_GPIO_Init
                0x080038ec       0x54 ./Board_Drivers/timer7.o
                0x080038ec                TIMER7_GPIO_Init
 .text.TIMER8_ENCODER_GPIO_Init
                0x08003940       0x84 ./Board_Drivers/timer8.o
                0x08003940                TIMER8_ENCODER_GPIO_Init
 .text.TIMER9_PWM_GPIO_Init
                0x080039c4       0xfc ./Board_Drivers/timer9.o
                0x080039c4                TIMER9_PWM_GPIO_Init
 .text.UART2_GPIO_Init
                0x08003ac0       0xe4 ./Board_Drivers/uart2.o
                0x08003ac0                UART2_GPIO_Init
 .text.IsUsart1RecvFinsh
                0x08003ba4        0x8 ./Board_Drivers/uart2.o
                0x08003ba4                IsUsart1RecvFinsh
 .text.USART2_IRQHandler
                0x08003bac       0x54 ./Board_Drivers/uart2.o
                0x08003bac                USART2_IRQHandler
 .text.UART6_GPIO_Init
                0x08003c00       0x7c ./Board_Drivers/uart6.o
                0x08003c00                UART6_GPIO_Init
 .text.cmd_r_callback
                0x08003c7c       0x38 ./Board_Component/VOFA+/vofa.o
                0x08003c7c                cmd_r_callback
 .text.cmd_h_callback
                0x08003cb4       0x38 ./Board_Component/VOFA+/vofa.o
                0x08003cb4                cmd_h_callback
 .text.cmd_wo_callback
                0x08003cec       0x2c ./Board_Component/VOFA+/vofa.o
                0x08003cec                cmd_wo_callback
 .text.cmd_wc_callback
                0x08003d18       0x2c ./Board_Component/VOFA+/vofa.o
                0x08003d18                cmd_wc_callback
 .text.cmd_bo_callback
                0x08003d44       0x38 ./Board_Component/VOFA+/vofa.o
                0x08003d44                cmd_bo_callback
 .text.cmd_init_callback
                0x08003d7c       0x38 ./Board_Component/VOFA+/vofa.o
                0x08003d7c                cmd_init_callback
 .text.cmd_expe_callback
                0x08003db4       0x38 ./Board_Component/VOFA+/vofa.o
                0x08003db4                cmd_expe_callback
 .text.cmd_TD_callback
                0x08003dec       0x20 ./Board_Component/VOFA+/vofa.o
                0x08003dec                cmd_TD_callback
 .text.cmd_run_callback
                0x08003e0c       0x20 ./Board_Component/VOFA+/vofa.o
                0x08003e0c                cmd_run_callback
 .text.USR_Sim_Para_DInit
                0x08003e2c       0x18 ./Board_Component/VOFA+/vofa.o
                0x08003e2c                USR_Sim_Para_DInit
 .text.parse_command
                0x08003e44       0xfc ./Board_Component/VOFA+/vofa.o
                0x08003e44                parse_command
 .text.ladrc_printf
                0x08003f40       0x52 ./Board_Component/USR_printf/usr_printf.o
                0x08003f40                ladrc_printf
 *fill*         0x08003f92        0x2 
 .text.LCD_GPIO_Init
                0x08003f94       0x34 ./Board_Component/TFT_ST7735S/tft_st7735s.o
                0x08003f94                LCD_GPIO_Init
 .text.Lcd_WriteIndex
                0x08003fc8       0x38 ./Board_Component/TFT_ST7735S/tft_st7735s.o
                0x08003fc8                Lcd_WriteIndex
 .text.Lcd_WriteData
                0x08004000       0x38 ./Board_Component/TFT_ST7735S/tft_st7735s.o
                0x08004000                Lcd_WriteData
 .text.LCD_WriteData_16Bit
                0x08004038       0x3c ./Board_Component/TFT_ST7735S/tft_st7735s.o
                0x08004038                LCD_WriteData_16Bit
 .text.Lcd_Reset
                0x08004074       0x2c ./Board_Component/TFT_ST7735S/tft_st7735s.o
                0x08004074                Lcd_Reset
 .text.Lcd_Init
                0x080040a0      0x224 ./Board_Component/TFT_ST7735S/tft_st7735s.o
                0x080040a0                Lcd_Init
 .text.Lcd_SetRegion
                0x080042c4       0x58 ./Board_Component/TFT_ST7735S/tft_st7735s.o
                0x080042c4                Lcd_SetRegion
 .text.Gui_DrawPoint
                0x0800431c       0x1a ./Board_Component/TFT_ST7735S/tft_st7735s.o
                0x0800431c                Gui_DrawPoint
 .text.Lcd_Clear
                0x08004336       0x2a ./Board_Component/TFT_ST7735S/tft_st7735s.o
                0x08004336                Lcd_Clear
 .text.LCD_ON   0x08004360       0x10 ./Board_Component/TFT_ST7735S/tft_st7735s.o
                0x08004360                LCD_ON
 .text.LCD_OFF  0x08004370       0x10 ./Board_Component/TFT_ST7735S/tft_st7735s.o
                0x08004370                LCD_OFF
 .text.Simulation_TD_Callback
                0x08004380       0x54 ./Board_Component/Simulation/simulation.o
                0x08004380                Simulation_TD_Callback
 .text.Simulation_LOOP_Callback
                0x080043d4       0x94 ./Board_Component/Simulation/simulation.o
                0x080043d4                Simulation_LOOP_Callback
 .text.Simulation_Init
                0x08004468       0x38 ./Board_Component/Simulation/simulation.o
                0x08004468                Simulation_Init
 .text.multiTimerInstall
                0x080044a0       0x14 ./Board_Component/MultiTimer/MultiTimer.o
                0x080044a0                multiTimerInstall
 .text.multiTimerStart
                0x080044b4       0x7c ./Board_Component/MultiTimer/MultiTimer.o
                0x080044b4                multiTimerStart
 .text.multiTimerYield
                0x08004530       0x58 ./Board_Component/MultiTimer/MultiTimer.o
                0x08004530                multiTimerYield
 .text.invSqrt  0x08004588       0x34 ./Board_Component/MPU6050/MPU6050_SOFT/MahonyAHRS.o
                0x08004588                invSqrt
 .text.MahonyAHRSupdateIMU
                0x080045bc      0x438 ./Board_Component/MPU6050/MPU6050_SOFT/MahonyAHRS.o
                0x080045bc                MahonyAHRSupdateIMU
 *fill*         0x080049f4        0x4 
 .text.MPU6050_Filter_Init
                0x080049f8       0x80 ./Board_Component/MPU6050/MPU6050_SOFT/mpu6050_filter.o
                0x080049f8                MPU6050_Filter_Init
 .text.First_Order_Filter_Calc
                0x08004a78       0xb0 ./Board_Component/MPU6050/MPU6050_SOFT/mpu6050_filter.o
                0x08004a78                First_Order_Filter_Calc
 .text.MPU_I2C_Mem_Read.constprop.0
                0x08004b28       0xf4 ./Board_Component/MPU6050/MPU6050_SOFT/mpu6050_soft.o
 .text.MPU_I2C_Mem_Write.constprop.0
                0x08004c1c       0xa8 ./Board_Component/MPU6050/MPU6050_SOFT/mpu6050_soft.o
 *fill*         0x08004cc4        0x4 
 .text.MPU_Get_Temperature
                0x08004cc8       0x4c ./Board_Component/MPU6050/MPU6050_SOFT/mpu6050_soft.o
                0x08004cc8                MPU_Get_Temperature
 .text.MPU_Get_Gyroscope
                0x08004d14       0x42 ./Board_Component/MPU6050/MPU6050_SOFT/mpu6050_soft.o
                0x08004d14                MPU_Get_Gyroscope
 .text.MPU_Get_Accelerometer
                0x08004d56       0x42 ./Board_Component/MPU6050/MPU6050_SOFT/mpu6050_soft.o
                0x08004d56                MPU_Get_Accelerometer
 .text.MPU_Write_Byte
                0x08004d98       0x16 ./Board_Component/MPU6050/MPU6050_SOFT/mpu6050_soft.o
                0x08004d98                MPU_Write_Byte
 .text.MPU_Set_Gyro_Fsr
                0x08004dae        0xc ./Board_Component/MPU6050/MPU6050_SOFT/mpu6050_soft.o
                0x08004dae                MPU_Set_Gyro_Fsr
 .text.MPU_Set_Accel_Fsr
                0x08004dba        0xc ./Board_Component/MPU6050/MPU6050_SOFT/mpu6050_soft.o
                0x08004dba                MPU_Set_Accel_Fsr
 .text.MPU_Set_LPF
                0x08004dc6       0x2e ./Board_Component/MPU6050/MPU6050_SOFT/mpu6050_soft.o
                0x08004dc6                MPU_Set_LPF
 .text.MPU_Set_Rate
                0x08004df4       0x30 ./Board_Component/MPU6050/MPU6050_SOFT/mpu6050_soft.o
                0x08004df4                MPU_Set_Rate
 .text.MPU_Read_Byte
                0x08004e24       0x16 ./Board_Component/MPU6050/MPU6050_SOFT/mpu6050_soft.o
                0x08004e24                MPU_Read_Byte
 *fill*         0x08004e3a        0x2 
 .text.MPU_Init
                0x08004e3c       0x80 ./Board_Component/MPU6050/MPU6050_SOFT/mpu6050_soft.o
                0x08004e3c                MPU_Init
 *fill*         0x08004ebc        0x4 
 .text.USER_GET_MPU6050_DATA
                0x08004ec0      0x280 ./Board_Component/MPU6050/MPU6050_SOFT/mpu6050_soft.o
                0x08004ec0                USER_GET_MPU6050_DATA
 .text.MPU6050_I2C_Mem_Write
                0x08005140       0xac ./Board_Component/MPU6050/MPU6050_DMP/Driver/mpu6050_dmp.o
                0x08005140                MPU6050_I2C_Mem_Write
 .text.MPU6050_WriteByte
                0x080051ec       0x1a ./Board_Component/MPU6050/MPU6050_DMP/Driver/mpu6050_dmp.o
 *fill*         0x08005206        0x2 
 .text.MPU6050_Init
                0x08005208       0x70 ./Board_Component/MPU6050/MPU6050_DMP/Driver/mpu6050_dmp.o
                0x08005208                MPU6050_Init
 .text.logWriteBuffer.isra.0
                0x08005278       0x60 ./Board_Component/Letter_Shell/log.o
 .text.logHexDump
                0x080052d8      0x134 ./Board_Component/Letter_Shell/log.o
                0x080052d8                logHexDump
 .text.logRegister
                0x0800540c       0x24 ./Board_Component/Letter_Shell/log.o
                0x0800540c                logRegister
 .text.logWrite
                0x08005430       0x3c ./Board_Component/Letter_Shell/log.o
                0x08005430                logWrite
 .text.logSetLevel
                0x0800546c       0x34 ./Board_Component/Letter_Shell/log.o
                0x0800546c                logSetLevel
 .text.uartLogWrite
                0x080054a0       0x18 ./Board_Component/Letter_Shell/lshell_port.o
                0x080054a0                uartLogWrite
 .text.userShellWrite
                0x080054b8       0x30 ./Board_Component/Letter_Shell/lshell_port.o
                0x080054b8                userShellWrite
 .text.USART1_IRQHandler
                0x080054e8       0x34 ./Board_Component/Letter_Shell/lshell_port.o
                0x080054e8                USART1_IRQHandler
 .text.userShellInit
                0x0800551c       0x30 ./Board_Component/Letter_Shell/lshell_port.o
                0x0800551c                userShellInit
 .text.shellStringCopy
                0x0800554c       0x1a ./Board_Component/Letter_Shell/shell.o
 .text.shellWriteByte.isra.0
                0x08005566       0x16 ./Board_Component/Letter_Shell/shell.o
 .text.shellRight
                0x0800557c       0x18 ./Board_Component/Letter_Shell/shell.o
                0x0800557c                shellRight
 .text.shellLeft
                0x08005594       0x18 ./Board_Component/Letter_Shell/shell.o
                0x08005594                shellLeft
 .text.shellGetCurrent
                0x080055ac       0x24 ./Board_Component/Letter_Shell/shell.o
                0x080055ac                shellGetCurrent
 .text.shellWriteString
                0x080055d0       0x22 ./Board_Component/Letter_Shell/shell.o
                0x080055d0                shellWriteString
 *fill*         0x080055f2        0x2 
 .text.shellWritePrompt
                0x080055f4       0x5c ./Board_Component/Letter_Shell/shell.o
 .text.shellClear
                0x08005650       0x18 ./Board_Component/Letter_Shell/shell.o
                0x08005650                shellClear
 .text.shellCheckPermission
                0x08005668       0x36 ./Board_Component/Letter_Shell/shell.o
                0x08005668                shellCheckPermission
 .text.shellToHex
                0x0800569e       0x30 ./Board_Component/Letter_Shell/shell.o
                0x0800569e                shellToHex
 *fill*         0x080056ce        0x2 
 .text.shellGetCommandName
                0x080056d0       0x38 ./Board_Component/Letter_Shell/shell.o
 .text.shellToDec
                0x08005708       0x46 ./Board_Component/Letter_Shell/shell.o
                0x08005708                shellToDec
 *fill*         0x0800574e        0x2 
 .text.shellWriteReturnValue
                0x08005750       0x7c ./Board_Component/Letter_Shell/shell.o
 .text.shellListItem
                0x080057cc       0xe8 ./Board_Component/Letter_Shell/shell.o
                0x080057cc                shellListItem
 .text.shellListCommand
                0x080058b4       0x40 ./Board_Component/Letter_Shell/shell.o
                0x080058b4                shellListCommand
 .text.shellCmds
                0x080058f4       0x12 ./Board_Component/Letter_Shell/shell.o
                0x080058f4                shellCmds
 *fill*         0x08005906        0x2 
 .text.shellListVar
                0x08005908       0x40 ./Board_Component/Letter_Shell/shell.o
                0x08005908                shellListVar
 .text.shellVars
                0x08005948       0x12 ./Board_Component/Letter_Shell/shell.o
                0x08005948                shellVars
 *fill*         0x0800595a        0x2 
 .text.shellListUser
                0x0800595c       0x40 ./Board_Component/Letter_Shell/shell.o
                0x0800595c                shellListUser
 .text.shellUsers
                0x0800599c       0x12 ./Board_Component/Letter_Shell/shell.o
                0x0800599c                shellUsers
 *fill*         0x080059ae        0x2 
 .text.shellListKey
                0x080059b0       0x40 ./Board_Component/Letter_Shell/shell.o
                0x080059b0                shellListKey
 .text.shellKeys
                0x080059f0       0x12 ./Board_Component/Letter_Shell/shell.o
                0x080059f0                shellKeys
 *fill*         0x08005a02        0x2 
 .text.shellDeleteCommandLine
                0x08005a04       0x20 ./Board_Component/Letter_Shell/shell.o
                0x08005a04                shellDeleteCommandLine
 .text.shellClearCommandLine
                0x08005a24       0x28 ./Board_Component/Letter_Shell/shell.o
                0x08005a24                shellClearCommandLine
 .text.shellUp  0x08005a4c       0x66 ./Board_Component/Letter_Shell/shell.o
                0x08005a4c                shellUp
 *fill*         0x08005ab2        0x2 
 .text.shellTab
                0x08005ab4      0x134 ./Board_Component/Letter_Shell/shell.o
                0x08005ab4                shellTab
 .text.shellDown
                0x08005be8       0x5e ./Board_Component/Letter_Shell/shell.o
                0x08005be8                shellDown
 *fill*         0x08005c46        0x2 
 .text.shellInsertByte
                0x08005c48       0xd4 ./Board_Component/Letter_Shell/shell.o
                0x08005c48                shellInsertByte
 .text.shellDeleteByte
                0x08005d1c       0xaa ./Board_Component/Letter_Shell/shell.o
                0x08005d1c                shellDeleteByte
 .text.shellBackspace
                0x08005dc6        0x6 ./Board_Component/Letter_Shell/shell.o
                0x08005dc6                shellBackspace
 .text.shellDelete
                0x08005dcc        0x8 ./Board_Component/Letter_Shell/shell.o
                0x08005dcc                shellDelete
 .text.shellSplit
                0x08005dd4       0xd8 ./Board_Component/Letter_Shell/shell.o
                0x08005dd4                shellSplit
 .text.shellSeekCommand
                0x08005eac       0x6c ./Board_Component/Letter_Shell/shell.o
                0x08005eac                shellSeekCommand
 .text.shellHelp
                0x08005f18       0x70 ./Board_Component/Letter_Shell/shell.o
                0x08005f18                shellHelp
 .text.shellGetVarValue
                0x08005f88       0x3e ./Board_Component/Letter_Shell/shell.o
                0x08005f88                shellGetVarValue
 *fill*         0x08005fc6        0x2 
 .text.shellShowVar
                0x08005fc8       0xb0 ./Board_Component/Letter_Shell/shell.o
 .text.shellSetVarValue
                0x08006078       0x70 ./Board_Component/Letter_Shell/shell.o
                0x08006078                shellSetVarValue
 .text.shellSetVar
                0x080060e8       0x54 ./Board_Component/Letter_Shell/shell.o
                0x080060e8                shellSetVar
 .text.shellSetUser
                0x0800613c       0x5c ./Board_Component/Letter_Shell/shell.o
                0x0800613c                shellSetUser
 .text.shellInit
                0x08006198       0x90 ./Board_Component/Letter_Shell/shell.o
                0x08006198                shellInit
 .text.shellRunCommand
                0x08006228       0xb0 ./Board_Component/Letter_Shell/shell.o
                0x08006228                shellRunCommand
 .text.shellNormalInput
                0x080062d8       0x10 ./Board_Component/Letter_Shell/shell.o
                0x080062d8                shellNormalInput
 .text.shellExec
                0x080062e8       0xfc ./Board_Component/Letter_Shell/shell.o
                0x080062e8                shellExec
 .text.shellEnter
                0x080063e4       0x14 ./Board_Component/Letter_Shell/shell.o
                0x080063e4                shellEnter
 .text.shellHandler
                0x080063f8       0xd0 ./Board_Component/Letter_Shell/shell.o
                0x080063f8                shellHandler
 .text.shellWriteEndLine
                0x080064c8       0x5c ./Board_Component/Letter_Shell/shell.o
                0x080064c8                shellWriteEndLine
 .text.shellExtParseChar
                0x08006524       0x42 ./Board_Component/Letter_Shell/shell_ext.o
 *fill*         0x08006566        0x2 
 .text.shellExtParsePara
                0x08006568      0x1ac ./Board_Component/Letter_Shell/shell_ext.o
                0x08006568                shellExtParsePara
 .text.shellExtRun
                0x08006714       0xd6 ./Board_Component/Letter_Shell/shell_ext.o
                0x08006714                shellExtRun
 *fill*         0x080067ea        0x2 
 .text.lv_tick_inc
                0x080067ec       0x18 ./Board_Component/LVGL/lvgl-8.3.5/src/hal/lv_hal_tick.o
                0x080067ec                lv_tick_inc
 *fill*         0x08006804        0x4 
 .text.LADRC_Init
                0x08006808       0x4c ./Board_Component/LADRC/ladrc.o
                0x08006808                LADRC_Init
 .text.LADRC_TD
                0x08006854       0x9c ./Board_Component/LADRC/ladrc.o
                0x08006854                LADRC_TD
 .text.LADRC_ESO
                0x080068f0      0x100 ./Board_Component/LADRC/ladrc.o
                0x080068f0                LADRC_ESO
 .text.LADRC_LF
                0x080069f0       0xd8 ./Board_Component/LADRC/ladrc.o
                0x080069f0                LADRC_LF
 .text.LADRC_Loop
                0x08006ac8       0x24 ./Board_Component/LADRC/ladrc.o
                0x08006ac8                LADRC_Loop
 .text.SPI_Flash_Init
                0x08006aec        0x4 ./Board_Component/FLASH_W25Q16/flash_w25q16.o
                0x08006aec                SPI_Flash_Init
 .text.SPI_Flash_ReadSR
                0x08006af0       0x34 ./Board_Component/FLASH_W25Q16/flash_w25q16.o
                0x08006af0                SPI_Flash_ReadSR
 .text.SPI_Flash_Wait_Busy
                0x08006b24        0xc ./Board_Component/FLASH_W25Q16/flash_w25q16.o
                0x08006b24                SPI_Flash_Wait_Busy
 .text.SPI_FLASH_Write_Enable
                0x08006b30       0x2c ./Board_Component/FLASH_W25Q16/flash_w25q16.o
                0x08006b30                SPI_FLASH_Write_Enable
 .text.SPI_Flash_ReadID
                0x08006b5c       0x50 ./Board_Component/FLASH_W25Q16/flash_w25q16.o
                0x08006b5c                SPI_Flash_ReadID
 .text.SPI_Flash_Erase_Sector
                0x08006bac       0x50 ./Board_Component/FLASH_W25Q16/flash_w25q16.o
                0x08006bac                SPI_Flash_Erase_Sector
 .text.SPI_Flash_Read
                0x08006bfc       0x58 ./Board_Component/FLASH_W25Q16/flash_w25q16.o
                0x08006bfc                SPI_Flash_Read
 .text.SPI_Flash_Write_Page
                0x08006c54       0x5c ./Board_Component/FLASH_W25Q16/flash_w25q16.o
                0x08006c54                SPI_Flash_Write_Page
 .text.SPI_Flash_Write_NoCheck
                0x08006cb0       0x3c ./Board_Component/FLASH_W25Q16/flash_w25q16.o
                0x08006cb0                SPI_Flash_Write_NoCheck
 .text.SPI_Flash_Write
                0x08006cec       0xec ./Board_Component/FLASH_W25Q16/flash_w25q16.o
                0x08006cec                SPI_Flash_Write
 .text.TIM3_EnCoder_CNT
                0x08006dd8       0x38 ./Board_Component/Encoder_Speed/encoder_speed.o
                0x08006dd8                TIM3_EnCoder_CNT
 .text.TIM4_EnCoder_CNT
                0x08006e10       0x38 ./Board_Component/Encoder_Speed/encoder_speed.o
                0x08006e10                TIM4_EnCoder_CNT
 .text.TIM5_EnCoder_CNT
                0x08006e48       0x38 ./Board_Component/Encoder_Speed/encoder_speed.o
                0x08006e48                TIM5_EnCoder_CNT
 .text.TIM8_EnCoder_CNT
                0x08006e80       0x38 ./Board_Component/Encoder_Speed/encoder_speed.o
                0x08006e80                TIM8_EnCoder_CNT
 .text.chry_ringbuffer_init
                0x08006eb8       0x24 ./Board_Component/CherryRB/chry_ringbuffer.o
                0x08006eb8                chry_ringbuffer_init
 .text.chry_ringbuffer_get_used
                0x08006edc        0x8 ./Board_Component/CherryRB/chry_ringbuffer.o
                0x08006edc                chry_ringbuffer_get_used
 .text.chry_ringbuffer_check_full
                0x08006ee4       0x12 ./Board_Component/CherryRB/chry_ringbuffer.o
                0x08006ee4                chry_ringbuffer_check_full
 .text.chry_ringbuffer_write_byte
                0x08006ef6       0x22 ./Board_Component/CherryRB/chry_ringbuffer.o
                0x08006ef6                chry_ringbuffer_write_byte
 .text.chry_ringbuffer_peek
                0x08006f18       0x3a ./Board_Component/CherryRB/chry_ringbuffer.o
                0x08006f18                chry_ringbuffer_peek
 .text.chry_ringbuffer_read
                0x08006f52       0x10 ./Board_Component/CherryRB/chry_ringbuffer.o
                0x08006f52                chry_ringbuffer_read
 .text.printchar
                0x08006f62       0x48 d:/mounriver/mounriver_studio/toolchain/arm-none-eabi-gcc/bin/../lib/gcc/arm-none-eabi/9.3.1/../../../../arm-none-eabi/lib/thumb/v7-m/nofp\libprintfloat.a(printfloat.o)
                0x08006f62                printchar
 .text.prints   0x08006faa       0xb4 d:/mounriver/mounriver_studio/toolchain/arm-none-eabi-gcc/bin/../lib/gcc/arm-none-eabi/9.3.1/../../../../arm-none-eabi/lib/thumb/v7-m/nofp\libprintfloat.a(printfloat.o)
                0x08006faa                prints
 .text.printInt
                0x0800705e       0xce d:/mounriver/mounriver_studio/toolchain/arm-none-eabi-gcc/bin/../lib/gcc/arm-none-eabi/9.3.1/../../../../arm-none-eabi/lib/thumb/v7-m/nofp\libprintfloat.a(printfloat.o)
                0x0800705e                printInt
 .text.printLongLongInt
                0x0800712c       0xee d:/mounriver/mounriver_studio/toolchain/arm-none-eabi-gcc/bin/../lib/gcc/arm-none-eabi/9.3.1/../../../../arm-none-eabi/lib/thumb/v7-m/nofp\libprintfloat.a(printfloat.o)
                0x0800712c                printLongLongInt
 .text.printDouble
                0x0800721a       0xda d:/mounriver/mounriver_studio/toolchain/arm-none-eabi-gcc/bin/../lib/gcc/arm-none-eabi/9.3.1/../../../../arm-none-eabi/lib/thumb/v7-m/nofp\libprintfloat.a(printfloat.o)
                0x0800721a                printDouble
 .text.print    0x080072f4      0x344 d:/mounriver/mounriver_studio/toolchain/arm-none-eabi-gcc/bin/../lib/gcc/arm-none-eabi/9.3.1/../../../../arm-none-eabi/lib/thumb/v7-m/nofp\libprintfloat.a(printfloat.o)
                0x080072f4                print
 .text.printf   0x08007638       0x1c d:/mounriver/mounriver_studio/toolchain/arm-none-eabi-gcc/bin/../lib/gcc/arm-none-eabi/9.3.1/../../../../arm-none-eabi/lib/thumb/v7-m/nofp\libprintfloat.a(printfloat.o)
                0x08007638                printf
 .text.sprintf  0x08007654       0x2a d:/mounriver/mounriver_studio/toolchain/arm-none-eabi-gcc/bin/../lib/gcc/arm-none-eabi/9.3.1/../../../../arm-none-eabi/lib/thumb/v7-m/nofp\libprintfloat.a(printfloat.o)
                0x08007654                sprintf
 .text.snprintf
                0x0800767e       0x26 d:/mounriver/mounriver_studio/toolchain/arm-none-eabi-gcc/bin/../lib/gcc/arm-none-eabi/9.3.1/../../../../arm-none-eabi/lib/thumb/v7-m/nofp\libprintfloat.a(printfloat.o)
                0x0800767e                snprintf
 .text.puts     0x080076a4       0x3e d:/mounriver/mounriver_studio/toolchain/arm-none-eabi-gcc/bin/../lib/gcc/arm-none-eabi/9.3.1/../../../../arm-none-eabi/lib/thumb/v7-m/nofp\libprintfloat.a(printfloat.o)
                0x080076a4                puts
 .text.atoi     0x080076e2        0x8 d:/mounriver/mounriver_studio/toolchain/arm-none-eabi-gcc/bin/../lib/gcc/arm-none-eabi/9.3.1/../../../../arm-none-eabi/lib/thumb/v7-m/nofp\libg_nano.a(lib_a-atoi.o)
                0x080076e2                atoi
 .text.memcpy   0x080076ea       0x1c d:/mounriver/mounriver_studio/toolchain/arm-none-eabi-gcc/bin/../lib/gcc/arm-none-eabi/9.3.1/../../../../arm-none-eabi/lib/thumb/v7-m/nofp\libg_nano.a(lib_a-memcpy-stub.o)
                0x080076ea                memcpy
 .text.memmove  0x08007706       0x34 d:/mounriver/mounriver_studio/toolchain/arm-none-eabi-gcc/bin/../lib/gcc/arm-none-eabi/9.3.1/../../../../arm-none-eabi/lib/thumb/v7-m/nofp\libg_nano.a(lib_a-memmove.o)
                0x08007706                memmove
 .text.memset   0x0800773a       0x10 d:/mounriver/mounriver_studio/toolchain/arm-none-eabi-gcc/bin/../lib/gcc/arm-none-eabi/9.3.1/../../../../arm-none-eabi/lib/thumb/v7-m/nofp\libg_nano.a(lib_a-memset.o)
                0x0800773a                memset
 .text._printf_common
                0x0800774a       0xde d:/mounriver/mounriver_studio/toolchain/arm-none-eabi-gcc/bin/../lib/gcc/arm-none-eabi/9.3.1/../../../../arm-none-eabi/lib/thumb/v7-m/nofp\libg_nano.a(lib_a-nano-vfprintf_i.o)
                0x0800774a                _printf_common
 .text._printf_i
                0x08007828      0x24c d:/mounriver/mounriver_studio/toolchain/arm-none-eabi-gcc/bin/../lib/gcc/arm-none-eabi/9.3.1/../../../../arm-none-eabi/lib/thumb/v7-m/nofp\libg_nano.a(lib_a-nano-vfprintf_i.o)
                0x08007828                _printf_i
 .text.strncmp  0x08007a74       0x24 d:/mounriver/mounriver_studio/toolchain/arm-none-eabi-gcc/bin/../lib/gcc/arm-none-eabi/9.3.1/../../../../arm-none-eabi/lib/thumb/v7-m/nofp\libg_nano.a(lib_a-strncmp.o)
                0x08007a74                strncmp
 .text._strtol_l.isra.0
                0x08007a98      0x10c d:/mounriver/mounriver_studio/toolchain/arm-none-eabi-gcc/bin/../lib/gcc/arm-none-eabi/9.3.1/../../../../arm-none-eabi/lib/thumb/v7-m/nofp\libg_nano.a(lib_a-strtol.o)
 .text.strtol   0x08007ba4       0x14 d:/mounriver/mounriver_studio/toolchain/arm-none-eabi-gcc/bin/../lib/gcc/arm-none-eabi/9.3.1/../../../../arm-none-eabi/lib/thumb/v7-m/nofp\libg_nano.a(lib_a-strtol.o)
                0x08007ba4                strtol
 .text._vsnprintf_r
                0x08007bb8       0x58 d:/mounriver/mounriver_studio/toolchain/arm-none-eabi-gcc/bin/../lib/gcc/arm-none-eabi/9.3.1/../../../../arm-none-eabi/lib/thumb/v7-m/nofp\libg_nano.a(lib_a-vsnprintf.o)
                0x08007bb8                _vsniprintf_r
                0x08007bb8                _vsnprintf_r
 .text.vsnprintf
                0x08007c10       0x1c d:/mounriver/mounriver_studio/toolchain/arm-none-eabi-gcc/bin/../lib/gcc/arm-none-eabi/9.3.1/../../../../arm-none-eabi/lib/thumb/v7-m/nofp\libg_nano.a(lib_a-vsnprintf.o)
                0x08007c10                vsniprintf
                0x08007c10                vsnprintf
 .text.__errno  0x08007c2c        0xc d:/mounriver/mounriver_studio/toolchain/arm-none-eabi-gcc/bin/../lib/gcc/arm-none-eabi/9.3.1/../../../../arm-none-eabi/lib/thumb/v7-m/nofp\libg_nano.a(lib_a-errno.o)
                0x08007c2c                __errno
 .text.__retarget_lock_acquire_recursive
                0x08007c38        0x2 d:/mounriver/mounriver_studio/toolchain/arm-none-eabi-gcc/bin/../lib/gcc/arm-none-eabi/9.3.1/../../../../arm-none-eabi/lib/thumb/v7-m/nofp\libg_nano.a(lib_a-lock.o)
                0x08007c38                __retarget_lock_acquire_recursive
 .text.__retarget_lock_release_recursive
                0x08007c3a        0x2 d:/mounriver/mounriver_studio/toolchain/arm-none-eabi-gcc/bin/../lib/gcc/arm-none-eabi/9.3.1/../../../../arm-none-eabi/lib/thumb/v7-m/nofp\libg_nano.a(lib_a-lock.o)
                0x08007c3a                __retarget_lock_release_recursive
 .text.memchr   0x08007c3c       0x1c d:/mounriver/mounriver_studio/toolchain/arm-none-eabi-gcc/bin/../lib/gcc/arm-none-eabi/9.3.1/../../../../arm-none-eabi/lib/thumb/v7-m/nofp\libg_nano.a(lib_a-memchr-stub.o)
                0x08007c3c                memchr
 .text._free_r  0x08007c58       0x98 d:/mounriver/mounriver_studio/toolchain/arm-none-eabi-gcc/bin/../lib/gcc/arm-none-eabi/9.3.1/../../../../arm-none-eabi/lib/thumb/v7-m/nofp\libg_nano.a(lib_a-nano-freer.o)
                0x08007c58                _free_r
 .text._malloc_r
                0x08007cf0       0xb4 d:/mounriver/mounriver_studio/toolchain/arm-none-eabi-gcc/bin/../lib/gcc/arm-none-eabi/9.3.1/../../../../arm-none-eabi/lib/thumb/v7-m/nofp\libg_nano.a(lib_a-nano-mallocr.o)
                0x08007cf0                _malloc_r
 .text._realloc_r
                0x08007da4       0x4c d:/mounriver/mounriver_studio/toolchain/arm-none-eabi-gcc/bin/../lib/gcc/arm-none-eabi/9.3.1/../../../../arm-none-eabi/lib/thumb/v7-m/nofp\libg_nano.a(lib_a-nano-reallocr.o)
                0x08007da4                _realloc_r
 .text.__ssputs_r
                0x08007df0       0xb6 d:/mounriver/mounriver_studio/toolchain/arm-none-eabi-gcc/bin/../lib/gcc/arm-none-eabi/9.3.1/../../../../arm-none-eabi/lib/thumb/v7-m/nofp\libg_nano.a(lib_a-nano-svfprintf.o)
                0x08007df0                __ssputs_r
 *fill*         0x08007ea6        0x2 
 .text._svfprintf_r
                0x08007ea8      0x200 d:/mounriver/mounriver_studio/toolchain/arm-none-eabi-gcc/bin/../lib/gcc/arm-none-eabi/9.3.1/../../../../arm-none-eabi/lib/thumb/v7-m/nofp\libg_nano.a(lib_a-nano-svfprintf.o)
                0x08007ea8                _svfiprintf_r
                0x08007ea8                _svfprintf_r
 .text._sbrk_r  0x080080a8       0x20 d:/mounriver/mounriver_studio/toolchain/arm-none-eabi-gcc/bin/../lib/gcc/arm-none-eabi/9.3.1/../../../../arm-none-eabi/lib/thumb/v7-m/nofp\libg_nano.a(lib_a-sbrkr.o)
                0x080080a8                _sbrk_r
 .text.__malloc_lock
                0x080080c8        0xc d:/mounriver/mounriver_studio/toolchain/arm-none-eabi-gcc/bin/../lib/gcc/arm-none-eabi/9.3.1/../../../../arm-none-eabi/lib/thumb/v7-m/nofp\libg_nano.a(lib_a-mlock.o)
                0x080080c8                __malloc_lock
 .text.__malloc_unlock
                0x080080d4        0xc d:/mounriver/mounriver_studio/toolchain/arm-none-eabi-gcc/bin/../lib/gcc/arm-none-eabi/9.3.1/../../../../arm-none-eabi/lib/thumb/v7-m/nofp\libg_nano.a(lib_a-mlock.o)
                0x080080d4                __malloc_unlock
 .text._malloc_usable_size_r
                0x080080e0       0x10 d:/mounriver/mounriver_studio/toolchain/arm-none-eabi-gcc/bin/../lib/gcc/arm-none-eabi/9.3.1/../../../../arm-none-eabi/lib/thumb/v7-m/nofp\libg_nano.a(lib_a-nano-msizer.o)
                0x080080e0                _malloc_usable_size_r
 .text.asin     0x080080f0       0x60 d:/mounriver/mounriver_studio/toolchain/arm-none-eabi-gcc/bin/../lib/gcc/arm-none-eabi/9.3.1/../../../../arm-none-eabi/lib/thumb/v7-m/nofp\libm.a(lib_a-w_asin.o)
                0x080080f0                asin
 .text.atan2    0x08008150        0x4 d:/mounriver/mounriver_studio/toolchain/arm-none-eabi-gcc/bin/../lib/gcc/arm-none-eabi/9.3.1/../../../../arm-none-eabi/lib/thumb/v7-m/nofp\libm.a(lib_a-w_atan2.o)
                0x08008150                atan2
 *fill*         0x08008154        0x4 
 .text.__ieee754_asin
                0x08008158      0x47c d:/mounriver/mounriver_studio/toolchain/arm-none-eabi-gcc/bin/../lib/gcc/arm-none-eabi/9.3.1/../../../../arm-none-eabi/lib/thumb/v7-m/nofp\libm.a(lib_a-e_asin.o)
                0x08008158                __ieee754_asin
 *fill*         0x080085d4        0x4 
 .text.__ieee754_atan2
                0x080085d8      0x194 d:/mounriver/mounriver_studio/toolchain/arm-none-eabi-gcc/bin/../lib/gcc/arm-none-eabi/9.3.1/../../../../arm-none-eabi/lib/thumb/v7-m/nofp\libm.a(lib_a-e_atan2.o)
                0x080085d8                __ieee754_atan2
 .text.__ieee754_sqrt
                0x0800876c      0x188 d:/mounriver/mounriver_studio/toolchain/arm-none-eabi-gcc/bin/../lib/gcc/arm-none-eabi/9.3.1/../../../../arm-none-eabi/lib/thumb/v7-m/nofp\libm.a(lib_a-e_sqrt.o)
                0x0800876c                __ieee754_sqrt
 *fill*         0x080088f4        0x4 
 .text.atan     0x080088f8      0x354 d:/mounriver/mounriver_studio/toolchain/arm-none-eabi-gcc/bin/../lib/gcc/arm-none-eabi/9.3.1/../../../../arm-none-eabi/lib/thumb/v7-m/nofp\libm.a(lib_a-s_atan.o)
                0x080088f8                atan
 .text.fabs     0x08008c4c        0x8 d:/mounriver/mounriver_studio/toolchain/arm-none-eabi-gcc/bin/../lib/gcc/arm-none-eabi/9.3.1/../../../../arm-none-eabi/lib/thumb/v7-m/nofp\libm.a(lib_a-s_fabs.o)
                0x08008c4c                fabs
 .text.nan      0x08008c54        0xc d:/mounriver/mounriver_studio/toolchain/arm-none-eabi-gcc/bin/../lib/gcc/arm-none-eabi/9.3.1/../../../../arm-none-eabi/lib/thumb/v7-m/nofp\libm.a(lib_a-s_nan.o)
                0x08008c54                nan
 *(.rodata)
 *(.rodata*)
 .rodata.board_info.str1.1
                0x08008c60       0x86 ./User/info.o
 .rodata.__FUNCTION__.17702
                0x08008ce6        0xb ./User/info.o
 .rodata.adc_func.str1.1
                0x08008cf1       0x2d ./Board_Sample/adc_sample.o
 .rodata.shellCmdadc_func
                0x08008d1e        0x9 ./Board_Sample/adc_sample.o
                0x08008d1e                shellCmdadc_func
 .rodata.shellDescadc_func
                0x08008d27        0xf ./Board_Sample/adc_sample.o
                0x08008d27                shellDescadc_func
 .rodata.flash_func.str1.1
                0x08008d36       0xbb ./Board_Sample/flash_sample.o
                                 0xc2 (size before relaxing)
 .rodata.TEXT_Buf
                0x08008df1       0x1d ./Board_Sample/flash_sample.o
                0x08008df1                TEXT_Buf
 .rodata.shellCmdflash_func
                0x08008e0e        0xb ./Board_Sample/flash_sample.o
                0x08008e0e                shellCmdflash_func
 .rodata.shellDescflash_func
                0x08008e19       0x11 ./Board_Sample/flash_sample.o
                0x08008e19                shellDescflash_func
 .rodata.shellCmdgpio_func
                0x08008e2a        0xa ./Board_Sample/gpio_sample.o
                0x08008e2a                shellCmdgpio_func
 .rodata.shellDescgpio_func
                0x08008e34       0x10 ./Board_Sample/gpio_sample.o
                0x08008e34                shellDescgpio_func
 .rodata.i2c_mpu6050_soft_func.str1.1
                0x08008e44        0xb ./Board_Sample/i2c2_mpu6050_sample.o
 .rodata.i2c_mpu6050_dmp_func.str1.1
                0x08008e4f       0x1b ./Board_Sample/i2c2_mpu6050_sample.o
 .rodata.shellCmdi2c_mpu6050_dmp_func
                0x08008e6a       0x15 ./Board_Sample/i2c2_mpu6050_sample.o
                0x08008e6a                shellCmdi2c_mpu6050_dmp_func
 .rodata.shellCmdi2c_mpu6050_soft_func
                0x08008e7f       0x16 ./Board_Sample/i2c2_mpu6050_sample.o
                0x08008e7f                shellCmdi2c_mpu6050_soft_func
 .rodata.shellDesci2c_mpu6050_dmp_func
                0x08008e95       0x23 ./Board_Sample/i2c2_mpu6050_sample.o
                0x08008e95                shellDesci2c_mpu6050_dmp_func
 .rodata.shellDesci2c_mpu6050_soft_func
                0x08008eb8       0x24 ./Board_Sample/i2c2_mpu6050_sample.o
                0x08008eb8                shellDesci2c_mpu6050_soft_func
 .rodata.motor_encoder_func.str1.1
                0x08008edc        0x4 ./Board_Sample/motor_encoder_sample.o
 .rodata.shellCmdmotor_encoder_func
                0x08008ee0       0x13 ./Board_Sample/motor_encoder_sample.o
                0x08008ee0                shellCmdmotor_encoder_func
 .rodata.shellDescmotor_encoder_func
                0x08008ef3       0x20 ./Board_Sample/motor_encoder_sample.o
                0x08008ef3                shellDescmotor_encoder_func
 .rodata.asc16  0x08008f13      0x5f1 ./Board_Sample/spi3_lcd_st7735s_sample.o
                0x08008f13                asc16
 .rodata.shellCmdspi3_lcd_func
                0x08009504        0xe ./Board_Sample/spi3_lcd_st7735s_sample.o
                0x08009504                shellCmdspi3_lcd_func
 .rodata.shellDescspi3_lcd_func
                0x08009512       0x18 ./Board_Sample/spi3_lcd_st7735s_sample.o
                0x08009512                shellDescspi3_lcd_func
 .rodata.uart2_ble_func.str1.1
                0x0800952a        0x3 ./Board_Sample/uart2_ble_sample.o
 .rodata.shellCmduart2_ble_func
                0x0800952d        0xf ./Board_Sample/uart2_ble_sample.o
                0x0800952d                shellCmduart2_ble_func
 .rodata.shellDescuart2_ble_func
                0x0800953c       0x13 ./Board_Sample/uart2_ble_sample.o
                0x0800953c                shellDescuart2_ble_func
 .rodata.uart6_rs485_func.str1.1
                0x0800954f        0x3 ./Board_Sample/uart6_rs485_sample.o
 .rodata.shellCmduart6_rs485_func
                0x0800954f       0x11 ./Board_Sample/uart6_rs485_sample.o
                0x0800954f                shellCmduart6_rs485_func
 .rodata.shellDescuart6_rs485_func
                0x08009560       0x15 ./Board_Sample/uart6_rs485_sample.o
                0x08009560                shellDescuart6_rs485_func
 .rodata.UART2_GPIO_Init.str1.1
                0x08009575       0x11 ./Board_Drivers/uart2.o
 .rodata.cmd_r_callback.str1.1
                0x08009586       0x23 ./Board_Component/VOFA+/vofa.o
 .rodata.cmd_h_callback.str1.1
                0x080095a9       0x26 ./Board_Component/VOFA+/vofa.o
 .rodata.cmd_wo_callback.str1.1
                0x080095cf       0x25 ./Board_Component/VOFA+/vofa.o
 .rodata.cmd_wc_callback.str1.1
                0x080095f4       0x25 ./Board_Component/VOFA+/vofa.o
 .rodata.cmd_bo_callback.str1.1
                0x08009619       0x26 ./Board_Component/VOFA+/vofa.o
 .rodata.cmd_init_callback.str1.1
                0x0800963f       0x2a ./Board_Component/VOFA+/vofa.o
 .rodata.cmd_expe_callback.str1.1
                0x08009669       0x2a ./Board_Component/VOFA+/vofa.o
 .rodata.cmd_TD_callback.str1.1
                0x08009693       0x25 ./Board_Component/VOFA+/vofa.o
 .rodata.cmd_run_callback.str1.1
                0x080096b8       0x25 ./Board_Component/VOFA+/vofa.o
                                 0x22 (size before relaxing)
 .rodata.parse_command.str1.1
                0x080096b8       0x89 ./Board_Component/VOFA+/vofa.o
 .rodata.Simulation_TD_Callback.str1.1
                0x08009741       0x89 ./Board_Component/Simulation/simulation.o
                                  0xb (size before relaxing)
 .rodata.Simulation_LOOP_Callback.str1.1
                0x08009741       0x24 ./Board_Component/Simulation/simulation.o
 .rodata.logHexDump.str1.1
                0x08009765       0x84 ./Board_Component/Letter_Shell/log.o
 .rodata.logSetLevel.str1.1
                0x080097e9       0x6a ./Board_Component/Letter_Shell/log.o
 .rodata.__FUNCTION__.5372
                0x08009853        0xc ./Board_Component/Letter_Shell/log.o
 .rodata.shellCmdhexdump
                0x0800985f        0x8 ./Board_Component/Letter_Shell/log.o
                0x0800985f                shellCmdhexdump
 .rodata.shellCmdlogSetLevel
                0x08009867        0xc ./Board_Component/Letter_Shell/log.o
                0x08009867                shellCmdlogSetLevel
 .rodata.shellDeschexdump
                0x08009873       0x2e ./Board_Component/Letter_Shell/log.o
                0x08009873                shellDeschexdump
 .rodata.shellDesclogSetLevel
                0x080098a1       0x2a ./Board_Component/Letter_Shell/log.o
                0x080098a1                shellDesclogSetLevel
 .rodata.shellWritePrompt.str1.1
                0x080098cb       0x1c ./Board_Component/Letter_Shell/shell.o
                                 0x21 (size before relaxing)
 .rodata.shellClear.str1.1
                0x080098e7        0x9 ./Board_Component/Letter_Shell/shell.o
 .rodata.shellWriteReturnValue.str1.1
                0x080098f0       0x1a ./Board_Component/Letter_Shell/shell.o
 .rodata.shellListItem.str1.1
                0x0800990a       0x20 ./Board_Component/Letter_Shell/shell.o
 .rodata.shellListCommand.str1.1
                0x0800992a       0x12 ./Board_Component/Letter_Shell/shell.o
 .rodata.shellListVar.str1.1
                0x0800993c        0xe ./Board_Component/Letter_Shell/shell.o
 .rodata.shellListUser.str1.1
                0x0800994a        0xf ./Board_Component/Letter_Shell/shell.o
 .rodata.shellListKey.str1.1
                0x08009959        0xe ./Board_Component/Letter_Shell/shell.o
 .rodata.shellDeleteCommandLine.str1.1
                0x08009967        0x4 ./Board_Component/Letter_Shell/shell.o
 .rodata.shellInsertByte.str1.1
                0x0800996b       0x21 ./Board_Component/Letter_Shell/shell.o
 .rodata.shellHelp.str1.1
                0x0800998c       0x25 ./Board_Component/Letter_Shell/shell.o
 .rodata.shellShowVar.str1.1
                0x080099b1        0x6 ./Board_Component/Letter_Shell/shell.o
 .rodata.shellSetVarValue.str1.1
                0x080099b7       0x2e ./Board_Component/Letter_Shell/shell.o
 .rodata.shellSetVar.str1.1
                0x080099e5       0x20 ./Board_Component/Letter_Shell/shell.o
 .rodata.shellSetUser.str1.1
                0x08009a05      0x183 ./Board_Component/Letter_Shell/shell.o
 .rodata.shellInit.str1.1
                0x08009b88        0x6 ./Board_Component/Letter_Shell/shell.o
 .rodata.shellExec.str1.1
                0x08009b8e       0x13 ./Board_Component/Letter_Shell/shell.o
 .rodata.shellWriteEndLine.str1.1
                0x08009ba1        0x6 ./Board_Component/Letter_Shell/shell.o
 .rodata.shellCmdDefaultUser
                0x08009ba7        0x6 ./Board_Component/Letter_Shell/shell.o
                0x08009ba7                shellCmdDefaultUser
 .rodata.shellCmdclear
                0x08009bad        0x6 ./Board_Component/Letter_Shell/shell.o
                0x08009bad                shellCmdclear
 .rodata.shellCmdcmds
                0x08009bb3        0x5 ./Board_Component/Letter_Shell/shell.o
                0x08009bb3                shellCmdcmds
 .rodata.shellCmdhelp
                0x08009bb8        0x5 ./Board_Component/Letter_Shell/shell.o
                0x08009bb8                shellCmdhelp
 .rodata.shellCmdkeys
                0x08009bbd        0x5 ./Board_Component/Letter_Shell/shell.o
                0x08009bbd                shellCmdkeys
 .rodata.shellCmdsetVar
                0x08009bc2        0x7 ./Board_Component/Letter_Shell/shell.o
                0x08009bc2                shellCmdsetVar
 .rodata.shellCmdusers
                0x08009bc9        0x6 ./Board_Component/Letter_Shell/shell.o
                0x08009bc9                shellCmdusers
 .rodata.shellCmdvars
                0x08009bcf        0x5 ./Board_Component/Letter_Shell/shell.o
                0x08009bcf                shellCmdvars
 .rodata.shellDesDefaultUser
                0x08009bd4        0xd ./Board_Component/Letter_Shell/shell.o
                0x08009bd4                shellDesDefaultUser
 .rodata.shellDesc0x08000000